03:33:07 **** Incremental Build of configuration Debug for project RTOS_2 ****
make -j16 all 
arm-none-eabi-gcc "../Core/Src/main.c" -mcpu=cortex-m4 -std=gnu11 -g3 -DDEBUG -DUSE_HAL_DRIVER -DSTM32F411xE -c -I../Core/Inc -I../Drivers/STM32F4xx_HAL_Driver/Inc -I../Drivers/STM32F4xx_HAL_Driver/Inc/Legacy -I../Drivers/CMSIS/Device/ST/STM32F4xx/Include -I../Drivers/CMSIS/Include -I../Middlewares/Third_Party/FreeRTOS/Source/include -I../Middlewares/Third_Party/FreeRTOS/Source/CMSIS_RTOS -I../Middlewares/Third_Party/FreeRTOS/Source/portable/GCC/ARM_CM4F -O0 -ffunction-sections -fdata-sections -Wall -fstack-usage -MMD -MP -MF"Core/Src/main.d" -MT"Core/Src/main.o" --specs=nano.specs -mfpu=fpv4-sp-d16 -mfloat-abi=hard -mthumb -o "Core/Src/main.o"
arm-none-eabi-gcc -o "RTOS_2.elf" @"objects.list"   -mcpu=cortex-m4 -T"C:\Users\XPS\Documents\My_lessons\STM32_Lesson\STM_IDE\RTOS_2\RTOS_2\STM32F411RETX_FLASH.ld" --specs=nosys.specs -Wl,-Map="RTOS_2.map" -Wl,--gc-sections -static --specs=nano.specs -mfpu=fpv4-sp-d16 -mfloat-abi=hard -mthumb -Wl,--start-group -lc -lm -Wl,--end-group
Finished building target: RTOS_2.elf
 
arm-none-eabi-size   RTOS_2.elf 
arm-none-eabi-objdump -h -S  RTOS_2.elf  > "RTOS_2.list"
   text	   data	    bss	    dec	    hex	filename
  16836	    124	  17972	  34932	   8874	RTOS_2.elf
Finished building: default.size.stdout
 
Finished building: RTOS_2.list
 
