Archive member included to satisfy reference by file (symbol)

c:/st/stm32cubeide_1.9.0/stm32cubeide/plugins/com.st.stm32cube.ide.mcu.externaltools.gnu-tools-for-stm32.10.3-2021.10.win32_1.0.100.202210260954/tools/bin/../lib/gcc/arm-none-eabi/10.3.1/../../../../arm-none-eabi/lib/thumb/v7e-m+fp/hard\libc_nano.a(lib_a-errno.o)
                              ./Core/Src/syscalls.o (__errno)
c:/st/stm32cubeide_1.9.0/stm32cubeide/plugins/com.st.stm32cube.ide.mcu.externaltools.gnu-tools-for-stm32.10.3-2021.10.win32_1.0.100.202210260954/tools/bin/../lib/gcc/arm-none-eabi/10.3.1/../../../../arm-none-eabi/lib/thumb/v7e-m+fp/hard\libc_nano.a(lib_a-exit.o)
                              c:/st/stm32cubeide_1.9.0/stm32cubeide/plugins/com.st.stm32cube.ide.mcu.externaltools.gnu-tools-for-stm32.10.3-2021.10.win32_1.0.100.202210260954/tools/bin/../lib/gcc/arm-none-eabi/10.3.1/../../../../arm-none-eabi/lib/thumb/v7e-m+fp/hard/crt0.o (exit)
c:/st/stm32cubeide_1.9.0/stm32cubeide/plugins/com.st.stm32cube.ide.mcu.externaltools.gnu-tools-for-stm32.10.3-2021.10.win32_1.0.100.202210260954/tools/bin/../lib/gcc/arm-none-eabi/10.3.1/../../../../arm-none-eabi/lib/thumb/v7e-m+fp/hard\libc_nano.a(lib_a-impure.o)
                              c:/st/stm32cubeide_1.9.0/stm32cubeide/plugins/com.st.stm32cube.ide.mcu.externaltools.gnu-tools-for-stm32.10.3-2021.10.win32_1.0.100.202210260954/tools/bin/../lib/gcc/arm-none-eabi/10.3.1/../../../../arm-none-eabi/lib/thumb/v7e-m+fp/hard\libc_nano.a(lib_a-exit.o) (_global_impure_ptr)
c:/st/stm32cubeide_1.9.0/stm32cubeide/plugins/com.st.stm32cube.ide.mcu.externaltools.gnu-tools-for-stm32.10.3-2021.10.win32_1.0.100.202210260954/tools/bin/../lib/gcc/arm-none-eabi/10.3.1/../../../../arm-none-eabi/lib/thumb/v7e-m+fp/hard\libc_nano.a(lib_a-init.o)
                              c:/st/stm32cubeide_1.9.0/stm32cubeide/plugins/com.st.stm32cube.ide.mcu.externaltools.gnu-tools-for-stm32.10.3-2021.10.win32_1.0.100.202210260954/tools/bin/../lib/gcc/arm-none-eabi/10.3.1/../../../../arm-none-eabi/lib/thumb/v7e-m+fp/hard/crt0.o (__libc_init_array)
c:/st/stm32cubeide_1.9.0/stm32cubeide/plugins/com.st.stm32cube.ide.mcu.externaltools.gnu-tools-for-stm32.10.3-2021.10.win32_1.0.100.202210260954/tools/bin/../lib/gcc/arm-none-eabi/10.3.1/../../../../arm-none-eabi/lib/thumb/v7e-m+fp/hard\libc_nano.a(lib_a-memcpy-stub.o)
                              ./Middlewares/Third_Party/FreeRTOS/Source/CMSIS_RTOS_V2/cmsis_os2.o (memcpy)
c:/st/stm32cubeide_1.9.0/stm32cubeide/plugins/com.st.stm32cube.ide.mcu.externaltools.gnu-tools-for-stm32.10.3-2021.10.win32_1.0.100.202210260954/tools/bin/../lib/gcc/arm-none-eabi/10.3.1/../../../../arm-none-eabi/lib/thumb/v7e-m+fp/hard\libc_nano.a(lib_a-memset.o)
                              c:/st/stm32cubeide_1.9.0/stm32cubeide/plugins/com.st.stm32cube.ide.mcu.externaltools.gnu-tools-for-stm32.10.3-2021.10.win32_1.0.100.202210260954/tools/bin/../lib/gcc/arm-none-eabi/10.3.1/../../../../arm-none-eabi/lib/thumb/v7e-m+fp/hard/crt0.o (memset)

Discarded input sections

 .text          0x0000000000000000        0x0 c:/st/stm32cubeide_1.9.0/stm32cubeide/plugins/com.st.stm32cube.ide.mcu.externaltools.gnu-tools-for-stm32.10.3-2021.10.win32_1.0.100.202210260954/tools/bin/../lib/gcc/arm-none-eabi/10.3.1/thumb/v7e-m+fp/hard/crti.o
 .data          0x0000000000000000        0x0 c:/st/stm32cubeide_1.9.0/stm32cubeide/plugins/com.st.stm32cube.ide.mcu.externaltools.gnu-tools-for-stm32.10.3-2021.10.win32_1.0.100.202210260954/tools/bin/../lib/gcc/arm-none-eabi/10.3.1/thumb/v7e-m+fp/hard/crti.o
 .bss           0x0000000000000000        0x0 c:/st/stm32cubeide_1.9.0/stm32cubeide/plugins/com.st.stm32cube.ide.mcu.externaltools.gnu-tools-for-stm32.10.3-2021.10.win32_1.0.100.202210260954/tools/bin/../lib/gcc/arm-none-eabi/10.3.1/thumb/v7e-m+fp/hard/crti.o
 .data          0x0000000000000000        0x4 c:/st/stm32cubeide_1.9.0/stm32cubeide/plugins/com.st.stm32cube.ide.mcu.externaltools.gnu-tools-for-stm32.10.3-2021.10.win32_1.0.100.202210260954/tools/bin/../lib/gcc/arm-none-eabi/10.3.1/thumb/v7e-m+fp/hard/crtbegin.o
 .rodata        0x0000000000000000       0x24 c:/st/stm32cubeide_1.9.0/stm32cubeide/plugins/com.st.stm32cube.ide.mcu.externaltools.gnu-tools-for-stm32.10.3-2021.10.win32_1.0.100.202210260954/tools/bin/../lib/gcc/arm-none-eabi/10.3.1/thumb/v7e-m+fp/hard/crtbegin.o
 .text          0x0000000000000000       0x7c c:/st/stm32cubeide_1.9.0/stm32cubeide/plugins/com.st.stm32cube.ide.mcu.externaltools.gnu-tools-for-stm32.10.3-2021.10.win32_1.0.100.202210260954/tools/bin/../lib/gcc/arm-none-eabi/10.3.1/../../../../arm-none-eabi/lib/thumb/v7e-m+fp/hard/crt0.o
 .data          0x0000000000000000        0x0 c:/st/stm32cubeide_1.9.0/stm32cubeide/plugins/com.st.stm32cube.ide.mcu.externaltools.gnu-tools-for-stm32.10.3-2021.10.win32_1.0.100.202210260954/tools/bin/../lib/gcc/arm-none-eabi/10.3.1/../../../../arm-none-eabi/lib/thumb/v7e-m+fp/hard/crt0.o
[...]
Memory Configuration

Name             Origin             Length             Attributes
CCMRAM           0x0000000010000000 0x0000000000002000 xrw
RAM              0x0000000020000000 0x000000000000a000 xrw
FLASH            0x0000000008000000 0x0000000000040000 xr
*default*        0x0000000000000000 0xffffffffffffffff

Linker script and memory map

LOAD c:/st/stm32cubeide_1.9.0/stm32cubeide/plugins/com.st.stm32cube.ide.mcu.externaltools.gnu-tools-for-stm32.10.3-2021.10.win32_1.0.100.202210260954/tools/bin/../lib/gcc/arm-none-eabi/10.3.1/thumb/v7e-m+fp/hard/crti.o
LOAD c:/st/stm32cubeide_1.9.0/stm32cubeide/plugins/com.st.stm32cube.ide.mcu.externaltools.gnu-tools-for-stm32.10.3-2021.10.win32_1.0.100.202210260954/tools/bin/../lib/gcc/arm-none-eabi/10.3.1/thumb/v7e-m+fp/hard/crtbegin.o
LOAD c:/st/stm32cubeide_1.9.0/stm32cubeide/plugins/com.st.stm32cube.ide.mcu.externaltools.gnu-tools-for-stm32.10.3-2021.10.win32_1.0.100.202210260954/tools/bin/../lib/gcc/arm-none-eabi/10.3.1/../../../../arm-none-eabi/lib/thumb/v7e-m+fp/hard/crt0.o
LOAD ./Core/Src/freertos.o
LOAD ./Core/Src/main.o
LOAD ./Core/Src/stm32f3xx_hal_msp.o
LOAD ./Core/Src/stm32f3xx_hal_timebase_tim.o
LOAD ./Core/Src/stm32f3xx_it.o
LOAD ./Core/Src/syscalls.o
LOAD ./Core/Src/sysmem.o
LOAD ./Core/Src/system_stm32f3xx.o
LOAD ./Core/Startup/startup_stm32f303vctx.o
LOAD ./Drivers/STM32F3xx_HAL_Driver/Src/stm32f3xx_hal.o
LOAD ./Drivers/STM32F3xx_HAL_Driver/Src/stm32f3xx_hal_cortex.o
LOAD ./Drivers/STM32F3xx_HAL_Driver/Src/stm32f3xx_hal_dma.o
LOAD ./Drivers/STM32F3xx_HAL_Driver/Src/stm32f3xx_hal_exti.o
LOAD ./Drivers/STM32F3xx_HAL_Driver/Src/stm32f3xx_hal_flash.o
LOAD ./Drivers/STM32F3xx_HAL_Driver/Src/stm32f3xx_hal_flash_ex.o
LOAD ./Drivers/STM32F3xx_HAL_Driver/Src/stm32f3xx_hal_gpio.o
LOAD ./Drivers/STM32F3xx_HAL_Driver/Src/stm32f3xx_hal_i2c.o
LOAD ./Drivers/STM32F3xx_HAL_Driver/Src/stm32f3xx_hal_i2c_ex.o
LOAD ./Drivers/STM32F3xx_HAL_Driver/Src/stm32f3xx_hal_pwr.o
LOAD ./Drivers/STM32F3xx_HAL_Driver/Src/stm32f3xx_hal_pwr_ex.o
LOAD ./Drivers/STM32F3xx_HAL_Driver/Src/stm32f3xx_hal_rcc.o
LOAD ./Drivers/STM32F3xx_HAL_Driver/Src/stm32f3xx_hal_rcc_ex.o
LOAD ./Drivers/STM32F3xx_HAL_Driver/Src/stm32f3xx_hal_tim.o
LOAD ./Drivers/STM32F3xx_HAL_Driver/Src/stm32f3xx_hal_tim_ex.o
LOAD ./Drivers/STM32F3xx_HAL_Driver/Src/stm32f3xx_hal_uart.o
LOAD ./Drivers/STM32F3xx_HAL_Driver/Src/stm32f3xx_hal_uart_ex.o
LOAD ./Middlewares/Third_Party/FreeRTOS/Source/CMSIS_RTOS_V2/cmsis_os2.o
LOAD ./Middlewares/Third_Party/FreeRTOS/Source/croutine.o
LOAD ./Middlewares/Third_Party/FreeRTOS/Source/event_groups.o
LOAD ./Middlewares/Third_Party/FreeRTOS/Source/list.o
LOAD ./Middlewares/Third_Party/FreeRTOS/Source/queue.o
LOAD ./Middlewares/Third_Party/FreeRTOS/Source/stream_buffer.o
LOAD ./Middlewares/Third_Party/FreeRTOS/Source/tasks.o
LOAD ./Middlewares/Third_Party/FreeRTOS/Source/timers.o
LOAD ./Middlewares/Third_Party/FreeRTOS/Source/portable/GCC/ARM_CM4F/port.o
LOAD ./Middlewares/Third_Party/FreeRTOS/Source/portable/MemMang/heap_4.o
START GROUP
LOAD c:/st/stm32cubeide_1.9.0/stm32cubeide/plugins/com.st.stm32cube.ide.mcu.externaltools.gnu-tools-for-stm32.10.3-2021.10.win32_1.0.100.202210260954/tools/bin/../lib/gcc/arm-none-eabi/10.3.1/../../../../arm-none-eabi/lib/thumb/v7e-m+fp/hard\libc_nano.a
LOAD c:/st/stm32cubeide_1.9.0/stm32cubeide/plugins/com.st.stm32cube.ide.mcu.externaltools.gnu-tools-for-stm32.10.3-2021.10.win32_1.0.100.202210260954/tools/bin/../lib/gcc/arm-none-eabi/10.3.1/../../../../arm-none-eabi/lib/thumb/v7e-m+fp/hard\libm.a
END GROUP
START GROUP
LOAD c:/st/stm32cubeide_1.9.0/stm32cubeide/plugins/com.st.stm32cube.ide.mcu.externaltools.gnu-tools-for-stm32.10.3-2021.10.win32_1.0.100.202210260954/tools/bin/../lib/gcc/arm-none-eabi/10.3.1/thumb/v7e-m+fp/hard\libgcc.a
LOAD c:/st/stm32cubeide_1.9.0/stm32cubeide/plugins/com.st.stm32cube.ide.mcu.externaltools.gnu-tools-for-stm32.10.3-2021.10.win32_1.0.100.202210260954/tools/bin/../lib/gcc/arm-none-eabi/10.3.1/../../../../arm-none-eabi/lib/thumb/v7e-m+fp/hard\libc_nano.a
END GROUP
START GROUP
LOAD c:/st/stm32cubeide_1.9.0/stm32cubeide/plugins/com.st.stm32cube.ide.mcu.externaltools.gnu-tools-for-stm32.10.3-2021.10.win32_1.0.100.202210260954/tools/bin/../lib/gcc/arm-none-eabi/10.3.1/thumb/v7e-m+fp/hard\libgcc.a
LOAD c:/st/stm32cubeide_1.9.0/stm32cubeide/plugins/com.st.stm32cube.ide.mcu.externaltools.gnu-tools-for-stm32.10.3-2021.10.win32_1.0.100.202210260954/tools/bin/../lib/gcc/arm-none-eabi/10.3.1/../../../../arm-none-eabi/lib/thumb/v7e-m+fp/hard\libc_nano.a
LOAD c:/st/stm32cubeide_1.9.0/stm32cubeide/plugins/com.st.stm32cube.ide.mcu.externaltools.gnu-tools-for-stm32.10.3-2021.10.win32_1.0.100.202210260954/tools/bin/../lib/gcc/arm-none-eabi/10.3.1/../../../../arm-none-eabi/lib/thumb/v7e-m+fp/hard\libnosys.a
END GROUP
START GROUP
LOAD c:/st/stm32cubeide_1.9.0/stm32cubeide/plugins/com.st.stm32cube.ide.mcu.externaltools.gnu-tools-for-stm32.10.3-2021.10.win32_1.0.100.202210260954/tools/bin/../lib/gcc/arm-none-eabi/10.3.1/thumb/v7e-m+fp/hard\libgcc.a
LOAD c:/st/stm32cubeide_1.9.0/stm32cubeide/plugins/com.st.stm32cube.ide.mcu.externaltools.gnu-tools-for-stm32.10.3-2021.10.win32_1.0.100.202210260954/tools/bin/../lib/gcc/arm-none-eabi/10.3.1/../../../../arm-none-eabi/lib/thumb/v7e-m+fp/hard\libc_nano.a
LOAD c:/st/stm32cubeide_1.9.0/stm32cubeide/plugins/com.st.stm32cube.ide.mcu.externaltools.gnu-tools-for-stm32.10.3-2021.10.win32_1.0.100.202210260954/tools/bin/../lib/gcc/arm-none-eabi/10.3.1/../../../../arm-none-eabi/lib/thumb/v7e-m+fp/hard\libnosys.a
END GROUP
LOAD c:/st/stm32cubeide_1.9.0/stm32cubeide/plugins/com.st.stm32cube.ide.mcu.externaltools.gnu-tools-for-stm32.10.3-2021.10.win32_1.0.100.202210260954/tools/bin/../lib/gcc/arm-none-eabi/10.3.1/thumb/v7e-m+fp/hard/crtend.o
LOAD c:/st/stm32cubeide_1.9.0/stm32cubeide/plugins/com.st.stm32cube.ide.mcu.externaltools.gnu-tools-for-stm32.10.3-2021.10.win32_1.0.100.202210260954/tools/bin/../lib/gcc/arm-none-eabi/10.3.1/thumb/v7e-m+fp/hard/crtn.o
                0x000000002000a000                _estack = (ORIGIN (RAM) + LENGTH (RAM))
                0x0000000000000200                _Min_Heap_Size = 0x200
                0x0000000000000400                _Min_Stack_Size = 0x400

.isr_vector     0x0000000008000000      0x188
                0x0000000008000000                . = ALIGN (0x4)
 *(.isr_vector)
 .isr_vector    0x0000000008000000      0x188 ./Core/Startup/startup_stm32f303vctx.o
                0x0000000008000000                g_pfnVectors
                0x0000000008000188                . = ALIGN (0x4)

.text           0x0000000008000190     0x5d98
                0x0000000008000190                . = ALIGN (0x4)
 *(.text)
 .text          0x0000000008000190       0x40 c:/st/stm32cubeide_1.9.0/stm32cubeide/plugins/com.st.stm32cube.ide.mcu.externaltools.gnu-tools-for-stm32.10.3-2021.10.win32_1.0.100.202210260954/tools/bin/../lib/gcc/arm-none-eabi/10.3.1/thumb/v7e-m+fp/hard/crtbegin.o
 *(.text*)
 .text.main     0x00000000080001d0       0xac ./Core/Src/main.o
                0x00000000080001d0                main
 .text.vTask1   0x000000000800027c       0x50 ./Core/Src/main.o
                0x000000000800027c                vTask1
 .text.vTask2   0x00000000080002cc       0x50 ./Core/Src/main.o
                0x00000000080002cc                vTask2
 .text.vTask3   0x000000000800031c       0x50 ./Core/Src/main.o
                0x000000000800031c                vTask3
 .text.vTask4   0x000000000800036c       0x50 ./Core/Src/main.o
                0x000000000800036c                vTask4
 .text.SystemClock_Config
                0x00000000080003bc       0xb4 ./Core/Src/main.o
                0x00000000080003bc                SystemClock_Config
 .text.MX_USART2_UART_Init
                0x0000000008000470       0x60 ./Core/Src/main.o
 .text.MX_GPIO_Init
                0x00000000080004d0      0x168 ./Core/Src/main.o
 .text.HAL_TIM_PeriodElapsedCallback
                0x0000000008000638       0x24 ./Core/Src/main.o
                0x0000000008000638                HAL_TIM_PeriodElapsedCallback
 .text.Error_Handler
                0x000000000800065c        0xa ./Core/Src/main.o
                0x000000000800065c                Error_Handler
 *fill*         0x0000000008000666        0x2 
 .text.HAL_MspInit
                0x0000000008000668       0x50 ./Core/Src/stm32f3xx_hal_msp.o
                0x0000000008000668                HAL_MspInit
 .text.HAL_UART_MspInit
                0x00000000080006b8       0x84 ./Core/Src/stm32f3xx_hal_msp.o
                0x00000000080006b8                HAL_UART_MspInit
 .text.HAL_InitTick
                0x000000000800073c       0xe0 ./Core/Src/stm32f3xx_hal_timebase_tim.o
                0x000000000800073c                HAL_InitTick
 .text.NMI_Handler
                0x000000000800081c        0x6 ./Core/Src/stm32f3xx_it.o
                0x000000000800081c                NMI_Handler
 .text.HardFault_Handler
                0x0000000008000822        0x6 ./Core/Src/stm32f3xx_it.o
                0x0000000008000822                HardFault_Handler
 .text.MemManage_Handler
                0x0000000008000828        0x6 ./Core/Src/stm32f3xx_it.o
                0x0000000008000828                MemManage_Handler
 .text.BusFault_Handler
                0x000000000800082e        0x6 ./Core/Src/stm32f3xx_it.o
                0x000000000800082e                BusFault_Handler
 .text.UsageFault_Handler
                0x0000000008000834        0x6 ./Core/Src/stm32f3xx_it.o
                0x0000000008000834                UsageFault_Handler
 .text.DebugMon_Handler
                0x000000000800083a        0xe ./Core/Src/stm32f3xx_it.o
                0x000000000800083a                DebugMon_Handler
 .text.TIM1_UP_TIM16_IRQHandler
                0x0000000008000848       0x14 ./Core/Src/stm32f3xx_it.o
                0x0000000008000848                TIM1_UP_TIM16_IRQHandler
 .text.SystemInit
                0x000000000800085c       0x24 ./Core/Src/system_stm32f3xx.o
                0x000000000800085c                SystemInit
 .text.Reset_Handler
                0x0000000008000880       0x50 ./Core/Startup/startup_stm32f303vctx.o
                0x0000000008000880                Reset_Handler
 .text.Default_Handler
                0x00000000080008d0        0x2 ./Core/Startup/startup_stm32f303vctx.o
                0x00000000080008d0                RTC_Alarm_IRQHandler
                0x00000000080008d0                TIM8_TRG_COM_IRQHandler
                0x00000000080008d0                TIM8_CC_IRQHandler
                0x00000000080008d0                TIM1_CC_IRQHandler
                0x00000000080008d0                USB_HP_IRQHandler
                0x00000000080008d0                PVD_IRQHandler
                0x00000000080008d0                TAMP_STAMP_IRQHandler
                0x00000000080008d0                EXTI3_IRQHandler
                0x00000000080008d0                USB_HP_CAN_TX_IRQHandler
                0x00000000080008d0                EXTI0_IRQHandler
                0x00000000080008d0                I2C2_EV_IRQHandler
                0x00000000080008d0                FPU_IRQHandler
                0x00000000080008d0                ADC1_2_IRQHandler
                0x00000000080008d0                SPI1_IRQHandler
                0x00000000080008d0                CAN_SCE_IRQHandler
                0x00000000080008d0                TIM6_DAC_IRQHandler
                0x00000000080008d0                TIM8_UP_IRQHandler
                0x00000000080008d0                DMA2_Channel2_IRQHandler
                0x00000000080008d0                DMA1_Channel4_IRQHandler
                0x00000000080008d0                USART3_IRQHandler
                0x00000000080008d0                DMA1_Channel7_IRQHandler
                0x00000000080008d0                UART5_IRQHandler
                0x00000000080008d0                ADC3_IRQHandler
                0x00000000080008d0                TIM4_IRQHandler
                0x00000000080008d0                CAN_RX1_IRQHandler
                0x00000000080008d0                DMA2_Channel1_IRQHandler
                0x00000000080008d0                I2C1_EV_IRQHandler
                0x00000000080008d0                DMA1_Channel6_IRQHandler
                0x00000000080008d0                UART4_IRQHandler
                0x00000000080008d0                DMA2_Channel4_IRQHandler
                0x00000000080008d0                TIM3_IRQHandler
                0x00000000080008d0                RCC_IRQHandler
                0x00000000080008d0                DMA1_Channel1_IRQHandler
                0x00000000080008d0                Default_Handler
                0x00000000080008d0                USBWakeUp_RMP_IRQHandler
                0x00000000080008d0                EXTI15_10_IRQHandler
                0x00000000080008d0                TIM7_IRQHandler
                0x00000000080008d0                EXTI9_5_IRQHandler
                0x00000000080008d0                RTC_WKUP_IRQHandler
                0x00000000080008d0                SPI2_IRQHandler
                0x00000000080008d0                USB_LP_CAN_RX0_IRQHandler
                0x00000000080008d0                DMA2_Channel5_IRQHandler
                0x00000000080008d0                DMA1_Channel5_IRQHandler
                0x00000000080008d0                USB_LP_IRQHandler
                0x00000000080008d0                EXTI4_IRQHandler
                0x00000000080008d0                TIM1_TRG_COM_TIM17_IRQHandler
                0x00000000080008d0                DMA1_Channel3_IRQHandler
                0x00000000080008d0                ADC4_IRQHandler
                0x00000000080008d0                WWDG_IRQHandler
                0x00000000080008d0                TIM2_IRQHandler
                0x00000000080008d0                COMP7_IRQHandler
                0x00000000080008d0                COMP1_2_3_IRQHandler
                0x00000000080008d0                EXTI1_IRQHandler
                0x00000000080008d0                USART2_IRQHandler
                0x00000000080008d0                COMP4_5_6_IRQHandler
                0x00000000080008d0                I2C2_ER_IRQHandler
                0x00000000080008d0                DMA1_Channel2_IRQHandler
                0x00000000080008d0                TIM8_BRK_IRQHandler
                0x00000000080008d0                FLASH_IRQHandler
                0x00000000080008d0                USART1_IRQHandler
                0x00000000080008d0                SPI3_IRQHandler
                0x00000000080008d0                I2C1_ER_IRQHandler
                0x00000000080008d0                USBWakeUp_IRQHandler
                0x00000000080008d0                DMA2_Channel3_IRQHandler
                0x00000000080008d0                EXTI2_TSC_IRQHandler
                0x00000000080008d0                TIM1_BRK_TIM15_IRQHandler
 *fill*         0x00000000080008d2        0x2 
 .text.HAL_Init
                0x00000000080008d4       0x2c ./Drivers/STM32F3xx_HAL_Driver/Src/stm32f3xx_hal.o
                0x00000000080008d4                HAL_Init
 .text.HAL_IncTick
                0x0000000008000900       0x28 ./Drivers/STM32F3xx_HAL_Driver/Src/stm32f3xx_hal.o
                0x0000000008000900                HAL_IncTick
 .text.HAL_GetTick
                0x0000000008000928       0x18 ./Drivers/STM32F3xx_HAL_Driver/Src/stm32f3xx_hal.o
                0x0000000008000928                HAL_GetTick
 .text.__NVIC_SetPriorityGrouping
                0x0000000008000940       0x48 ./Drivers/STM32F3xx_HAL_Driver/Src/stm32f3xx_hal_cortex.o
 .text.__NVIC_GetPriorityGrouping
                0x0000000008000988       0x1c ./Drivers/STM32F3xx_HAL_Driver/Src/stm32f3xx_hal_cortex.o
 .text.__NVIC_EnableIRQ
                0x00000000080009a4       0x3c ./Drivers/STM32F3xx_HAL_Driver/Src/stm32f3xx_hal_cortex.o
 .text.__NVIC_SetPriority
                0x00000000080009e0       0x54 ./Drivers/STM32F3xx_HAL_Driver/Src/stm32f3xx_hal_cortex.o
 .text.NVIC_EncodePriority
                0x0000000008000a34       0x66 ./Drivers/STM32F3xx_HAL_Driver/Src/stm32f3xx_hal_cortex.o
 .text.HAL_NVIC_SetPriorityGrouping
                0x0000000008000a9a       0x16 ./Drivers/STM32F3xx_HAL_Driver/Src/stm32f3xx_hal_cortex.o
                0x0000000008000a9a                HAL_NVIC_SetPriorityGrouping
 .text.HAL_NVIC_SetPriority
                0x0000000008000ab0       0x38 ./Drivers/STM32F3xx_HAL_Driver/Src/stm32f3xx_hal_cortex.o
                0x0000000008000ab0                HAL_NVIC_SetPriority
 .text.HAL_NVIC_EnableIRQ
                0x0000000008000ae8       0x1c ./Drivers/STM32F3xx_HAL_Driver/Src/stm32f3xx_hal_cortex.o
                0x0000000008000ae8                HAL_NVIC_EnableIRQ
 .text.HAL_GPIO_Init
                0x0000000008000b04      0x2f4 ./Drivers/STM32F3xx_HAL_Driver/Src/stm32f3xx_hal_gpio.o
                0x0000000008000b04                HAL_GPIO_Init
 .text.HAL_GPIO_WritePin
                0x0000000008000df8       0x30 ./Drivers/STM32F3xx_HAL_Driver/Src/stm32f3xx_hal_gpio.o
                0x0000000008000df8                HAL_GPIO_WritePin
 .text.HAL_RCC_OscConfig
                0x0000000008000e28     0x107c ./Drivers/STM32F3xx_HAL_Driver/Src/stm32f3xx_hal_rcc.o
                0x0000000008000e28                HAL_RCC_OscConfig
 .text.HAL_RCC_ClockConfig
                0x0000000008001ea4      0x2f8 ./Drivers/STM32F3xx_HAL_Driver/Src/stm32f3xx_hal_rcc.o
                0x0000000008001ea4                HAL_RCC_ClockConfig
 .text.HAL_RCC_GetSysClockFreq
                0x000000000800219c       0xd4 ./Drivers/STM32F3xx_HAL_Driver/Src/stm32f3xx_hal_rcc.o
                0x000000000800219c                HAL_RCC_GetSysClockFreq
 .text.HAL_RCC_GetHCLKFreq
                0x0000000008002270       0x18 ./Drivers/STM32F3xx_HAL_Driver/Src/stm32f3xx_hal_rcc.o
                0x0000000008002270                HAL_RCC_GetHCLKFreq
 .text.HAL_RCC_GetPCLK1Freq
                0x0000000008002288       0x44 ./Drivers/STM32F3xx_HAL_Driver/Src/stm32f3xx_hal_rcc.o
                0x0000000008002288                HAL_RCC_GetPCLK1Freq
 .text.HAL_RCC_GetPCLK2Freq
                0x00000000080022cc       0x44 ./Drivers/STM32F3xx_HAL_Driver/Src/stm32f3xx_hal_rcc.o
                0x00000000080022cc                HAL_RCC_GetPCLK2Freq
 .text.HAL_RCC_GetClockConfig
                0x0000000008002310       0x64 ./Drivers/STM32F3xx_HAL_Driver/Src/stm32f3xx_hal_rcc.o
                0x0000000008002310                HAL_RCC_GetClockConfig
 .text.HAL_RCCEx_PeriphCLKConfig
                0x0000000008002374      0x360 ./Drivers/STM32F3xx_HAL_Driver/Src/stm32f3xx_hal_rcc_ex.o
                0x0000000008002374                HAL_RCCEx_PeriphCLKConfig
 .text.HAL_TIM_Base_Init
                0x00000000080026d4       0xae ./Drivers/STM32F3xx_HAL_Driver/Src/stm32f3xx_hal_tim.o
                0x00000000080026d4                HAL_TIM_Base_Init
 .text.HAL_TIM_Base_MspInit
                0x0000000008002782       0x14 ./Drivers/STM32F3xx_HAL_Driver/Src/stm32f3xx_hal_tim.o
                0x0000000008002782                HAL_TIM_Base_MspInit
 *fill*         0x0000000008002796        0x2 
 .text.HAL_TIM_Base_Start_IT
                0x0000000008002798       0xd4 ./Drivers/STM32F3xx_HAL_Driver/Src/stm32f3xx_hal_tim.o
                0x0000000008002798                HAL_TIM_Base_Start_IT
 .text.HAL_TIM_IRQHandler
                0x000000000800286c      0x23e ./Drivers/STM32F3xx_HAL_Driver/Src/stm32f3xx_hal_tim.o
                0x000000000800286c                HAL_TIM_IRQHandler
 .text.HAL_TIM_OC_DelayElapsedCallback
                0x0000000008002aaa       0x14 ./Drivers/STM32F3xx_HAL_Driver/Src/stm32f3xx_hal_tim.o
                0x0000000008002aaa                HAL_TIM_OC_DelayElapsedCallback
 .text.HAL_TIM_IC_CaptureCallback
                0x0000000008002abe       0x14 ./Drivers/STM32F3xx_HAL_Driver/Src/stm32f3xx_hal_tim.o
                0x0000000008002abe                HAL_TIM_IC_CaptureCallback
 .text.HAL_TIM_PWM_PulseFinishedCallback
                0x0000000008002ad2       0x14 ./Drivers/STM32F3xx_HAL_Driver/Src/stm32f3xx_hal_tim.o
                0x0000000008002ad2                HAL_TIM_PWM_PulseFinishedCallback
 .text.HAL_TIM_TriggerCallback
                0x0000000008002ae6       0x14 ./Drivers/STM32F3xx_HAL_Driver/Src/stm32f3xx_hal_tim.o
                0x0000000008002ae6                HAL_TIM_TriggerCallback
 *fill*         0x0000000008002afa        0x2 
 .text.TIM_Base_SetConfig
                0x0000000008002afc      0x120 ./Drivers/STM32F3xx_HAL_Driver/Src/stm32f3xx_hal_tim.o
                0x0000000008002afc                TIM_Base_SetConfig
 .text.HAL_TIMEx_CommutCallback
                0x0000000008002c1c       0x14 ./Drivers/STM32F3xx_HAL_Driver/Src/stm32f3xx_hal_tim_ex.o
                0x0000000008002c1c                HAL_TIMEx_CommutCallback
 .text.HAL_TIMEx_BreakCallback
                0x0000000008002c30       0x14 ./Drivers/STM32F3xx_HAL_Driver/Src/stm32f3xx_hal_tim_ex.o
                0x0000000008002c30                HAL_TIMEx_BreakCallback
 .text.HAL_TIMEx_Break2Callback
                0x0000000008002c44       0x14 ./Drivers/STM32F3xx_HAL_Driver/Src/stm32f3xx_hal_tim_ex.o
                0x0000000008002c44                HAL_TIMEx_Break2Callback
 .text.HAL_UART_Init
                0x0000000008002c58       0x9c ./Drivers/STM32F3xx_HAL_Driver/Src/stm32f3xx_hal_uart.o
                0x0000000008002c58                HAL_UART_Init
 .text.UART_SetConfig
                0x0000000008002cf4      0x3a8 ./Drivers/STM32F3xx_HAL_Driver/Src/stm32f3xx_hal_uart.o
                0x0000000008002cf4                UART_SetConfig
 .text.UART_AdvFeatureConfig
                0x000000000800309c      0x144 ./Drivers/STM32F3xx_HAL_Driver/Src/stm32f3xx_hal_uart.o
                0x000000000800309c                UART_AdvFeatureConfig
 .text.UART_CheckIdleState
                0x00000000080031e0      0x150 ./Drivers/STM32F3xx_HAL_Driver/Src/stm32f3xx_hal_uart.o
                0x00000000080031e0                UART_CheckIdleState
 .text.UART_WaitOnFlagUntilTimeout
                0x0000000008003330       0xce ./Drivers/STM32F3xx_HAL_Driver/Src/stm32f3xx_hal_uart.o
                0x0000000008003330                UART_WaitOnFlagUntilTimeout
 .text.UART_EndRxTransfer
                0x00000000080033fe       0xc8 ./Drivers/STM32F3xx_HAL_Driver/Src/stm32f3xx_hal_uart.o
 *fill*         0x00000000080034c6        0x2 
 .text.vApplicationGetIdleTaskMemory
                0x00000000080034c8       0x34 ./Middlewares/Third_Party/FreeRTOS/Source/CMSIS_RTOS_V2/cmsis_os2.o
                0x00000000080034c8                vApplicationGetIdleTaskMemory
 .text.vApplicationGetTimerTaskMemory
                0x00000000080034fc       0x34 ./Middlewares/Third_Party/FreeRTOS/Source/CMSIS_RTOS_V2/cmsis_os2.o
                0x00000000080034fc                vApplicationGetTimerTaskMemory
 .text.vListInitialise
                0x0000000008003530       0x40 ./Middlewares/Third_Party/FreeRTOS/Source/list.o
                0x0000000008003530                vListInitialise
 .text.vListInitialiseItem
                0x0000000008003570       0x1a ./Middlewares/Third_Party/FreeRTOS/Source/list.o
                0x0000000008003570                vListInitialiseItem
 .text.vListInsertEnd
                0x000000000800358a       0x48 ./Middlewares/Third_Party/FreeRTOS/Source/list.o
                0x000000000800358a                vListInsertEnd
 .text.vListInsert
                0x00000000080035d2       0x72 ./Middlewares/Third_Party/FreeRTOS/Source/list.o
                0x00000000080035d2                vListInsert
 .text.uxListRemove
                0x0000000008003644       0x54 ./Middlewares/Third_Party/FreeRTOS/Source/list.o
                0x0000000008003644                uxListRemove
 .text.xQueueGenericReset
                0x0000000008003698       0xd0 ./Middlewares/Third_Party/FreeRTOS/Source/queue.o
                0x0000000008003698                xQueueGenericReset
 .text.xQueueGenericCreateStatic
                0x0000000008003768       0xee ./Middlewares/Third_Party/FreeRTOS/Source/queue.o
                0x0000000008003768                xQueueGenericCreateStatic
 .text.prvInitialiseNewQueue
                0x0000000008003856       0x46 ./Middlewares/Third_Party/FreeRTOS/Source/queue.o
 .text.xQueueGenericSend
                0x000000000800389c      0x1fc ./Middlewares/Third_Party/FreeRTOS/Source/queue.o
                0x000000000800389c                xQueueGenericSend
 .text.xQueueGenericSendFromISR
                0x0000000008003a98      0x130 ./Middlewares/Third_Party/FreeRTOS/Source/queue.o
                0x0000000008003a98                xQueueGenericSendFromISR
 .text.xQueueReceive
                0x0000000008003bc8      0x1c0 ./Middlewares/Third_Party/FreeRTOS/Source/queue.o
                0x0000000008003bc8                xQueueReceive
 .text.prvCopyDataToQueue
                0x0000000008003d88       0xd4 ./Middlewares/Third_Party/FreeRTOS/Source/queue.o
 .text.prvCopyDataFromQueue
                0x0000000008003e5c       0x4c ./Middlewares/Third_Party/FreeRTOS/Source/queue.o
 .text.prvUnlockQueue
                0x0000000008003ea8       0xa4 ./Middlewares/Third_Party/FreeRTOS/Source/queue.o
 .text.prvIsQueueEmpty
                0x0000000008003f4c       0x2c ./Middlewares/Third_Party/FreeRTOS/Source/queue.o
 .text.prvIsQueueFull
                0x0000000008003f78       0x30 ./Middlewares/Third_Party/FreeRTOS/Source/queue.o
 .text.vQueueAddToRegistry
                0x0000000008003fa8       0x54 ./Middlewares/Third_Party/FreeRTOS/Source/queue.o
                0x0000000008003fa8                vQueueAddToRegistry
 .text.vQueueWaitForMessageRestricted
                0x0000000008003ffc       0x68 ./Middlewares/Third_Party/FreeRTOS/Source/queue.o
                0x0000000008003ffc                vQueueWaitForMessageRestricted
 .text.xTaskCreateStatic
                0x0000000008004064       0xb8 ./Middlewares/Third_Party/FreeRTOS/Source/tasks.o
                0x0000000008004064                xTaskCreateStatic
 .text.xTaskCreate
                0x000000000800411c       0x8a ./Middlewares/Third_Party/FreeRTOS/Source/tasks.o
                0x000000000800411c                xTaskCreate
 .text.prvInitialiseNewTask
                0x00000000080041a6      0x10e ./Middlewares/Third_Party/FreeRTOS/Source/tasks.o
 .text.prvAddNewTaskToReadyList
                0x00000000080042b4       0xe0 ./Middlewares/Third_Party/FreeRTOS/Source/tasks.o
 .text.vTaskPrioritySet
                0x0000000008004394      0x144 ./Middlewares/Third_Party/FreeRTOS/Source/tasks.o
                0x0000000008004394                vTaskPrioritySet
 .text.vTaskSuspend
                0x00000000080044d8       0xec ./Middlewares/Third_Party/FreeRTOS/Source/tasks.o
                0x00000000080044d8                vTaskSuspend
 .text.vTaskStartScheduler
                0x00000000080045c4       0xcc ./Middlewares/Third_Party/FreeRTOS/Source/tasks.o
                0x00000000080045c4                vTaskStartScheduler
 .text.vTaskSuspendAll
                0x0000000008004690       0x1c ./Middlewares/Third_Party/FreeRTOS/Source/tasks.o
                0x0000000008004690                vTaskSuspendAll
 .text.xTaskResumeAll
                0x00000000080046ac      0x13c ./Middlewares/Third_Party/FreeRTOS/Source/tasks.o
                0x00000000080046ac                xTaskResumeAll
 .text.xTaskGetTickCount
                0x00000000080047e8       0x20 ./Middlewares/Third_Party/FreeRTOS/Source/tasks.o
                0x00000000080047e8                xTaskGetTickCount
 .text.xTaskIncrementTick
                0x0000000008004808      0x17c ./Middlewares/Third_Party/FreeRTOS/Source/tasks.o
                0x0000000008004808                xTaskIncrementTick
 .text.vTaskSwitchContext
                0x0000000008004984       0xbc ./Middlewares/Third_Party/FreeRTOS/Source/tasks.o
                0x0000000008004984                vTaskSwitchContext
 .text.vTaskPlaceOnEventList
                0x0000000008004a40       0x48 ./Middlewares/Third_Party/FreeRTOS/Source/tasks.o
                0x0000000008004a40                vTaskPlaceOnEventList
 .text.vTaskPlaceOnEventListRestricted
                0x0000000008004a88       0x58 ./Middlewares/Third_Party/FreeRTOS/Source/tasks.o
                0x0000000008004a88                vTaskPlaceOnEventListRestricted
 .text.xTaskRemoveFromEventList
                0x0000000008004ae0       0xc8 ./Middlewares/Third_Party/FreeRTOS/Source/tasks.o
                0x0000000008004ae0                xTaskRemoveFromEventList
 .text.vTaskInternalSetTimeOutState
                0x0000000008004ba8       0x2c ./Middlewares/Third_Party/FreeRTOS/Source/tasks.o
                0x0000000008004ba8                vTaskInternalSetTimeOutState
 .text.xTaskCheckForTimeOut
                0x0000000008004bd4       0xc4 ./Middlewares/Third_Party/FreeRTOS/Source/tasks.o
                0x0000000008004bd4                xTaskCheckForTimeOut
 .text.vTaskMissedYield
                0x0000000008004c98       0x18 ./Middlewares/Third_Party/FreeRTOS/Source/tasks.o
                0x0000000008004c98                vTaskMissedYield
 .text.prvIdleTask
                0x0000000008004cb0       0x30 ./Middlewares/Third_Party/FreeRTOS/Source/tasks.o
 .text.prvInitialiseTaskLists
                0x0000000008004ce0       0x80 ./Middlewares/Third_Party/FreeRTOS/Source/tasks.o
 .text.prvCheckTasksWaitingTermination
                0x0000000008004d60       0x5c ./Middlewares/Third_Party/FreeRTOS/Source/tasks.o
 .text.prvDeleteTCB
                0x0000000008004dbc       0x5e ./Middlewares/Third_Party/FreeRTOS/Source/tasks.o
 *fill*         0x0000000008004e1a        0x2 
 .text.prvResetNextTaskUnblockTime
                0x0000000008004e1c       0x4c ./Middlewares/Third_Party/FreeRTOS/Source/tasks.o
 .text.xTaskGetSchedulerState
                0x0000000008004e68       0x3c ./Middlewares/Third_Party/FreeRTOS/Source/tasks.o
                0x0000000008004e68                xTaskGetSchedulerState
 .text.xTaskPriorityDisinherit
                0x0000000008004ea4       0xdc ./Middlewares/Third_Party/FreeRTOS/Source/tasks.o
                0x0000000008004ea4                xTaskPriorityDisinherit
 .text.prvAddCurrentTaskToDelayedList
                0x0000000008004f80       0xa8 ./Middlewares/Third_Party/FreeRTOS/Source/tasks.o
 .text.xTimerCreateTimerTask
                0x0000000008005028       0x90 ./Middlewares/Third_Party/FreeRTOS/Source/timers.o
                0x0000000008005028                xTimerCreateTimerTask
 .text.xTimerGenericCommand
                0x00000000080050b8       0x9c ./Middlewares/Third_Party/FreeRTOS/Source/timers.o
                0x00000000080050b8                xTimerGenericCommand
 .text.prvProcessExpiredTimer
                0x0000000008005154       0x80 ./Middlewares/Third_Party/FreeRTOS/Source/timers.o
 .text.prvTimerTask
                0x00000000080051d4       0x24 ./Middlewares/Third_Party/FreeRTOS/Source/timers.o
 .text.prvProcessTimerOrBlockTask
                0x00000000080051f8       0x9c ./Middlewares/Third_Party/FreeRTOS/Source/timers.o
 .text.prvGetNextExpireTime
                0x0000000008005294       0x48 ./Middlewares/Third_Party/FreeRTOS/Source/timers.o
 .text.prvSampleTimeNow
                0x00000000080052dc       0x40 ./Middlewares/Third_Party/FreeRTOS/Source/timers.o
 .text.prvInsertTimerInActiveList
                0x000000000800531c       0x84 ./Middlewares/Third_Party/FreeRTOS/Source/timers.o
 .text.prvProcessReceivedCommands
                0x00000000080053a0      0x168 ./Middlewares/Third_Party/FreeRTOS/Source/timers.o
 .text.prvSwitchTimerLists
                0x0000000008005508       0xc4 ./Middlewares/Third_Party/FreeRTOS/Source/timers.o
 .text.prvCheckForValidListAndQueue
                0x00000000080055cc       0x80 ./Middlewares/Third_Party/FreeRTOS/Source/timers.o
 .text.pxPortInitialiseStack
                0x000000000800564c       0x68 ./Middlewares/Third_Party/FreeRTOS/Source/portable/GCC/ARM_CM4F/port.o
                0x000000000800564c                pxPortInitialiseStack
 .text.prvTaskExitError
                0x00000000080056b4       0x58 ./Middlewares/Third_Party/FreeRTOS/Source/portable/GCC/ARM_CM4F/port.o
 *fill*         0x000000000800570c        0x4 
 .text.SVC_Handler
                0x0000000008005710       0x28 ./Middlewares/Third_Party/FreeRTOS/Source/portable/GCC/ARM_CM4F/port.o
                0x0000000008005710                SVC_Handler
 .text.prvPortStartFirstTask
                0x0000000008005738       0x28 ./Middlewares/Third_Party/FreeRTOS/Source/portable/GCC/ARM_CM4F/port.o
 .text.xPortStartScheduler
                0x0000000008005760      0x144 ./Middlewares/Third_Party/FreeRTOS/Source/portable/GCC/ARM_CM4F/port.o
                0x0000000008005760                xPortStartScheduler
 .text.vPortEnterCritical
                0x00000000080058a4       0x60 ./Middlewares/Third_Party/FreeRTOS/Source/portable/GCC/ARM_CM4F/port.o
                0x00000000080058a4                vPortEnterCritical
 .text.vPortExitCritical
                0x0000000008005904       0x54 ./Middlewares/Third_Party/FreeRTOS/Source/portable/GCC/ARM_CM4F/port.o
                0x0000000008005904                vPortExitCritical
 *fill*         0x0000000008005958        0x8 
 .text.PendSV_Handler
                0x0000000008005960       0x68 ./Middlewares/Third_Party/FreeRTOS/Source/portable/GCC/ARM_CM4F/port.o
                0x0000000008005960                PendSV_Handler
 .text.SysTick_Handler
                0x00000000080059c8       0x44 ./Middlewares/Third_Party/FreeRTOS/Source/portable/GCC/ARM_CM4F/port.o
                0x00000000080059c8                SysTick_Handler
 .text.vPortSetupTimerInterrupt
                0x0000000008005a0c       0x48 ./Middlewares/Third_Party/FreeRTOS/Source/portable/GCC/ARM_CM4F/port.o
                0x0000000008005a0c                vPortSetupTimerInterrupt
 .text.vPortEnableVFP
                0x0000000008005a54       0x14 ./Middlewares/Third_Party/FreeRTOS/Source/portable/GCC/ARM_CM4F/port.o
 .text.vPortValidateInterruptPriority
                0x0000000008005a68       0x80 ./Middlewares/Third_Party/FreeRTOS/Source/portable/GCC/ARM_CM4F/port.o
                0x0000000008005a68                vPortValidateInterruptPriority
 .text.pvPortMalloc
                0x0000000008005ae8      0x188 ./Middlewares/Third_Party/FreeRTOS/Source/portable/MemMang/heap_4.o
                0x0000000008005ae8                pvPortMalloc
 .text.vPortFree
                0x0000000008005c70       0xb4 ./Middlewares/Third_Party/FreeRTOS/Source/portable/MemMang/heap_4.o
                0x0000000008005c70                vPortFree
 .text.prvHeapInit
                0x0000000008005d24       0xc4 ./Middlewares/Third_Party/FreeRTOS/Source/portable/MemMang/heap_4.o
 .text.prvInsertBlockIntoFreeList
                0x0000000008005de8       0xb4 ./Middlewares/Third_Party/FreeRTOS/Source/portable/MemMang/heap_4.o
 .text.__libc_init_array
                0x0000000008005e9c       0x48 c:/st/stm32cubeide_1.9.0/stm32cubeide/plugins/com.st.stm32cube.ide.mcu.externaltools.gnu-tools-for-stm32.10.3-2021.10.win32_1.0.100.202210260954/tools/bin/../lib/gcc/arm-none-eabi/10.3.1/../../../../arm-none-eabi/lib/thumb/v7e-m+fp/hard\libc_nano.a(lib_a-init.o)
                0x0000000008005e9c                __libc_init_array
 .text.memcpy   0x0000000008005ee4       0x1c c:/st/stm32cubeide_1.9.0/stm32cubeide/plugins/com.st.stm32cube.ide.mcu.externaltools.gnu-tools-for-stm32.10.3-2021.10.win32_1.0.100.202210260954/tools/bin/../lib/gcc/arm-none-eabi/10.3.1/../../../../arm-none-eabi/lib/thumb/v7e-m+fp/hard\libc_nano.a(lib_a-memcpy-stub.o)
                0x0000000008005ee4                memcpy
 .text.memset   0x0000000008005f00       0x10 c:/st/stm32cubeide_1.9.0/stm32cubeide/plugins/com.st.stm32cube.ide.mcu.externaltools.gnu-tools-for-stm32.10.3-2021.10.win32_1.0.100.202210260954/tools/bin/../lib/gcc/arm-none-eabi/10.3.1/../../../../arm-none-eabi/lib/thumb/v7e-m+fp/hard\libc_nano.a(lib_a-memset.o)
                0x0000000008005f00                memset
 *(.glue_7)
 .glue_7        0x0000000008005f10        0x0 linker stubs
 *(.glue_7t)
 .glue_7t       0x0000000008005f10        0x0 linker stubs
 *(.eh_frame)
 .eh_frame      0x0000000008005f10        0x0 c:/st/stm32cubeide_1.9.0/stm32cubeide/plugins/com.st.stm32cube.ide.mcu.externaltools.gnu-tools-for-stm32.10.3-2021.10.win32_1.0.100.202210260954/tools/bin/../lib/gcc/arm-none-eabi/10.3.1/thumb/v7e-m+fp/hard/crtbegin.o
 *(.init)
 .init          0x0000000008005f10        0x4 c:/st/stm32cubeide_1.9.0/stm32cubeide/plugins/com.st.stm32cube.ide.mcu.externaltools.gnu-tools-for-stm32.10.3-2021.10.win32_1.0.100.202210260954/tools/bin/../lib/gcc/arm-none-eabi/10.3.1/thumb/v7e-m+fp/hard/crti.o
                0x0000000008005f10                _init
 .init          0x0000000008005f14        0x8 c:/st/stm32cubeide_1.9.0/stm32cubeide/plugins/com.st.stm32cube.ide.mcu.externaltools.gnu-tools-for-stm32.10.3-2021.10.win32_1.0.100.202210260954/tools/bin/../lib/gcc/arm-none-eabi/10.3.1/thumb/v7e-m+fp/hard/crtn.o
 *(.fini)
 .fini          0x0000000008005f1c        0x4 c:/st/stm32cubeide_1.9.0/stm32cubeide/plugins/com.st.stm32cube.ide.mcu.externaltools.gnu-tools-for-stm32.10.3-2021.10.win32_1.0.100.202210260954/tools/bin/../lib/gcc/arm-none-eabi/10.3.1/thumb/v7e-m+fp/hard/crti.o
                0x0000000008005f1c                _fini
 .fini          0x0000000008005f20        0x8 c:/st/stm32cubeide_1.9.0/stm32cubeide/plugins/com.st.stm32cube.ide.mcu.externaltools.gnu-tools-for-stm32.10.3-2021.10.win32_1.0.100.202210260954/tools/bin/../lib/gcc/arm-none-eabi/10.3.1/thumb/v7e-m+fp/hard/crtn.o
                0x0000000008005f28                . = ALIGN (0x4)
                0x0000000008005f28                _etext = .

.vfp11_veneer   0x0000000008005f28        0x0
 .vfp11_veneer  0x0000000008005f28        0x0 linker stubs

.v4_bx          0x0000000008005f28        0x0
 .v4_bx         0x0000000008005f28        0x0 linker stubs

.iplt           0x0000000008005f28        0x0
 .iplt          0x0000000008005f28        0x0 c:/st/stm32cubeide_1.9.0/stm32cubeide/plugins/com.st.stm32cube.ide.mcu.externaltools.gnu-tools-for-stm32.10.3-2021.10.win32_1.0.100.202210260954/tools/bin/../lib/gcc/arm-none-eabi/10.3.1/thumb/v7e-m+fp/hard/crtbegin.o

.rodata         0x0000000008005f28       0x70
                0x0000000008005f28                . = ALIGN (0x4)
 *(.rodata)
 .rodata        0x0000000008005f28       0x1f ./Core/Src/main.o
 *fill*         0x0000000008005f47        0x1 
 .rodata        0x0000000008005f48        0x5 ./Middlewares/Third_Party/FreeRTOS/Source/tasks.o
 *fill*         0x0000000008005f4d        0x3 
 .rodata        0x0000000008005f50        0xd ./Middlewares/Third_Party/FreeRTOS/Source/timers.o
 *(.rodata*)
 *fill*         0x0000000008005f5d        0x3 
 .rodata.AHBPrescTable
                0x0000000008005f60       0x10 ./Core/Src/system_stm32f3xx.o
                0x0000000008005f60                AHBPrescTable
 .rodata.APBPrescTable
                0x0000000008005f70        0x8 ./Core/Src/system_stm32f3xx.o
                0x0000000008005f70                APBPrescTable
 .rodata.aPLLMULFactorTable
                0x0000000008005f78       0x10 ./Drivers/STM32F3xx_HAL_Driver/Src/stm32f3xx_hal_rcc.o
 .rodata.aPredivFactorTable
                0x0000000008005f88       0x10 ./Drivers/STM32F3xx_HAL_Driver/Src/stm32f3xx_hal_rcc.o
                0x0000000008005f98                . = ALIGN (0x4)

.rel.dyn        0x0000000008005f98        0x0
 .rel.iplt      0x0000000008005f98        0x0 c:/st/stm32cubeide_1.9.0/stm32cubeide/plugins/com.st.stm32cube.ide.mcu.externaltools.gnu-tools-for-stm32.10.3-2021.10.win32_1.0.100.202210260954/tools/bin/../lib/gcc/arm-none-eabi/10.3.1/thumb/v7e-m+fp/hard/crtbegin.o

.ARM.extab      0x0000000008005f98        0x0
                0x0000000008005f98                . = ALIGN (0x4)
 *(.ARM.extab* .gnu.linkonce.armextab.*)
                0x0000000008005f98                . = ALIGN (0x4)

.ARM            0x0000000008005f98        0x0
                0x0000000008005f98                . = ALIGN (0x4)
                0x0000000008005f98                __exidx_start = .
 *(.ARM.exidx*)
                0x0000000008005f98                __exidx_end = .
                0x0000000008005f98                . = ALIGN (0x4)

.preinit_array  0x0000000008005f98        0x0
                0x0000000008005f98                . = ALIGN (0x4)
                0x0000000008005f98                PROVIDE (__preinit_array_start = .)
 *(.preinit_array*)
                0x0000000008005f98                PROVIDE (__preinit_array_end = .)
                0x0000000008005f98                . = ALIGN (0x4)

.init_array     0x0000000008005f98        0x4
                0x0000000008005f98                . = ALIGN (0x4)
                0x0000000008005f98                PROVIDE (__init_array_start = .)
 *(SORT_BY_NAME(.init_array.*))
 *(.init_array*)
 .init_array    0x0000000008005f98        0x4 c:/st/stm32cubeide_1.9.0/stm32cubeide/plugins/com.st.stm32cube.ide.mcu.externaltools.gnu-tools-for-stm32.10.3-2021.10.win32_1.0.100.202210260954/tools/bin/../lib/gcc/arm-none-eabi/10.3.1/thumb/v7e-m+fp/hard/crtbegin.o
                0x0000000008005f9c                PROVIDE (__init_array_end = .)
                0x0000000008005f9c                . = ALIGN (0x4)

.fini_array     0x0000000008005f9c        0x4
                0x0000000008005f9c                . = ALIGN (0x4)
                [!provide]                        PROVIDE (__fini_array_start = .)
 *(SORT_BY_NAME(.fini_array.*))
 *(.fini_array*)
 .fini_array    0x0000000008005f9c        0x4 c:/st/stm32cubeide_1.9.0/stm32cubeide/plugins/com.st.stm32cube.ide.mcu.externaltools.gnu-tools-for-stm32.10.3-2021.10.win32_1.0.100.202210260954/tools/bin/../lib/gcc/arm-none-eabi/10.3.1/thumb/v7e-m+fp/hard/crtbegin.o
                [!provide]                        PROVIDE (__fini_array_end = .)
                0x0000000008005fa0                . = ALIGN (0x4)
                0x0000000008005fa0                _sidata = LOADADDR (.data)

.data           0x0000000020000000       0x10 load address 0x0000000008005fa0
                0x0000000020000000                . = ALIGN (0x4)
                0x0000000020000000                _sdata = .
 *(.data)
 *(.data*)
 .data.SystemCoreClock
                0x0000000020000000        0x4 ./Core/Src/system_stm32f3xx.o
                0x0000000020000000                SystemCoreClock
 .data.uwTickPrio
                0x0000000020000004        0x4 ./Drivers/STM32F3xx_HAL_Driver/Src/stm32f3xx_hal.o
                0x0000000020000004                uwTickPrio
 .data.uwTickFreq
                0x0000000020000008        0x1 ./Drivers/STM32F3xx_HAL_Driver/Src/stm32f3xx_hal.o
                0x0000000020000008                uwTickFreq
 *fill*         0x0000000020000009        0x3 
 .data.uxCriticalNesting
                0x000000002000000c        0x4 ./Middlewares/Third_Party/FreeRTOS/Source/portable/GCC/ARM_CM4F/port.o
 *(.RamFunc)
 *(.RamFunc*)
                0x0000000020000010                . = ALIGN (0x4)
                0x0000000020000010                _edata = .
                0x0000000008005fb0                _siccmram = LOADADDR (.ccmram)

.igot.plt       0x0000000020000010        0x0 load address 0x0000000008005fb0
 .igot.plt      0x0000000020000010        0x0 c:/st/stm32cubeide_1.9.0/stm32cubeide/plugins/com.st.stm32cube.ide.mcu.externaltools.gnu-tools-for-stm32.10.3-2021.10.win32_1.0.100.202210260954/tools/bin/../lib/gcc/arm-none-eabi/10.3.1/thumb/v7e-m+fp/hard/crtbegin.o

.ccmram         0x0000000010000000        0x0 load address 0x0000000008005fb0
                0x0000000010000000                . = ALIGN (0x4)
                0x0000000010000000                _sccmram = .
 *(.ccmram)
 *(.ccmram*)
                0x0000000010000000                . = ALIGN (0x4)
                0x0000000010000000                _eccmram = .
                0x0000000010000000                . = ALIGN (0x4)

.bss            0x0000000020000010     0x1a5c
                0x0000000020000010                _sbss = .
                0x0000000020000010                __bss_start__ = _sbss
 *(.bss)
 .bss           0x0000000020000010       0x1c c:/st/stm32cubeide_1.9.0/stm32cubeide/plugins/com.st.stm32cube.ide.mcu.externaltools.gnu-tools-for-stm32.10.3-2021.10.win32_1.0.100.202210260954/tools/bin/../lib/gcc/arm-none-eabi/10.3.1/thumb/v7e-m+fp/hard/crtbegin.o
 *(.bss*)
 .bss.huart2    0x000000002000002c       0x88 ./Core/Src/main.o
                0x000000002000002c                huart2
 .bss.Task1Profiler
                0x00000000200000b4        0x4 ./Core/Src/main.o
                0x00000000200000b4                Task1Profiler
 .bss.Task2Profiler
                0x00000000200000b8        0x4 ./Core/Src/main.o
                0x00000000200000b8                Task2Profiler
 .bss.Task3Profiler
                0x00000000200000bc        0x4 ./Core/Src/main.o
                0x00000000200000bc                Task3Profiler
 .bss.Task4Profiler
                0x00000000200000c0        0x4 ./Core/Src/main.o
                0x00000000200000c0                Task4Profiler
 .bss.mainTaskProfiler
                0x00000000200000c4        0x4 ./Core/Src/main.o
                0x00000000200000c4                mainTaskProfiler
 .bss.Task1_handle
                0x00000000200000c8        0x4 ./Core/Src/main.o
                0x00000000200000c8                Task1_handle
 .bss.Task2_handle
                0x00000000200000cc        0x4 ./Core/Src/main.o
                0x00000000200000cc                Task2_handle
 .bss.Task3_handle
                0x00000000200000d0        0x4 ./Core/Src/main.o
                0x00000000200000d0                Task3_handle
 .bss.Task4_handle
                0x00000000200000d4        0x4 ./Core/Src/main.o
                0x00000000200000d4                Task4_handle
 .bss.htim1     0x00000000200000d8       0x4c ./Core/Src/stm32f3xx_hal_timebase_tim.o
                0x00000000200000d8                htim1
 .bss.uwTick    0x0000000020000124        0x4 ./Drivers/STM32F3xx_HAL_Driver/Src/stm32f3xx_hal.o
                0x0000000020000124                uwTick
 .bss.Idle_TCB  0x0000000020000128       0x5c ./Middlewares/Third_Party/FreeRTOS/Source/CMSIS_RTOS_V2/cmsis_os2.o
 .bss.Idle_Stack
                0x0000000020000184      0x200 ./Middlewares/Third_Party/FreeRTOS/Source/CMSIS_RTOS_V2/cmsis_os2.o
 .bss.Timer_TCB
                0x0000000020000384       0x5c ./Middlewares/Third_Party/FreeRTOS/Source/CMSIS_RTOS_V2/cmsis_os2.o
 .bss.Timer_Stack
                0x00000000200003e0      0x400 ./Middlewares/Third_Party/FreeRTOS/Source/CMSIS_RTOS_V2/cmsis_os2.o
 .bss.xQueueRegistry
                0x00000000200007e0       0x40 ./Middlewares/Third_Party/FreeRTOS/Source/queue.o
                0x00000000200007e0                xQueueRegistry
 .bss.pxCurrentTCB
                0x0000000020000820        0x4 ./Middlewares/Third_Party/FreeRTOS/Source/tasks.o
                0x0000000020000820                pxCurrentTCB
 .bss.pxReadyTasksLists
                0x0000000020000824      0x460 ./Middlewares/Third_Party/FreeRTOS/Source/tasks.o
 .bss.xDelayedTaskList1
                0x0000000020000c84       0x14 ./Middlewares/Third_Party/FreeRTOS/Source/tasks.o
 .bss.xDelayedTaskList2
                0x0000000020000c98       0x14 ./Middlewares/Third_Party/FreeRTOS/Source/tasks.o
 .bss.pxDelayedTaskList
                0x0000000020000cac        0x4 ./Middlewares/Third_Party/FreeRTOS/Source/tasks.o
 .bss.pxOverflowDelayedTaskList
                0x0000000020000cb0        0x4 ./Middlewares/Third_Party/FreeRTOS/Source/tasks.o
 .bss.xPendingReadyList
                0x0000000020000cb4       0x14 ./Middlewares/Third_Party/FreeRTOS/Source/tasks.o
 .bss.xTasksWaitingTermination
                0x0000000020000cc8       0x14 ./Middlewares/Third_Party/FreeRTOS/Source/tasks.o
 .bss.uxDeletedTasksWaitingCleanUp
                0x0000000020000cdc        0x4 ./Middlewares/Third_Party/FreeRTOS/Source/tasks.o
 .bss.xSuspendedTaskList
                0x0000000020000ce0       0x14 ./Middlewares/Third_Party/FreeRTOS/Source/tasks.o
 .bss.uxCurrentNumberOfTasks
                0x0000000020000cf4        0x4 ./Middlewares/Third_Party/FreeRTOS/Source/tasks.o
 .bss.xTickCount
                0x0000000020000cf8        0x4 ./Middlewares/Third_Party/FreeRTOS/Source/tasks.o
 .bss.uxTopReadyPriority
                0x0000000020000cfc        0x4 ./Middlewares/Third_Party/FreeRTOS/Source/tasks.o
 .bss.xSchedulerRunning
                0x0000000020000d00        0x4 ./Middlewares/Third_Party/FreeRTOS/Source/tasks.o
 .bss.uxPendedTicks
                0x0000000020000d04        0x4 ./Middlewares/Third_Party/FreeRTOS/Source/tasks.o
 .bss.xYieldPending
                0x0000000020000d08        0x4 ./Middlewares/Third_Party/FreeRTOS/Source/tasks.o
 .bss.xNumOfOverflows
                0x0000000020000d0c        0x4 ./Middlewares/Third_Party/FreeRTOS/Source/tasks.o
 .bss.uxTaskNumber
                0x0000000020000d10        0x4 ./Middlewares/Third_Party/FreeRTOS/Source/tasks.o
 .bss.xNextTaskUnblockTime
                0x0000000020000d14        0x4 ./Middlewares/Third_Party/FreeRTOS/Source/tasks.o
 .bss.xIdleTaskHandle
                0x0000000020000d18        0x4 ./Middlewares/Third_Party/FreeRTOS/Source/tasks.o
 .bss.uxSchedulerSuspended
                0x0000000020000d1c        0x4 ./Middlewares/Third_Party/FreeRTOS/Source/tasks.o
 .bss.xActiveTimerList1
                0x0000000020000d20       0x14 ./Middlewares/Third_Party/FreeRTOS/Source/timers.o
 .bss.xActiveTimerList2
                0x0000000020000d34       0x14 ./Middlewares/Third_Party/FreeRTOS/Source/timers.o
 .bss.pxCurrentTimerList
                0x0000000020000d48        0x4 ./Middlewares/Third_Party/FreeRTOS/Source/timers.o
 .bss.pxOverflowTimerList
                0x0000000020000d4c        0x4 ./Middlewares/Third_Party/FreeRTOS/Source/timers.o
 .bss.xTimerQueue
                0x0000000020000d50        0x4 ./Middlewares/Third_Party/FreeRTOS/Source/timers.o
 .bss.xTimerTaskHandle
                0x0000000020000d54        0x4 ./Middlewares/Third_Party/FreeRTOS/Source/timers.o
 .bss.xLastTime.2
                0x0000000020000d58        0x4 ./Middlewares/Third_Party/FreeRTOS/Source/timers.o
 .bss.ucStaticTimerQueueStorage.1
                0x0000000020000d5c       0xa0 ./Middlewares/Third_Party/FreeRTOS/Source/timers.o
 .bss.xStaticTimerQueue.0
                0x0000000020000dfc       0x50 ./Middlewares/Third_Party/FreeRTOS/Source/timers.o
 .bss.ucMaxSysCallPriority
                0x0000000020000e4c        0x1 ./Middlewares/Third_Party/FreeRTOS/Source/portable/GCC/ARM_CM4F/port.o
 *fill*         0x0000000020000e4d        0x3 
 .bss.ulMaxPRIGROUPValue
                0x0000000020000e50        0x4 ./Middlewares/Third_Party/FreeRTOS/Source/portable/GCC/ARM_CM4F/port.o
 .bss.ucHeap    0x0000000020000e54      0xc00 ./Middlewares/Third_Party/FreeRTOS/Source/portable/MemMang/heap_4.o
 .bss.xStart    0x0000000020001a54        0x8 ./Middlewares/Third_Party/FreeRTOS/Source/portable/MemMang/heap_4.o
 .bss.pxEnd     0x0000000020001a5c        0x4 ./Middlewares/Third_Party/FreeRTOS/Source/portable/MemMang/heap_4.o
 .bss.xFreeBytesRemaining
                0x0000000020001a60        0x4 ./Middlewares/Third_Party/FreeRTOS/Source/portable/MemMang/heap_4.o
 .bss.xMinimumEverFreeBytesRemaining
                0x0000000020001a64        0x4 ./Middlewares/Third_Party/FreeRTOS/Source/portable/MemMang/heap_4.o
 .bss.xBlockAllocatedBit
                0x0000000020001a68        0x4 ./Middlewares/Third_Party/FreeRTOS/Source/portable/MemMang/heap_4.o
 *(COMMON)
                0x0000000020001a6c                . = ALIGN (0x4)
                0x0000000020001a6c                _ebss = .
                0x0000000020001a6c                __bss_end__ = _ebss

._user_heap_stack
                0x0000000020001a6c      0x604
                0x0000000020001a70                . = ALIGN (0x8)
 *fill*         0x0000000020001a6c        0x4 
                [!provide]                        PROVIDE (end = .)
                0x0000000020001a70                PROVIDE (_end = .)
                0x0000000020001c70                . = (. + _Min_Heap_Size)
 *fill*         0x0000000020001a70      0x200 
                0x0000000020002070                . = (. + _Min_Stack_Size)
 *fill*         0x0000000020001c70      0x400 
                0x0000000020002070                . = ALIGN (0x8)

/DISCARD/
 libc.a(*)
 libm.a(*)
 libgcc.a(*)

.ARM.attributes
                0x0000000000000000       0x30
 *(.ARM.attributes)
 .ARM.attributes
                0x0000000000000000       0x1e c:/st/stm32cubeide_1.9.0/stm32cubeide/plugins/com.st.stm32cube.ide.mcu.externaltools.gnu-tools-for-stm32.10.3-2021.10.win32_1.0.100.202210260954/tools/bin/../lib/gcc/arm-none-eabi/10.3.1/thumb/v7e-m+fp/hard/crti.o
 .ARM.attributes
                0x000000000000001e       0x34 c:/st/stm32cubeide_1.9.0/stm32cubeide/plugins/com.st.stm32cube.ide.mcu.externaltools.gnu-tools-for-stm32.10.3-2021.10.win32_1.0.100.202210260954/tools/bin/../lib/gcc/arm-none-eabi/10.3.1/thumb/v7e-m+fp/hard/crtbegin.o
 .ARM.attributes
                0x0000000000000052       0x34 ./Core/Src/main.o
 .ARM.attributes
                0x0000000000000086       0x34 ./Core/Src/stm32f3xx_hal_msp.o
 .ARM.attributes
                0x00000000000000ba       0x34 ./Core/Src/stm32f3xx_hal_timebase_tim.o
 .ARM.attributes
                0x00000000000000ee       0x34 ./Core/Src/stm32f3xx_it.o
 .ARM.attributes
                0x0000000000000122       0x34 ./Core/Src/system_stm32f3xx.o
 .ARM.attributes
                0x0000000000000156       0x21 ./Core/Startup/startup_stm32f303vctx.o
 .ARM.attributes
                0x0000000000000177       0x34 ./Drivers/STM32F3xx_HAL_Driver/Src/stm32f3xx_hal.o
 .ARM.attributes
                0x00000000000001ab       0x34 ./Drivers/STM32F3xx_HAL_Driver/Src/stm32f3xx_hal_cortex.o
 .ARM.attributes
                0x00000000000001df       0x34 ./Drivers/STM32F3xx_HAL_Driver/Src/stm32f3xx_hal_gpio.o
 .ARM.attributes
                0x0000000000000213       0x34 ./Drivers/STM32F3xx_HAL_Driver/Src/stm32f3xx_hal_rcc.o
 .ARM.attributes
                0x0000000000000247       0x34 ./Drivers/STM32F3xx_HAL_Driver/Src/stm32f3xx_hal_rcc_ex.o
 .ARM.attributes
                0x000000000000027b       0x34 ./Drivers/STM32F3xx_HAL_Driver/Src/stm32f3xx_hal_tim.o
 .ARM.attributes
                0x00000000000002af       0x34 ./Drivers/STM32F3xx_HAL_Driver/Src/stm32f3xx_hal_tim_ex.o
 .ARM.attributes
                0x00000000000002e3       0x34 ./Drivers/STM32F3xx_HAL_Driver/Src/stm32f3xx_hal_uart.o
 .ARM.attributes
                0x0000000000000317       0x34 ./Middlewares/Third_Party/FreeRTOS/Source/CMSIS_RTOS_V2/cmsis_os2.o
 .ARM.attributes
                0x000000000000034b       0x34 ./Middlewares/Third_Party/FreeRTOS/Source/list.o
 .ARM.attributes
                0x000000000000037f       0x34 ./Middlewares/Third_Party/FreeRTOS/Source/queue.o
 .ARM.attributes
                0x00000000000003b3       0x34 ./Middlewares/Third_Party/FreeRTOS/Source/tasks.o
 .ARM.attributes
                0x00000000000003e7       0x34 ./Middlewares/Third_Party/FreeRTOS/Source/timers.o
 .ARM.attributes
                0x000000000000041b       0x34 ./Middlewares/Third_Party/FreeRTOS/Source/portable/GCC/ARM_CM4F/port.o
 .ARM.attributes
                0x000000000000044f       0x34 ./Middlewares/Third_Party/FreeRTOS/Source/portable/MemMang/heap_4.o
 .ARM.attributes
                0x0000000000000483       0x34 c:/st/stm32cubeide_1.9.0/stm32cubeide/plugins/com.st.stm32cube.ide.mcu.externaltools.gnu-tools-for-stm32.10.3-2021.10.win32_1.0.100.202210260954/tools/bin/../lib/gcc/arm-none-eabi/10.3.1/../../../../arm-none-eabi/lib/thumb/v7e-m+fp/hard\libc_nano.a(lib_a-init.o)
 .ARM.attributes
                0x00000000000004b7       0x34 c:/st/stm32cubeide_1.9.0/stm32cubeide/plugins/com.st.stm32cube.ide.mcu.externaltools.gnu-tools-for-stm32.10.3-2021.10.win32_1.0.100.202210260954/tools/bin/../lib/gcc/arm-none-eabi/10.3.1/../../../../arm-none-eabi/lib/thumb/v7e-m+fp/hard\libc_nano.a(lib_a-memcpy-stub.o)
 .ARM.attributes
                0x00000000000004eb       0x34 c:/st/stm32cubeide_1.9.0/stm32cubeide/plugins/com.st.stm32cube.ide.mcu.externaltools.gnu-tools-for-stm32.10.3-2021.10.win32_1.0.100.202210260954/tools/bin/../lib/gcc/arm-none-eabi/10.3.1/../../../../arm-none-eabi/lib/thumb/v7e-m+fp/hard\libc_nano.a(lib_a-memset.o)
 .ARM.attributes
                0x000000000000051f       0x1e c:/st/stm32cubeide_1.9.0/stm32cubeide/plugins/com.st.stm32cube.ide.mcu.externaltools.gnu-tools-for-stm32.10.3-2021.10.win32_1.0.100.202210260954/tools/bin/../lib/gcc/arm-none-eabi/10.3.1/thumb/v7e-m+fp/hard/crtn.o
OUTPUT(Assign_Priority_onRun_Time.elf elf32-littlearm)
LOAD linker stubs
LOAD c:/st/stm32cubeide_1.9.0/stm32cubeide/plugins/com.st.stm32cube.ide.mcu.externaltools.gnu-tools-for-stm32.10.3-2021.10.win32_1.0.100.202210260954/tools/bin/../lib/gcc/arm-none-eabi/10.3.1/../../../../arm-none-eabi/lib/thumb/v7e-m+fp/hard\libc.a
LOAD c:/st/stm32cubeide_1.9.0/stm32cubeide/plugins/com.st.stm32cube.ide.mcu.externaltools.gnu-tools-for-stm32.10.3-2021.10.win32_1.0.100.202210260954/tools/bin/../lib/gcc/arm-none-eabi/10.3.1/../../../../arm-none-eabi/lib/thumb/v7e-m+fp/hard\libm.a
LOAD c:/st/stm32cubeide_1.9.0/stm32cubeide/plugins/com.st.stm32cube.ide.mcu.externaltools.gnu-tools-for-stm32.10.3-2021.10.win32_1.0.100.202210260954/tools/bin/../lib/gcc/arm-none-eabi/10.3.1/thumb/v7e-m+fp/hard\libgcc.a

.debug_info     0x0000000000000000    0x1863a
 .debug_info    0x0000000000000000     0x130d ./Core/Src/main.o
 .debug_info    0x000000000000130d      0xb50 ./Core/Src/stm32f3xx_hal_msp.o
 .debug_info    0x0000000000001e5d      0xaf0 ./Core/Src/stm32f3xx_hal_timebase_tim.o
 .debug_info    0x000000000000294d      0x6f6 ./Core/Src/stm32f3xx_it.o
 .debug_info    0x0000000000003043      0x416 ./Core/Src/system_stm32f3xx.o
 .debug_info    0x0000000000003459       0x22 ./Core/Startup/startup_stm32f303vctx.o
 .debug_info    0x000000000000347b      0x807 ./Drivers/STM32F3xx_HAL_Driver/Src/stm32f3xx_hal.o
 .debug_info    0x0000000000003c82      0xd85 ./Drivers/STM32F3xx_HAL_Driver/Src/stm32f3xx_hal_cortex.o
 .debug_info    0x0000000000004a07      0x68a ./Drivers/STM32F3xx_HAL_Driver/Src/stm32f3xx_hal_gpio.o
 .debug_info    0x0000000000005091     0x1585 ./Drivers/STM32F3xx_HAL_Driver/Src/stm32f3xx_hal_rcc.o
 .debug_info    0x0000000000006616      0x628 ./Drivers/STM32F3xx_HAL_Driver/Src/stm32f3xx_hal_rcc_ex.o
 .debug_info    0x0000000000006c3e     0x2cdb ./Drivers/STM32F3xx_HAL_Driver/Src/stm32f3xx_hal_tim.o
 .debug_info    0x0000000000009919     0x16a8 ./Drivers/STM32F3xx_HAL_Driver/Src/stm32f3xx_hal_tim_ex.o
 .debug_info    0x000000000000afc1     0x3bf8 ./Drivers/STM32F3xx_HAL_Driver/Src/stm32f3xx_hal_uart.o
 .debug_info    0x000000000000ebb9     0x3bef ./Middlewares/Third_Party/FreeRTOS/Source/CMSIS_RTOS_V2/cmsis_os2.o
 .debug_info    0x00000000000127a8      0x2cb ./Middlewares/Third_Party/FreeRTOS/Source/list.o
 .debug_info    0x0000000000012a73     0x1bf9 ./Middlewares/Third_Party/FreeRTOS/Source/queue.o
 .debug_info    0x000000000001466c     0x224a ./Middlewares/Third_Party/FreeRTOS/Source/tasks.o
 .debug_info    0x00000000000168b6     0x1495 ./Middlewares/Third_Party/FreeRTOS/Source/timers.o
 .debug_info    0x0000000000017d4b      0x507 ./Middlewares/Third_Party/FreeRTOS/Source/portable/GCC/ARM_CM4F/port.o
 .debug_info    0x0000000000018252      0x3e8 ./Middlewares/Third_Party/FreeRTOS/Source/portable/MemMang/heap_4.o

.debug_abbrev   0x0000000000000000     0x301c
 .debug_abbrev  0x0000000000000000      0x283 ./Core/Src/main.o
 .debug_abbrev  0x0000000000000283      0x1a4 ./Core/Src/stm32f3xx_hal_msp.o
 .debug_abbrev  0x0000000000000427      0x1e6 ./Core/Src/stm32f3xx_hal_timebase_tim.o
 .debug_abbrev  0x000000000000060d      0x171 ./Core/Src/stm32f3xx_it.o
 .debug_abbrev  0x000000000000077e      0x116 ./Core/Src/system_stm32f3xx.o
 .debug_abbrev  0x0000000000000894       0x12 ./Core/Startup/startup_stm32f303vctx.o
 .debug_abbrev  0x00000000000008a6      0x20e ./Drivers/STM32F3xx_HAL_Driver/Src/stm32f3xx_hal.o
 .debug_abbrev  0x0000000000000ab4      0x316 ./Drivers/STM32F3xx_HAL_Driver/Src/stm32f3xx_hal_cortex.o
 .debug_abbrev  0x0000000000000dca      0x1bb ./Drivers/STM32F3xx_HAL_Driver/Src/stm32f3xx_hal_gpio.o
 .debug_abbrev  0x0000000000000f85      0x2f9 ./Drivers/STM32F3xx_HAL_Driver/Src/stm32f3xx_hal_rcc.o
 .debug_abbrev  0x000000000000127e      0x240 ./Drivers/STM32F3xx_HAL_Driver/Src/stm32f3xx_hal_rcc_ex.o
 .debug_abbrev  0x00000000000014be      0x264 ./Drivers/STM32F3xx_HAL_Driver/Src/stm32f3xx_hal_tim.o
 .debug_abbrev  0x0000000000001722      0x26c ./Drivers/STM32F3xx_HAL_Driver/Src/stm32f3xx_hal_tim_ex.o
 .debug_abbrev  0x000000000000198e      0x2bc ./Drivers/STM32F3xx_HAL_Driver/Src/stm32f3xx_hal_uart.o
 .debug_abbrev  0x0000000000001c4a      0x414 ./Middlewares/Third_Party/FreeRTOS/Source/CMSIS_RTOS_V2/cmsis_os2.o
 .debug_abbrev  0x000000000000205e       0xf2 ./Middlewares/Third_Party/FreeRTOS/Source/list.o
 .debug_abbrev  0x0000000000002150      0x3ba ./Middlewares/Third_Party/FreeRTOS/Source/queue.o
 .debug_abbrev  0x000000000000250a      0x37d ./Middlewares/Third_Party/FreeRTOS/Source/tasks.o
 .debug_abbrev  0x0000000000002887      0x33d ./Middlewares/Third_Party/FreeRTOS/Source/timers.o
 .debug_abbrev  0x0000000000002bc4      0x259 ./Middlewares/Third_Party/FreeRTOS/Source/portable/GCC/ARM_CM4F/port.o
 .debug_abbrev  0x0000000000002e1d      0x1ff ./Middlewares/Third_Party/FreeRTOS/Source/portable/MemMang/heap_4.o

.debug_aranges  0x0000000000000000     0x1360
 .debug_aranges
                0x0000000000000000       0x68 ./Core/Src/main.o
 .debug_aranges
                0x0000000000000068       0x30 ./Core/Src/stm32f3xx_hal_msp.o
 .debug_aranges
                0x0000000000000098       0x30 ./Core/Src/stm32f3xx_hal_timebase_tim.o
 .debug_aranges
                0x00000000000000c8       0x50 ./Core/Src/stm32f3xx_it.o
 .debug_aranges
                0x0000000000000118       0x28 ./Core/Src/system_stm32f3xx.o
 .debug_aranges
                0x0000000000000140       0x28 ./Core/Startup/startup_stm32f303vctx.o
 .debug_aranges
                0x0000000000000168       0xe0 ./Drivers/STM32F3xx_HAL_Driver/Src/stm32f3xx_hal.o
 .debug_aranges
                0x0000000000000248      0x118 ./Drivers/STM32F3xx_HAL_Driver/Src/stm32f3xx_hal_cortex.o
 .debug_aranges
                0x0000000000000360       0x58 ./Drivers/STM32F3xx_HAL_Driver/Src/stm32f3xx_hal_gpio.o
 .debug_aranges
                0x00000000000003b8       0x88 ./Drivers/STM32F3xx_HAL_Driver/Src/stm32f3xx_hal_rcc.o
 .debug_aranges
                0x0000000000000440       0x38 ./Drivers/STM32F3xx_HAL_Driver/Src/stm32f3xx_hal_rcc_ex.o
 .debug_aranges
                0x0000000000000478      0x3e0 ./Drivers/STM32F3xx_HAL_Driver/Src/stm32f3xx_hal_tim.o
 .debug_aranges
                0x0000000000000858      0x178 ./Drivers/STM32F3xx_HAL_Driver/Src/stm32f3xx_hal_tim_ex.o
 .debug_aranges
                0x00000000000009d0      0x228 ./Drivers/STM32F3xx_HAL_Driver/Src/stm32f3xx_hal_uart.o
 .debug_aranges
                0x0000000000000bf8      0x228 ./Middlewares/Third_Party/FreeRTOS/Source/CMSIS_RTOS_V2/cmsis_os2.o
 .debug_aranges
                0x0000000000000e20       0x40 ./Middlewares/Third_Party/FreeRTOS/Source/list.o
 .debug_aranges
                0x0000000000000e60      0x158 ./Middlewares/Third_Party/FreeRTOS/Source/queue.o
 .debug_aranges
                0x0000000000000fb8      0x1f8 ./Middlewares/Third_Party/FreeRTOS/Source/tasks.o
 .debug_aranges
                0x00000000000011b0       0xe0 ./Middlewares/Third_Party/FreeRTOS/Source/timers.o
 .debug_aranges
                0x0000000000001290       0x80 ./Middlewares/Third_Party/FreeRTOS/Source/portable/GCC/ARM_CM4F/port.o
 .debug_aranges
                0x0000000000001310       0x50 ./Middlewares/Third_Party/FreeRTOS/Source/portable/MemMang/heap_4.o

.debug_ranges   0x0000000000000000     0x1248
 .debug_ranges  0x0000000000000000       0x58 ./Core/Src/main.o
 .debug_ranges  0x0000000000000058       0x20 ./Core/Src/stm32f3xx_hal_msp.o
 .debug_ranges  0x0000000000000078       0x20 ./Core/Src/stm32f3xx_hal_timebase_tim.o
 .debug_ranges  0x0000000000000098       0x40 ./Core/Src/stm32f3xx_it.o
 .debug_ranges  0x00000000000000d8       0x18 ./Core/Src/system_stm32f3xx.o
 .debug_ranges  0x00000000000000f0       0x20 ./Core/Startup/startup_stm32f303vctx.o
 .debug_ranges  0x0000000000000110       0xd0 ./Drivers/STM32F3xx_HAL_Driver/Src/stm32f3xx_hal.o
 .debug_ranges  0x00000000000001e0      0x108 ./Drivers/STM32F3xx_HAL_Driver/Src/stm32f3xx_hal_cortex.o
 .debug_ranges  0x00000000000002e8       0x48 ./Drivers/STM32F3xx_HAL_Driver/Src/stm32f3xx_hal_gpio.o
 .debug_ranges  0x0000000000000330       0x78 ./Drivers/STM32F3xx_HAL_Driver/Src/stm32f3xx_hal_rcc.o
 .debug_ranges  0x00000000000003a8       0x28 ./Drivers/STM32F3xx_HAL_Driver/Src/stm32f3xx_hal_rcc_ex.o
 .debug_ranges  0x00000000000003d0      0x3d0 ./Drivers/STM32F3xx_HAL_Driver/Src/stm32f3xx_hal_tim.o
 .debug_ranges  0x00000000000007a0      0x168 ./Drivers/STM32F3xx_HAL_Driver/Src/stm32f3xx_hal_tim_ex.o
 .debug_ranges  0x0000000000000908      0x248 ./Drivers/STM32F3xx_HAL_Driver/Src/stm32f3xx_hal_uart.o
 .debug_ranges  0x0000000000000b50      0x218 ./Middlewares/Third_Party/FreeRTOS/Source/CMSIS_RTOS_V2/cmsis_os2.o
 .debug_ranges  0x0000000000000d68       0x30 ./Middlewares/Third_Party/FreeRTOS/Source/list.o
 .debug_ranges  0x0000000000000d98      0x148 ./Middlewares/Third_Party/FreeRTOS/Source/queue.o
 .debug_ranges  0x0000000000000ee0      0x1e8 ./Middlewares/Third_Party/FreeRTOS/Source/tasks.o
 .debug_ranges  0x00000000000010c8       0xd0 ./Middlewares/Third_Party/FreeRTOS/Source/timers.o
 .debug_ranges  0x0000000000001198       0x70 ./Middlewares/Third_Party/FreeRTOS/Source/portable/GCC/ARM_CM4F/port.o
 .debug_ranges  0x0000000000001208       0x40 ./Middlewares/Third_Party/FreeRTOS/Source/portable/MemMang/heap_4.o

.debug_macro    0x0000000000000000     0x2c4e
 .debug_macro   0x0000000000000000      0x271 ./Core/Src/main.o
 .debug_macro   0x0000000000000271       0x5b ./Core/Src/main.o
 .debug_macro   0x00000000000002cc       0x74 ./Core/Src/main.o
 .debug_macro   0x0000000000000340      0x122 ./Core/Src/main.o
 .debug_macro   0x0000000000000462       0xdd ./Core/Src/main.o
 .debug_macro   0x000000000000053f      0x1e6 ./Core/Src/stm32f3xx_hal_msp.o
 .debug_macro   0x0000000000000725      0x1d7 ./Core/Src/stm32f3xx_hal_timebase_tim.o
 .debug_macro   0x00000000000008fc      0x1f0 ./Core/Src/stm32f3xx_it.o
 .debug_macro   0x0000000000000aec      0x1d7 ./Core/Src/system_stm32f3xx.o
 .debug_macro   0x0000000000000cc3      0x1fb ./Drivers/STM32F3xx_HAL_Driver/Src/stm32f3xx_hal.o
 .debug_macro   0x0000000000000ebe      0x1d7 ./Drivers/STM32F3xx_HAL_Driver/Src/stm32f3xx_hal_cortex.o
 .debug_macro   0x0000000000001095      0x1de ./Drivers/STM32F3xx_HAL_Driver/Src/stm32f3xx_hal_gpio.o
 .debug_macro   0x0000000000001273      0x1fb ./Drivers/STM32F3xx_HAL_Driver/Src/stm32f3xx_hal_rcc.o
 .debug_macro   0x000000000000146e      0x1d7 ./Drivers/STM32F3xx_HAL_Driver/Src/stm32f3xx_hal_rcc_ex.o
 .debug_macro   0x0000000000001645      0x1d8 ./Drivers/STM32F3xx_HAL_Driver/Src/stm32f3xx_hal_tim.o
 .debug_macro   0x000000000000181d      0x1d7 ./Drivers/STM32F3xx_HAL_Driver/Src/stm32f3xx_hal_tim_ex.o
 .debug_macro   0x00000000000019f4      0x1f4 ./Drivers/STM32F3xx_HAL_Driver/Src/stm32f3xx_hal_uart.o
 .debug_macro   0x0000000000001be8      0x247 ./Middlewares/Third_Party/FreeRTOS/Source/CMSIS_RTOS_V2/cmsis_os2.o
 .debug_macro   0x0000000000001e2f       0x10 ./Middlewares/Third_Party/FreeRTOS/Source/CMSIS_RTOS_V2/cmsis_os2.o
 .debug_macro   0x0000000000001e3f       0x20 ./Middlewares/Third_Party/FreeRTOS/Source/CMSIS_RTOS_V2/cmsis_os2.o
 .debug_macro   0x0000000000001e5f       0x10 ./Middlewares/Third_Party/FreeRTOS/Source/CMSIS_RTOS_V2/cmsis_os2.o
 .debug_macro   0x0000000000001e6f       0xd3 ./Middlewares/Third_Party/FreeRTOS/Source/CMSIS_RTOS_V2/cmsis_os2.o
 .debug_macro   0x0000000000001f42       0x91 ./Middlewares/Third_Party/FreeRTOS/Source/CMSIS_RTOS_V2/cmsis_os2.o
 .debug_macro   0x0000000000001fd3       0x8d ./Middlewares/Third_Party/FreeRTOS/Source/CMSIS_RTOS_V2/cmsis_os2.o
 .debug_macro   0x0000000000002060       0x9a ./Middlewares/Third_Party/FreeRTOS/Source/CMSIS_RTOS_V2/cmsis_os2.o
 .debug_macro   0x00000000000020fa      0x187 ./Middlewares/Third_Party/FreeRTOS/Source/list.o
 .debug_macro   0x0000000000002281      0x212 ./Middlewares/Third_Party/FreeRTOS/Source/queue.o
 .debug_macro   0x0000000000002493       0x16 ./Middlewares/Third_Party/FreeRTOS/Source/queue.o
 .debug_macro   0x00000000000024a9      0x287 ./Middlewares/Third_Party/FreeRTOS/Source/tasks.o
 .debug_macro   0x0000000000002730       0x10 ./Middlewares/Third_Party/FreeRTOS/Source/tasks.o
 .debug_macro   0x0000000000002740      0x1ca ./Middlewares/Third_Party/FreeRTOS/Source/timers.o
 .debug_macro   0x000000000000290a      0x196 ./Middlewares/Third_Party/FreeRTOS/Source/portable/GCC/ARM_CM4F/port.o
 .debug_macro   0x0000000000002aa0      0x1ae ./Middlewares/Third_Party/FreeRTOS/Source/portable/MemMang/heap_4.o

.debug_line     0x0000000000000000    0x16e0e
 .debug_line    0x0000000000000000      0xa59 ./Core/Src/main.o
 .debug_line    0x0000000000000a59      0x738 ./Core/Src/stm32f3xx_hal_msp.o
 .debug_line    0x0000000000001191      0x756 ./Core/Src/stm32f3xx_hal_timebase_tim.o
 .debug_line    0x00000000000018e7      0x787 ./Core/Src/stm32f3xx_it.o
 .debug_line    0x000000000000206e      0x761 ./Core/Src/system_stm32f3xx.o
 .debug_line    0x00000000000027cf       0x88 ./Core/Startup/startup_stm32f303vctx.o
 .debug_line    0x0000000000002857      0x996 ./Drivers/STM32F3xx_HAL_Driver/Src/stm32f3xx_hal.o
 .debug_line    0x00000000000031ed      0xc5b ./Drivers/STM32F3xx_HAL_Driver/Src/stm32f3xx_hal_cortex.o
 .debug_line    0x0000000000003e48      0xaf5 ./Drivers/STM32F3xx_HAL_Driver/Src/stm32f3xx_hal_gpio.o
 .debug_line    0x000000000000493d     0x1373 ./Drivers/STM32F3xx_HAL_Driver/Src/stm32f3xx_hal_rcc.o
 .debug_line    0x0000000000005cb0      0xcff ./Drivers/STM32F3xx_HAL_Driver/Src/stm32f3xx_hal_rcc_ex.o
 .debug_line    0x00000000000069af     0x3cfa ./Drivers/STM32F3xx_HAL_Driver/Src/stm32f3xx_hal_tim.o
 .debug_line    0x000000000000a6a9     0x1a7d ./Drivers/STM32F3xx_HAL_Driver/Src/stm32f3xx_hal_tim_ex.o
 .debug_line    0x000000000000c126     0x30b2 ./Drivers/STM32F3xx_HAL_Driver/Src/stm32f3xx_hal_uart.o
 .debug_line    0x000000000000f1d8     0x2452 ./Middlewares/Third_Party/FreeRTOS/Source/CMSIS_RTOS_V2/cmsis_os2.o
 .debug_line    0x000000000001162a      0x702 ./Middlewares/Third_Party/FreeRTOS/Source/list.o
 .debug_line    0x0000000000011d2c     0x16c5 ./Middlewares/Third_Party/FreeRTOS/Source/queue.o
 .debug_line    0x00000000000133f1     0x1d1c ./Middlewares/Third_Party/FreeRTOS/Source/tasks.o
 .debug_line    0x000000000001510d      0xc95 ./Middlewares/Third_Party/FreeRTOS/Source/timers.o
 .debug_line    0x0000000000015da2      0x7a8 ./Middlewares/Third_Party/FreeRTOS/Source/portable/GCC/ARM_CM4F/port.o
 .debug_line    0x000000000001654a      0x8c4 ./Middlewares/Third_Party/FreeRTOS/Source/portable/MemMang/heap_4.o

.debug_str      0x0000000000000000    0xc0406
 .debug_str     0x0000000000000000    0xb4c58 ./Core/Src/main.o
                                      0xb5408 (size before relaxing)
 .debug_str     0x00000000000b4c58      0x3fc ./Core/Src/stm32f3xx_hal_msp.o
                                      0xb0c93 (size before relaxing)
 .debug_str     0x00000000000b5054      0x10a ./Core/Src/stm32f3xx_hal_timebase_tim.o
                                      0xb08ef (size before relaxing)
 .debug_str     0x00000000000b515e       0xa5 ./Core/Src/stm32f3xx_it.o
                                      0xb088c (size before relaxing)
 .debug_str     0x00000000000b5203       0xe9 ./Core/Src/system_stm32f3xx.o
                                      0xafefd (size before relaxing)
 .debug_str     0x00000000000b52ec       0x36 ./Core/Startup/startup_stm32f303vctx.o
                                         0x89 (size before relaxing)
 .debug_str     0x00000000000b5322      0x35d ./Drivers/STM32F3xx_HAL_Driver/Src/stm32f3xx_hal.o
                                      0xb073b (size before relaxing)
 .debug_str     0x00000000000b567f      0x352 ./Drivers/STM32F3xx_HAL_Driver/Src/stm32f3xx_hal_cortex.o
                                      0xb078d (size before relaxing)
 .debug_str     0x00000000000b59d1      0x12b ./Drivers/STM32F3xx_HAL_Driver/Src/stm32f3xx_hal_gpio.o
                                      0xb006a (size before relaxing)
 .debug_str     0x00000000000b5afc      0x29b ./Drivers/STM32F3xx_HAL_Driver/Src/stm32f3xx_hal_rcc.o
                                      0xb039d (size before relaxing)
 .debug_str     0x00000000000b5d97       0xbe ./Drivers/STM32F3xx_HAL_Driver/Src/stm32f3xx_hal_rcc_ex.o
                                      0xb0161 (size before relaxing)
 .debug_str     0x00000000000b5e55      0xea6 ./Drivers/STM32F3xx_HAL_Driver/Src/stm32f3xx_hal_tim.o
                                      0xb1324 (size before relaxing)
 .debug_str     0x00000000000b6cfb      0x561 ./Drivers/STM32F3xx_HAL_Driver/Src/stm32f3xx_hal_tim_ex.o
                                      0xb0b7a (size before relaxing)
 .debug_str     0x00000000000b725c      0x88e ./Drivers/STM32F3xx_HAL_Driver/Src/stm32f3xx_hal_uart.o
                                      0xb0c20 (size before relaxing)
 .debug_str     0x00000000000b7aea     0x5f28 ./Middlewares/Third_Party/FreeRTOS/Source/CMSIS_RTOS_V2/cmsis_os2.o
                                       0xe397 (size before relaxing)
 .debug_str     0x00000000000bda12      0x21b ./Middlewares/Third_Party/FreeRTOS/Source/list.o
                                       0xa288 (size before relaxing)
 .debug_str     0x00000000000bdc2d      0x86c ./Middlewares/Third_Party/FreeRTOS/Source/queue.o
                                       0xbc82 (size before relaxing)
 .debug_str     0x00000000000be499     0x109b ./Middlewares/Third_Party/FreeRTOS/Source/tasks.o
                                       0xc7e6 (size before relaxing)
 .debug_str     0x00000000000bf534      0x515 ./Middlewares/Third_Party/FreeRTOS/Source/timers.o
                                       0xc157 (size before relaxing)
 .debug_str     0x00000000000bfa49      0x783 ./Middlewares/Third_Party/FreeRTOS/Source/portable/GCC/ARM_CM4F/port.o
                                       0x8125 (size before relaxing)
 .debug_str     0x00000000000c01cc      0x23a ./Middlewares/Third_Party/FreeRTOS/Source/portable/MemMang/heap_4.o
                                       0xa9d5 (size before relaxing)

.comment        0x0000000000000000       0x50
 .comment       0x0000000000000000       0x50 ./Core/Src/main.o
                                         0x51 (size before relaxing)
 .comment       0x0000000000000050       0x51 ./Core/Src/stm32f3xx_hal_msp.o
 .comment       0x0000000000000050       0x51 ./Core/Src/stm32f3xx_hal_timebase_tim.o
 .comment       0x0000000000000050       0x51 ./Core/Src/stm32f3xx_it.o
 .comment       0x0000000000000050       0x51 ./Core/Src/system_stm32f3xx.o
 .comment       0x0000000000000050       0x51 ./Drivers/STM32F3xx_HAL_Driver/Src/stm32f3xx_hal.o
 .comment       0x0000000000000050       0x51 ./Drivers/STM32F3xx_HAL_Driver/Src/stm32f3xx_hal_cortex.o
 .comment       0x0000000000000050       0x51 ./Drivers/STM32F3xx_HAL_Driver/Src/stm32f3xx_hal_gpio.o
 .comment       0x0000000000000050       0x51 ./Drivers/STM32F3xx_HAL_Driver/Src/stm32f3xx_hal_rcc.o
 .comment       0x0000000000000050       0x51 ./Drivers/STM32F3xx_HAL_Driver/Src/stm32f3xx_hal_rcc_ex.o
 .comment       0x0000000000000050       0x51 ./Drivers/STM32F3xx_HAL_Driver/Src/stm32f3xx_hal_tim.o
 .comment       0x0000000000000050       0x51 ./Drivers/STM32F3xx_HAL_Driver/Src/stm32f3xx_hal_tim_ex.o
 .comment       0x0000000000000050       0x51 ./Drivers/STM32F3xx_HAL_Driver/Src/stm32f3xx_hal_uart.o
 .comment       0x0000000000000050       0x51 ./Middlewares/Third_Party/FreeRTOS/Source/CMSIS_RTOS_V2/cmsis_os2.o
 .comment       0x0000000000000050       0x51 ./Middlewares/Third_Party/FreeRTOS/Source/list.o
 .comment       0x0000000000000050       0x51 ./Middlewares/Third_Party/FreeRTOS/Source/queue.o
 .comment       0x0000000000000050       0x51 ./Middlewares/Third_Party/FreeRTOS/Source/tasks.o
 .comment       0x0000000000000050       0x51 ./Middlewares/Third_Party/FreeRTOS/Source/timers.o
 .comment       0x0000000000000050       0x51 ./Middlewares/Third_Party/FreeRTOS/Source/portable/GCC/ARM_CM4F/port.o
 .comment       0x0000000000000050       0x51 ./Middlewares/Third_Party/FreeRTOS/Source/portable/MemMang/heap_4.o

.debug_frame    0x0000000000000000     0x518c
 .debug_frame   0x0000000000000000      0x154 ./Core/Src/main.o
 .debug_frame   0x0000000000000154       0x7c ./Core/Src/stm32f3xx_hal_msp.o
 .debug_frame   0x00000000000001d0       0x74 ./Core/Src/stm32f3xx_hal_timebase_tim.o
 .debug_frame   0x0000000000000244       0xc4 ./Core/Src/stm32f3xx_it.o
 .debug_frame   0x0000000000000308       0x58 ./Core/Src/system_stm32f3xx.o
 .debug_frame   0x0000000000000360      0x334 ./Drivers/STM32F3xx_HAL_Driver/Src/stm32f3xx_hal.o
 .debug_frame   0x0000000000000694      0x498 ./Drivers/STM32F3xx_HAL_Driver/Src/stm32f3xx_hal_cortex.o
 .debug_frame   0x0000000000000b2c      0x14c ./Drivers/STM32F3xx_HAL_Driver/Src/stm32f3xx_hal_gpio.o
 .debug_frame   0x0000000000000c78      0x214 ./Drivers/STM32F3xx_HAL_Driver/Src/stm32f3xx_hal_rcc.o
 .debug_frame   0x0000000000000e8c       0xb0 ./Drivers/STM32F3xx_HAL_Driver/Src/stm32f3xx_hal_rcc_ex.o
 .debug_frame   0x0000000000000f3c     0x121c ./Drivers/STM32F3xx_HAL_Driver/Src/stm32f3xx_hal_tim.o
 .debug_frame   0x0000000000002158      0x688 ./Drivers/STM32F3xx_HAL_Driver/Src/stm32f3xx_hal_tim_ex.o
 .debug_frame   0x00000000000027e0      0x9e8 ./Drivers/STM32F3xx_HAL_Driver/Src/stm32f3xx_hal_uart.o
 .debug_frame   0x00000000000031c8      0x980 ./Middlewares/Third_Party/FreeRTOS/Source/CMSIS_RTOS_V2/cmsis_os2.o
 .debug_frame   0x0000000000003b48       0xd8 ./Middlewares/Third_Party/FreeRTOS/Source/list.o
 .debug_frame   0x0000000000003c20      0x5ec ./Middlewares/Third_Party/FreeRTOS/Source/queue.o
 .debug_frame   0x000000000000420c      0x8a8 ./Middlewares/Third_Party/FreeRTOS/Source/tasks.o
 .debug_frame   0x0000000000004ab4      0x3b4 ./Middlewares/Third_Party/FreeRTOS/Source/timers.o
 .debug_frame   0x0000000000004e68      0x1a8 ./Middlewares/Third_Party/FreeRTOS/Source/portable/GCC/ARM_CM4F/port.o
 .debug_frame   0x0000000000005010      0x108 ./Middlewares/Third_Party/FreeRTOS/Source/portable/MemMang/heap_4.o
 .debug_frame   0x0000000000005118       0x2c c:/st/stm32cubeide_1.9.0/stm32cubeide/plugins/com.st.stm32cube.ide.mcu.externaltools.gnu-tools-for-stm32.10.3-2021.10.win32_1.0.100.202210260954/tools/bin/../lib/gcc/arm-none-eabi/10.3.1/../../../../arm-none-eabi/lib/thumb/v7e-m+fp/hard\libc_nano.a(lib_a-init.o)
 .debug_frame   0x0000000000005144       0x28 c:/st/stm32cubeide_1.9.0/stm32cubeide/plugins/com.st.stm32cube.ide.mcu.externaltools.gnu-tools-for-stm32.10.3-2021.10.win32_1.0.100.202210260954/tools/bin/../lib/gcc/arm-none-eabi/10.3.1/../../../../arm-none-eabi/lib/thumb/v7e-m+fp/hard\libc_nano.a(lib_a-memcpy-stub.o)
 .debug_frame   0x000000000000516c       0x20 c:/st/stm32cubeide_1.9.0/stm32cubeide/plugins/com.st.stm32cube.ide.mcu.externaltools.gnu-tools-for-stm32.10.3-2021.10.win32_1.0.100.202210260954/tools/bin/../lib/gcc/arm-none-eabi/10.3.1/../../../../arm-none-eabi/lib/thumb/v7e-m+fp/hard\libc_nano.a(lib_a-memset.o)
