Archive member included to satisfy reference by file (symbol)

c:/st/stm32cubeide_1.9.0/stm32cubeide/plugins/com.st.stm32cube.ide.mcu.externaltools.gnu-tools-for-stm32.10.3-2021.10.win32_1.0.100.202210260954/tools/bin/../lib/gcc/arm-none-eabi/10.3.1/../../../../arm-none-eabi/lib/thumb/v7e-m+fp/hard\libc_nano.a(lib_a-errno.o)
                              ./Core/Src/syscalls.o (__errno)
c:/st/stm32cubeide_1.9.0/stm32cubeide/plugins/com.st.stm32cube.ide.mcu.externaltools.gnu-tools-for-stm32.10.3-2021.10.win32_1.0.100.202210260954/tools/bin/../lib/gcc/arm-none-eabi/10.3.1/../../../../arm-none-eabi/lib/thumb/v7e-m+fp/hard\libc_nano.a(lib_a-exit.o)
                              c:/st/stm32cubeide_1.9.0/stm32cubeide/plugins/com.st.stm32cube.ide.mcu.externaltools.gnu-tools-for-stm32.10.3-2021.10.win32_1.0.100.202210260954/tools/bin/../lib/gcc/arm-none-eabi/10.3.1/../../../../arm-none-eabi/lib/thumb/v7e-m+fp/hard/crt0.o (exit)
c:/st/stm32cubeide_1.9.0/stm32cubeide/plugins/com.st.stm32cube.ide.mcu.externaltools.gnu-tools-for-stm32.10.3-2021.10.win32_1.0.100.202210260954/tools/bin/../lib/gcc/arm-none-eabi/10.3.1/../../../../arm-none-eabi/lib/thumb/v7e-m+fp/hard\libc_nano.a(lib_a-impure.o)
                              c:/st/stm32cubeide_1.9.0/stm32cubeide/plugins/com.st.stm32cube.ide.mcu.externaltools.gnu-tools-for-stm32.10.3-2021.10.win32_1.0.100.202210260954/tools/bin/../lib/gcc/arm-none-eabi/10.3.1/../../../../arm-none-eabi/lib/thumb/v7e-m+fp/hard\libc_nano.a(lib_a-exit.o) (_global_impure_ptr)
c:/st/stm32cubeide_1.9.0/stm32cubeide/plugins/com.st.stm32cube.ide.mcu.externaltools.gnu-tools-for-stm32.10.3-2021.10.win32_1.0.100.202210260954/tools/bin/../lib/gcc/arm-none-eabi/10.3.1/../../../../arm-none-eabi/lib/thumb/v7e-m+fp/hard\libc_nano.a(lib_a-init.o)
                              c:/st/stm32cubeide_1.9.0/stm32cubeide/plugins/com.st.stm32cube.ide.mcu.externaltools.gnu-tools-for-stm32.10.3-2021.10.win32_1.0.100.202210260954/tools/bin/../lib/gcc/arm-none-eabi/10.3.1/../../../../arm-none-eabi/lib/thumb/v7e-m+fp/hard/crt0.o (__libc_init_array)
c:/st/stm32cubeide_1.9.0/stm32cubeide/plugins/com.st.stm32cube.ide.mcu.externaltools.gnu-tools-for-stm32.10.3-2021.10.win32_1.0.100.202210260954/tools/bin/../lib/gcc/arm-none-eabi/10.3.1/../../../../arm-none-eabi/lib/thumb/v7e-m+fp/hard\libc_nano.a(lib_a-memcpy-stub.o)
                              ./Middlewares/Third_Party/FreeRTOS/Source/CMSIS_RTOS_V2/cmsis_os2.o (memcpy)
c:/st/stm32cubeide_1.9.0/stm32cubeide/plugins/com.st.stm32cube.ide.mcu.externaltools.gnu-tools-for-stm32.10.3-2021.10.win32_1.0.100.202210260954/tools/bin/../lib/gcc/arm-none-eabi/10.3.1/../../../../arm-none-eabi/lib/thumb/v7e-m+fp/hard\libc_nano.a(lib_a-memset.o)
                              c:/st/stm32cubeide_1.9.0/stm32cubeide/plugins/com.st.stm32cube.ide.mcu.externaltools.gnu-tools-for-stm32.10.3-2021.10.win32_1.0.100.202210260954/tools/bin/../lib/gcc/arm-none-eabi/10.3.1/../../../../arm-none-eabi/lib/thumb/v7e-m+fp/hard/crt0.o (memset)

Discarded input sections

 .text          0x0000000000000000        0x0 c:/st/stm32cubeide_1.9.0/stm32cubeide/plugins/com.st.stm32cube.ide.mcu.externaltools.gnu-tools-for-stm32.10.3-2021.10.win32_1.0.100.202210260954/tools/bin/../lib/gcc/arm-none-eabi/10.3.1/thumb/v7e-m+fp/hard/crti.o
 .data          0x0000000000000000        0x0 c:/st/stm32cubeide_1.9.0/stm32cubeide/plugins/com.st.stm32cube.ide.mcu.externaltools.gnu-tools-for-stm32.10.3-2021.10.win32_1.0.100.202210260954/tools/bin/../lib/gcc/arm-none-eabi/10.3.1/thumb/v7e-m+fp/hard/crti.o
 .bss           0x0000000000000000        0x0 c:/st/stm32cubeide_1.9.0/stm32cubeide/plugins/com.st.stm32cube.ide.mcu.externaltools.gnu-tools-for-stm32.10.3-2021.10.win32_1.0.100.202210260954/tools/bin/../lib/gcc/arm-none-eabi/10.3.1/thumb/v7e-m+fp/hard/crti.o
 .data          0x0000000000000000        0x4 c:/st/stm32cubeide_1.9.0/stm32cubeide/plugins/com.st.stm32cube.ide.mcu.externaltools.gnu-tools-for-stm32.10.3-2021.10.win32_1.0.100.202210260954/tools/bin/../lib/gcc/arm-none-eabi/10.3.1/thumb/v7e-m+fp/hard/crtbegin.o
 .rodata        0x0000000000000000       0x24 c:/st/stm32cubeide_1.9.0/stm32cubeide/plugins/com.st.stm32cube.ide.mcu.externaltools.gnu-tools-for-stm32.10.3-2021.10.win32_1.0.100.202210260954/tools/bin/../lib/gcc/arm-none-eabi/10.3.1/thumb/v7e-m+fp/hard/crtbegin.o
 .text          0x0000000000000000       0x7c c:/st/stm32cubeide_1.9.0/stm32cubeide/plugins/com.st.stm32cube.ide.mcu.externaltools.gnu-tools-for-stm32.10.3-2021.10.win32_1.0.100.202210260954/tools/bin/../lib/gcc/arm-none-eabi/10.3.1/../../../../arm-none-eabi/lib/thumb/v7e-m+fp/hard/crt0.o
 .data          0x0000000000000000        0x0 c:/st/stm32cubeide_1.9.0/stm32cubeide/plugins/com.st.stm32cube.ide.mcu.externaltools.gnu-tools-for-stm32.10.3-2021.10.win32_1.0.100.202210260954/tools/bin/../lib/gcc/arm-none-eabi/10.3.1/../../../../arm-none-eabi/lib/thumb/v7e-m+fp/hard/crt0.o
[...]
Memory Configuration

Name             Origin             Length             Attributes
CCMRAM           0x0000000010000000 0x0000000000002000 xrw
RAM              0x0000000020000000 0x000000000000a000 xrw
FLASH            0x0000000008000000 0x0000000000040000 xr
*default*        0x0000000000000000 0xffffffffffffffff

Linker script and memory map

LOAD c:/st/stm32cubeide_1.9.0/stm32cubeide/plugins/com.st.stm32cube.ide.mcu.externaltools.gnu-tools-for-stm32.10.3-2021.10.win32_1.0.100.202210260954/tools/bin/../lib/gcc/arm-none-eabi/10.3.1/thumb/v7e-m+fp/hard/crti.o
LOAD c:/st/stm32cubeide_1.9.0/stm32cubeide/plugins/com.st.stm32cube.ide.mcu.externaltools.gnu-tools-for-stm32.10.3-2021.10.win32_1.0.100.202210260954/tools/bin/../lib/gcc/arm-none-eabi/10.3.1/thumb/v7e-m+fp/hard/crtbegin.o
LOAD c:/st/stm32cubeide_1.9.0/stm32cubeide/plugins/com.st.stm32cube.ide.mcu.externaltools.gnu-tools-for-stm32.10.3-2021.10.win32_1.0.100.202210260954/tools/bin/../lib/gcc/arm-none-eabi/10.3.1/../../../../arm-none-eabi/lib/thumb/v7e-m+fp/hard/crt0.o
LOAD ./Core/Src/freertos.o
LOAD ./Core/Src/main.o
LOAD ./Core/Src/stm32f3xx_hal_msp.o
LOAD ./Core/Src/stm32f3xx_hal_timebase_tim.o
LOAD ./Core/Src/stm32f3xx_it.o
LOAD ./Core/Src/syscalls.o
LOAD ./Core/Src/sysmem.o
LOAD ./Core/Src/system_stm32f3xx.o
LOAD ./Core/Startup/startup_stm32f303vctx.o
LOAD ./Drivers/STM32F3xx_HAL_Driver/Src/stm32f3xx_hal.o
LOAD ./Drivers/STM32F3xx_HAL_Driver/Src/stm32f3xx_hal_cortex.o
LOAD ./Drivers/STM32F3xx_HAL_Driver/Src/stm32f3xx_hal_dma.o
LOAD ./Drivers/STM32F3xx_HAL_Driver/Src/stm32f3xx_hal_exti.o
LOAD ./Drivers/STM32F3xx_HAL_Driver/Src/stm32f3xx_hal_flash.o
LOAD ./Drivers/STM32F3xx_HAL_Driver/Src/stm32f3xx_hal_flash_ex.o
LOAD ./Drivers/STM32F3xx_HAL_Driver/Src/stm32f3xx_hal_gpio.o
LOAD ./Drivers/STM32F3xx_HAL_Driver/Src/stm32f3xx_hal_i2c.o
LOAD ./Drivers/STM32F3xx_HAL_Driver/Src/stm32f3xx_hal_i2c_ex.o
LOAD ./Drivers/STM32F3xx_HAL_Driver/Src/stm32f3xx_hal_pwr.o
LOAD ./Drivers/STM32F3xx_HAL_Driver/Src/stm32f3xx_hal_pwr_ex.o
LOAD ./Drivers/STM32F3xx_HAL_Driver/Src/stm32f3xx_hal_rcc.o
LOAD ./Drivers/STM32F3xx_HAL_Driver/Src/stm32f3xx_hal_rcc_ex.o
LOAD ./Drivers/STM32F3xx_HAL_Driver/Src/stm32f3xx_hal_tim.o
LOAD ./Drivers/STM32F3xx_HAL_Driver/Src/stm32f3xx_hal_tim_ex.o
LOAD ./Drivers/STM32F3xx_HAL_Driver/Src/stm32f3xx_hal_uart.o
LOAD ./Drivers/STM32F3xx_HAL_Driver/Src/stm32f3xx_hal_uart_ex.o
LOAD ./Middlewares/Third_Party/FreeRTOS/Source/CMSIS_RTOS_V2/cmsis_os2.o
LOAD ./Middlewares/Third_Party/FreeRTOS/Source/croutine.o
LOAD ./Middlewares/Third_Party/FreeRTOS/Source/event_groups.o
LOAD ./Middlewares/Third_Party/FreeRTOS/Source/list.o
LOAD ./Middlewares/Third_Party/FreeRTOS/Source/queue.o
LOAD ./Middlewares/Third_Party/FreeRTOS/Source/stream_buffer.o
LOAD ./Middlewares/Third_Party/FreeRTOS/Source/tasks.o
LOAD ./Middlewares/Third_Party/FreeRTOS/Source/timers.o
LOAD ./Middlewares/Third_Party/FreeRTOS/Source/portable/GCC/ARM_CM4F/port.o
LOAD ./Middlewares/Third_Party/FreeRTOS/Source/portable/MemMang/heap_4.o
START GROUP
LOAD c:/st/stm32cubeide_1.9.0/stm32cubeide/plugins/com.st.stm32cube.ide.mcu.externaltools.gnu-tools-for-stm32.10.3-2021.10.win32_1.0.100.202210260954/tools/bin/../lib/gcc/arm-none-eabi/10.3.1/../../../../arm-none-eabi/lib/thumb/v7e-m+fp/hard\libc_nano.a
LOAD c:/st/stm32cubeide_1.9.0/stm32cubeide/plugins/com.st.stm32cube.ide.mcu.externaltools.gnu-tools-for-stm32.10.3-2021.10.win32_1.0.100.202210260954/tools/bin/../lib/gcc/arm-none-eabi/10.3.1/../../../../arm-none-eabi/lib/thumb/v7e-m+fp/hard\libm.a
END GROUP
START GROUP
LOAD c:/st/stm32cubeide_1.9.0/stm32cubeide/plugins/com.st.stm32cube.ide.mcu.externaltools.gnu-tools-for-stm32.10.3-2021.10.win32_1.0.100.202210260954/tools/bin/../lib/gcc/arm-none-eabi/10.3.1/thumb/v7e-m+fp/hard\libgcc.a
LOAD c:/st/stm32cubeide_1.9.0/stm32cubeide/plugins/com.st.stm32cube.ide.mcu.externaltools.gnu-tools-for-stm32.10.3-2021.10.win32_1.0.100.202210260954/tools/bin/../lib/gcc/arm-none-eabi/10.3.1/../../../../arm-none-eabi/lib/thumb/v7e-m+fp/hard\libc_nano.a
END GROUP
START GROUP
LOAD c:/st/stm32cubeide_1.9.0/stm32cubeide/plugins/com.st.stm32cube.ide.mcu.externaltools.gnu-tools-for-stm32.10.3-2021.10.win32_1.0.100.202210260954/tools/bin/../lib/gcc/arm-none-eabi/10.3.1/thumb/v7e-m+fp/hard\libgcc.a
LOAD c:/st/stm32cubeide_1.9.0/stm32cubeide/plugins/com.st.stm32cube.ide.mcu.externaltools.gnu-tools-for-stm32.10.3-2021.10.win32_1.0.100.202210260954/tools/bin/../lib/gcc/arm-none-eabi/10.3.1/../../../../arm-none-eabi/lib/thumb/v7e-m+fp/hard\libc_nano.a
LOAD c:/st/stm32cubeide_1.9.0/stm32cubeide/plugins/com.st.stm32cube.ide.mcu.externaltools.gnu-tools-for-stm32.10.3-2021.10.win32_1.0.100.202210260954/tools/bin/../lib/gcc/arm-none-eabi/10.3.1/../../../../arm-none-eabi/lib/thumb/v7e-m+fp/hard\libnosys.a
END GROUP
START GROUP
LOAD c:/st/stm32cubeide_1.9.0/stm32cubeide/plugins/com.st.stm32cube.ide.mcu.externaltools.gnu-tools-for-stm32.10.3-2021.10.win32_1.0.100.202210260954/tools/bin/../lib/gcc/arm-none-eabi/10.3.1/thumb/v7e-m+fp/hard\libgcc.a
LOAD c:/st/stm32cubeide_1.9.0/stm32cubeide/plugins/com.st.stm32cube.ide.mcu.externaltools.gnu-tools-for-stm32.10.3-2021.10.win32_1.0.100.202210260954/tools/bin/../lib/gcc/arm-none-eabi/10.3.1/../../../../arm-none-eabi/lib/thumb/v7e-m+fp/hard\libc_nano.a
LOAD c:/st/stm32cubeide_1.9.0/stm32cubeide/plugins/com.st.stm32cube.ide.mcu.externaltools.gnu-tools-for-stm32.10.3-2021.10.win32_1.0.100.202210260954/tools/bin/../lib/gcc/arm-none-eabi/10.3.1/../../../../arm-none-eabi/lib/thumb/v7e-m+fp/hard\libnosys.a
END GROUP
LOAD c:/st/stm32cubeide_1.9.0/stm32cubeide/plugins/com.st.stm32cube.ide.mcu.externaltools.gnu-tools-for-stm32.10.3-2021.10.win32_1.0.100.202210260954/tools/bin/../lib/gcc/arm-none-eabi/10.3.1/thumb/v7e-m+fp/hard/crtend.o
LOAD c:/st/stm32cubeide_1.9.0/stm32cubeide/plugins/com.st.stm32cube.ide.mcu.externaltools.gnu-tools-for-stm32.10.3-2021.10.win32_1.0.100.202210260954/tools/bin/../lib/gcc/arm-none-eabi/10.3.1/thumb/v7e-m+fp/hard/crtn.o
                0x000000002000a000                _estack = (ORIGIN (RAM) + LENGTH (RAM))
                0x0000000000000200                _Min_Heap_Size = 0x200
                0x0000000000000400                _Min_Stack_Size = 0x400

.isr_vector     0x0000000008000000      0x188
                0x0000000008000000                . = ALIGN (0x4)
 *(.isr_vector)
 .isr_vector    0x0000000008000000      0x188 ./Core/Startup/startup_stm32f303vctx.o
                0x0000000008000000                g_pfnVectors
                0x0000000008000188                . = ALIGN (0x4)

.text           0x0000000008000190     0x5ee8
                0x0000000008000190                . = ALIGN (0x4)
 *(.text)
 .text          0x0000000008000190       0x40 c:/st/stm32cubeide_1.9.0/stm32cubeide/plugins/com.st.stm32cube.ide.mcu.externaltools.gnu-tools-for-stm32.10.3-2021.10.win32_1.0.100.202210260954/tools/bin/../lib/gcc/arm-none-eabi/10.3.1/thumb/v7e-m+fp/hard/crtbegin.o
 *(.text*)
 .text.main     0x00000000080001d0       0xac ./Core/Src/main.o
                0x00000000080001d0                main
 .text.vTask1   0x000000000800027c       0x50 ./Core/Src/main.o
                0x000000000800027c                vTask1
 .text.vTask2   0x00000000080002cc      0x124 ./Core/Src/main.o
                0x00000000080002cc                vTask2
 .text.vTask3   0x00000000080003f0       0x50 ./Core/Src/main.o
                0x00000000080003f0                vTask3
 .text.vTask4   0x0000000008000440       0x50 ./Core/Src/main.o
                0x0000000008000440                vTask4
 .text.SystemClock_Config
                0x0000000008000490       0xb4 ./Core/Src/main.o
                0x0000000008000490                SystemClock_Config
 .text.MX_USART2_UART_Init
                0x0000000008000544       0x60 ./Core/Src/main.o
 .text.MX_GPIO_Init
                0x00000000080005a4      0x168 ./Core/Src/main.o
 .text.HAL_TIM_PeriodElapsedCallback
                0x000000000800070c       0x24 ./Core/Src/main.o
                0x000000000800070c                HAL_TIM_PeriodElapsedCallback
 .text.Error_Handler
                0x0000000008000730        0xa ./Core/Src/main.o
                0x0000000008000730                Error_Handler
 *fill*         0x000000000800073a        0x2 
 .text.HAL_MspInit
                0x000000000800073c       0x50 ./Core/Src/stm32f3xx_hal_msp.o
                0x000000000800073c                HAL_MspInit
 .text.HAL_UART_MspInit
                0x000000000800078c       0x84 ./Core/Src/stm32f3xx_hal_msp.o
                0x000000000800078c                HAL_UART_MspInit
 .text.HAL_InitTick
                0x0000000008000810       0xe0 ./Core/Src/stm32f3xx_hal_timebase_tim.o
                0x0000000008000810                HAL_InitTick
 .text.NMI_Handler
                0x00000000080008f0        0x6 ./Core/Src/stm32f3xx_it.o
                0x00000000080008f0                NMI_Handler
 .text.HardFault_Handler
                0x00000000080008f6        0x6 ./Core/Src/stm32f3xx_it.o
                0x00000000080008f6                HardFault_Handler
 .text.MemManage_Handler
                0x00000000080008fc        0x6 ./Core/Src/stm32f3xx_it.o
                0x00000000080008fc                MemManage_Handler
 .text.BusFault_Handler
                0x0000000008000902        0x6 ./Core/Src/stm32f3xx_it.o
                0x0000000008000902                BusFault_Handler
 .text.UsageFault_Handler
                0x0000000008000908        0x6 ./Core/Src/stm32f3xx_it.o
                0x0000000008000908                UsageFault_Handler
 .text.DebugMon_Handler
                0x000000000800090e        0xe ./Core/Src/stm32f3xx_it.o
                0x000000000800090e                DebugMon_Handler
 .text.TIM1_UP_TIM16_IRQHandler
                0x000000000800091c       0x14 ./Core/Src/stm32f3xx_it.o
                0x000000000800091c                TIM1_UP_TIM16_IRQHandler
 .text.SystemInit
                0x0000000008000930       0x24 ./Core/Src/system_stm32f3xx.o
                0x0000000008000930                SystemInit
 .text.Reset_Handler
                0x0000000008000954       0x50 ./Core/Startup/startup_stm32f303vctx.o
                0x0000000008000954                Reset_Handler
 .text.Default_Handler
                0x00000000080009a4        0x2 ./Core/Startup/startup_stm32f303vctx.o
                0x00000000080009a4                RTC_Alarm_IRQHandler
                0x00000000080009a4                TIM8_TRG_COM_IRQHandler
                0x00000000080009a4                TIM8_CC_IRQHandler
                0x00000000080009a4                TIM1_CC_IRQHandler
                0x00000000080009a4                USB_HP_IRQHandler
                0x00000000080009a4                PVD_IRQHandler
                0x00000000080009a4                TAMP_STAMP_IRQHandler
                0x00000000080009a4                EXTI3_IRQHandler
                0x00000000080009a4                USB_HP_CAN_TX_IRQHandler
                0x00000000080009a4                EXTI0_IRQHandler
                0x00000000080009a4                I2C2_EV_IRQHandler
                0x00000000080009a4                FPU_IRQHandler
                0x00000000080009a4                ADC1_2_IRQHandler
                0x00000000080009a4                SPI1_IRQHandler
                0x00000000080009a4                CAN_SCE_IRQHandler
                0x00000000080009a4                TIM6_DAC_IRQHandler
                0x00000000080009a4                TIM8_UP_IRQHandler
                0x00000000080009a4                DMA2_Channel2_IRQHandler
                0x00000000080009a4                DMA1_Channel4_IRQHandler
                0x00000000080009a4                USART3_IRQHandler
                0x00000000080009a4                DMA1_Channel7_IRQHandler
                0x00000000080009a4                UART5_IRQHandler
                0x00000000080009a4                ADC3_IRQHandler
                0x00000000080009a4                TIM4_IRQHandler
                0x00000000080009a4                CAN_RX1_IRQHandler
                0x00000000080009a4                DMA2_Channel1_IRQHandler
                0x00000000080009a4                I2C1_EV_IRQHandler
                0x00000000080009a4                DMA1_Channel6_IRQHandler
                0x00000000080009a4                UART4_IRQHandler
                0x00000000080009a4                DMA2_Channel4_IRQHandler
                0x00000000080009a4                TIM3_IRQHandler
                0x00000000080009a4                RCC_IRQHandler
                0x00000000080009a4                DMA1_Channel1_IRQHandler
                0x00000000080009a4                Default_Handler
                0x00000000080009a4                USBWakeUp_RMP_IRQHandler
                0x00000000080009a4                EXTI15_10_IRQHandler
                0x00000000080009a4                TIM7_IRQHandler
                0x00000000080009a4                EXTI9_5_IRQHandler
                0x00000000080009a4                RTC_WKUP_IRQHandler
                0x00000000080009a4                SPI2_IRQHandler
                0x00000000080009a4                USB_LP_CAN_RX0_IRQHandler
                0x00000000080009a4                DMA2_Channel5_IRQHandler
                0x00000000080009a4                DMA1_Channel5_IRQHandler
                0x00000000080009a4                USB_LP_IRQHandler
                0x00000000080009a4                EXTI4_IRQHandler
                0x00000000080009a4                TIM1_TRG_COM_TIM17_IRQHandler
                0x00000000080009a4                DMA1_Channel3_IRQHandler
                0x00000000080009a4                ADC4_IRQHandler
                0x00000000080009a4                WWDG_IRQHandler
                0x00000000080009a4                TIM2_IRQHandler
                0x00000000080009a4                COMP7_IRQHandler
                0x00000000080009a4                COMP1_2_3_IRQHandler
                0x00000000080009a4                EXTI1_IRQHandler
                0x00000000080009a4                USART2_IRQHandler
                0x00000000080009a4                COMP4_5_6_IRQHandler
                0x00000000080009a4                I2C2_ER_IRQHandler
                0x00000000080009a4                DMA1_Channel2_IRQHandler
                0x00000000080009a4                TIM8_BRK_IRQHandler
                0x00000000080009a4                FLASH_IRQHandler
                0x00000000080009a4                USART1_IRQHandler
                0x00000000080009a4                SPI3_IRQHandler
                0x00000000080009a4                I2C1_ER_IRQHandler
                0x00000000080009a4                USBWakeUp_IRQHandler
                0x00000000080009a4                DMA2_Channel3_IRQHandler
                0x00000000080009a4                EXTI2_TSC_IRQHandler
                0x00000000080009a4                TIM1_BRK_TIM15_IRQHandler
 *fill*         0x00000000080009a6        0x2 
 .text.HAL_Init
                0x00000000080009a8       0x2c ./Drivers/STM32F3xx_HAL_Driver/Src/stm32f3xx_hal.o
                0x00000000080009a8                HAL_Init
 .text.HAL_IncTick
                0x00000000080009d4       0x28 ./Drivers/STM32F3xx_HAL_Driver/Src/stm32f3xx_hal.o
                0x00000000080009d4                HAL_IncTick
 .text.HAL_GetTick
                0x00000000080009fc       0x18 ./Drivers/STM32F3xx_HAL_Driver/Src/stm32f3xx_hal.o
                0x00000000080009fc                HAL_GetTick
 .text.HAL_Delay
                0x0000000008000a14       0x48 ./Drivers/STM32F3xx_HAL_Driver/Src/stm32f3xx_hal.o
                0x0000000008000a14                HAL_Delay
 .text.__NVIC_SetPriorityGrouping
                0x0000000008000a5c       0x48 ./Drivers/STM32F3xx_HAL_Driver/Src/stm32f3xx_hal_cortex.o
 .text.__NVIC_GetPriorityGrouping
                0x0000000008000aa4       0x1c ./Drivers/STM32F3xx_HAL_Driver/Src/stm32f3xx_hal_cortex.o
 .text.__NVIC_EnableIRQ
                0x0000000008000ac0       0x3c ./Drivers/STM32F3xx_HAL_Driver/Src/stm32f3xx_hal_cortex.o
 .text.__NVIC_SetPriority
                0x0000000008000afc       0x54 ./Drivers/STM32F3xx_HAL_Driver/Src/stm32f3xx_hal_cortex.o
 .text.NVIC_EncodePriority
                0x0000000008000b50       0x66 ./Drivers/STM32F3xx_HAL_Driver/Src/stm32f3xx_hal_cortex.o
 .text.HAL_NVIC_SetPriorityGrouping
                0x0000000008000bb6       0x16 ./Drivers/STM32F3xx_HAL_Driver/Src/stm32f3xx_hal_cortex.o
                0x0000000008000bb6                HAL_NVIC_SetPriorityGrouping
 .text.HAL_NVIC_SetPriority
                0x0000000008000bcc       0x38 ./Drivers/STM32F3xx_HAL_Driver/Src/stm32f3xx_hal_cortex.o
                0x0000000008000bcc                HAL_NVIC_SetPriority
 .text.HAL_NVIC_EnableIRQ
                0x0000000008000c04       0x1c ./Drivers/STM32F3xx_HAL_Driver/Src/stm32f3xx_hal_cortex.o
                0x0000000008000c04                HAL_NVIC_EnableIRQ
 .text.HAL_GPIO_Init
                0x0000000008000c20      0x2f4 ./Drivers/STM32F3xx_HAL_Driver/Src/stm32f3xx_hal_gpio.o
                0x0000000008000c20                HAL_GPIO_Init
 .text.HAL_GPIO_WritePin
                0x0000000008000f14       0x30 ./Drivers/STM32F3xx_HAL_Driver/Src/stm32f3xx_hal_gpio.o
                0x0000000008000f14                HAL_GPIO_WritePin
 .text.HAL_RCC_OscConfig
                0x0000000008000f44     0x107c ./Drivers/STM32F3xx_HAL_Driver/Src/stm32f3xx_hal_rcc.o
                0x0000000008000f44                HAL_RCC_OscConfig
 .text.HAL_RCC_ClockConfig
                0x0000000008001fc0      0x2f8 ./Drivers/STM32F3xx_HAL_Driver/Src/stm32f3xx_hal_rcc.o
                0x0000000008001fc0                HAL_RCC_ClockConfig
 .text.HAL_RCC_GetSysClockFreq
                0x00000000080022b8       0xd4 ./Drivers/STM32F3xx_HAL_Driver/Src/stm32f3xx_hal_rcc.o
                0x00000000080022b8                HAL_RCC_GetSysClockFreq
 .text.HAL_RCC_GetHCLKFreq
                0x000000000800238c       0x18 ./Drivers/STM32F3xx_HAL_Driver/Src/stm32f3xx_hal_rcc.o
                0x000000000800238c                HAL_RCC_GetHCLKFreq
 .text.HAL_RCC_GetPCLK1Freq
                0x00000000080023a4       0x44 ./Drivers/STM32F3xx_HAL_Driver/Src/stm32f3xx_hal_rcc.o
                0x00000000080023a4                HAL_RCC_GetPCLK1Freq
 .text.HAL_RCC_GetPCLK2Freq
                0x00000000080023e8       0x44 ./Drivers/STM32F3xx_HAL_Driver/Src/stm32f3xx_hal_rcc.o
                0x00000000080023e8                HAL_RCC_GetPCLK2Freq
 .text.HAL_RCC_GetClockConfig
                0x000000000800242c       0x64 ./Drivers/STM32F3xx_HAL_Driver/Src/stm32f3xx_hal_rcc.o
                0x000000000800242c                HAL_RCC_GetClockConfig
 .text.HAL_RCCEx_PeriphCLKConfig
                0x0000000008002490      0x360 ./Drivers/STM32F3xx_HAL_Driver/Src/stm32f3xx_hal_rcc_ex.o
                0x0000000008002490                HAL_RCCEx_PeriphCLKConfig
 .text.HAL_TIM_Base_Init
                0x00000000080027f0       0xae ./Drivers/STM32F3xx_HAL_Driver/Src/stm32f3xx_hal_tim.o
                0x00000000080027f0                HAL_TIM_Base_Init
 .text.HAL_TIM_Base_MspInit
                0x000000000800289e       0x14 ./Drivers/STM32F3xx_HAL_Driver/Src/stm32f3xx_hal_tim.o
                0x000000000800289e                HAL_TIM_Base_MspInit
 *fill*         0x00000000080028b2        0x2 
 .text.HAL_TIM_Base_Start_IT
                0x00000000080028b4       0xd4 ./Drivers/STM32F3xx_HAL_Driver/Src/stm32f3xx_hal_tim.o
                0x00000000080028b4                HAL_TIM_Base_Start_IT
 .text.HAL_TIM_IRQHandler
                0x0000000008002988      0x23e ./Drivers/STM32F3xx_HAL_Driver/Src/stm32f3xx_hal_tim.o
                0x0000000008002988                HAL_TIM_IRQHandler
 .text.HAL_TIM_OC_DelayElapsedCallback
                0x0000000008002bc6       0x14 ./Drivers/STM32F3xx_HAL_Driver/Src/stm32f3xx_hal_tim.o
                0x0000000008002bc6                HAL_TIM_OC_DelayElapsedCallback
 .text.HAL_TIM_IC_CaptureCallback
                0x0000000008002bda       0x14 ./Drivers/STM32F3xx_HAL_Driver/Src/stm32f3xx_hal_tim.o
                0x0000000008002bda                HAL_TIM_IC_CaptureCallback
 .text.HAL_TIM_PWM_PulseFinishedCallback
                0x0000000008002bee       0x14 ./Drivers/STM32F3xx_HAL_Driver/Src/stm32f3xx_hal_tim.o
                0x0000000008002bee                HAL_TIM_PWM_PulseFinishedCallback
 .text.HAL_TIM_TriggerCallback
                0x0000000008002c02       0x14 ./Drivers/STM32F3xx_HAL_Driver/Src/stm32f3xx_hal_tim.o
                0x0000000008002c02                HAL_TIM_TriggerCallback
 *fill*         0x0000000008002c16        0x2 
 .text.TIM_Base_SetConfig
                0x0000000008002c18      0x120 ./Drivers/STM32F3xx_HAL_Driver/Src/stm32f3xx_hal_tim.o
                0x0000000008002c18                TIM_Base_SetConfig
 .text.HAL_TIMEx_CommutCallback
                0x0000000008002d38       0x14 ./Drivers/STM32F3xx_HAL_Driver/Src/stm32f3xx_hal_tim_ex.o
                0x0000000008002d38                HAL_TIMEx_CommutCallback
 .text.HAL_TIMEx_BreakCallback
                0x0000000008002d4c       0x14 ./Drivers/STM32F3xx_HAL_Driver/Src/stm32f3xx_hal_tim_ex.o
                0x0000000008002d4c                HAL_TIMEx_BreakCallback
 .text.HAL_TIMEx_Break2Callback
                0x0000000008002d60       0x14 ./Drivers/STM32F3xx_HAL_Driver/Src/stm32f3xx_hal_tim_ex.o
                0x0000000008002d60                HAL_TIMEx_Break2Callback
 .text.HAL_UART_Init
                0x0000000008002d74       0x9c ./Drivers/STM32F3xx_HAL_Driver/Src/stm32f3xx_hal_uart.o
                0x0000000008002d74                HAL_UART_Init
 .text.UART_SetConfig
                0x0000000008002e10      0x3a8 ./Drivers/STM32F3xx_HAL_Driver/Src/stm32f3xx_hal_uart.o
                0x0000000008002e10                UART_SetConfig
 .text.UART_AdvFeatureConfig
                0x00000000080031b8      0x144 ./Drivers/STM32F3xx_HAL_Driver/Src/stm32f3xx_hal_uart.o
                0x00000000080031b8                UART_AdvFeatureConfig
 .text.UART_CheckIdleState
                0x00000000080032fc      0x150 ./Drivers/STM32F3xx_HAL_Driver/Src/stm32f3xx_hal_uart.o
                0x00000000080032fc                UART_CheckIdleState
 .text.UART_WaitOnFlagUntilTimeout
                0x000000000800344c       0xce ./Drivers/STM32F3xx_HAL_Driver/Src/stm32f3xx_hal_uart.o
                0x000000000800344c                UART_WaitOnFlagUntilTimeout
 .text.UART_EndRxTransfer
                0x000000000800351a       0xc8 ./Drivers/STM32F3xx_HAL_Driver/Src/stm32f3xx_hal_uart.o
 *fill*         0x00000000080035e2        0x2 
 .text.vApplicationGetIdleTaskMemory
                0x00000000080035e4       0x34 ./Middlewares/Third_Party/FreeRTOS/Source/CMSIS_RTOS_V2/cmsis_os2.o
                0x00000000080035e4                vApplicationGetIdleTaskMemory
 .text.vApplicationGetTimerTaskMemory
                0x0000000008003618       0x34 ./Middlewares/Third_Party/FreeRTOS/Source/CMSIS_RTOS_V2/cmsis_os2.o
                0x0000000008003618                vApplicationGetTimerTaskMemory
 .text.vListInitialise
                0x000000000800364c       0x40 ./Middlewares/Third_Party/FreeRTOS/Source/list.o
                0x000000000800364c                vListInitialise
 .text.vListInitialiseItem
                0x000000000800368c       0x1a ./Middlewares/Third_Party/FreeRTOS/Source/list.o
                0x000000000800368c                vListInitialiseItem
 .text.vListInsertEnd
                0x00000000080036a6       0x48 ./Middlewares/Third_Party/FreeRTOS/Source/list.o
                0x00000000080036a6                vListInsertEnd
 .text.vListInsert
                0x00000000080036ee       0x72 ./Middlewares/Third_Party/FreeRTOS/Source/list.o
                0x00000000080036ee                vListInsert
 .text.uxListRemove
                0x0000000008003760       0x54 ./Middlewares/Third_Party/FreeRTOS/Source/list.o
                0x0000000008003760                uxListRemove
 .text.xQueueGenericReset
                0x00000000080037b4       0xd0 ./Middlewares/Third_Party/FreeRTOS/Source/queue.o
                0x00000000080037b4                xQueueGenericReset
 .text.xQueueGenericCreateStatic
                0x0000000008003884       0xee ./Middlewares/Third_Party/FreeRTOS/Source/queue.o
                0x0000000008003884                xQueueGenericCreateStatic
 .text.prvInitialiseNewQueue
                0x0000000008003972       0x46 ./Middlewares/Third_Party/FreeRTOS/Source/queue.o
 .text.xQueueGenericSend
                0x00000000080039b8      0x1fc ./Middlewares/Third_Party/FreeRTOS/Source/queue.o
                0x00000000080039b8                xQueueGenericSend
 .text.xQueueGenericSendFromISR
                0x0000000008003bb4      0x130 ./Middlewares/Third_Party/FreeRTOS/Source/queue.o
                0x0000000008003bb4                xQueueGenericSendFromISR
 .text.xQueueReceive
                0x0000000008003ce4      0x1c0 ./Middlewares/Third_Party/FreeRTOS/Source/queue.o
                0x0000000008003ce4                xQueueReceive
 .text.prvCopyDataToQueue
                0x0000000008003ea4       0xd4 ./Middlewares/Third_Party/FreeRTOS/Source/queue.o
 .text.prvCopyDataFromQueue
                0x0000000008003f78       0x4c ./Middlewares/Third_Party/FreeRTOS/Source/queue.o
 .text.prvUnlockQueue
                0x0000000008003fc4       0xa4 ./Middlewares/Third_Party/FreeRTOS/Source/queue.o
 .text.prvIsQueueEmpty
                0x0000000008004068       0x2c ./Middlewares/Third_Party/FreeRTOS/Source/queue.o
 .text.prvIsQueueFull
                0x0000000008004094       0x30 ./Middlewares/Third_Party/FreeRTOS/Source/queue.o
 .text.vQueueAddToRegistry
                0x00000000080040c4       0x54 ./Middlewares/Third_Party/FreeRTOS/Source/queue.o
                0x00000000080040c4                vQueueAddToRegistry
 .text.vQueueWaitForMessageRestricted
                0x0000000008004118       0x68 ./Middlewares/Third_Party/FreeRTOS/Source/queue.o
                0x0000000008004118                vQueueWaitForMessageRestricted
 .text.xTaskCreateStatic
                0x0000000008004180       0xb8 ./Middlewares/Third_Party/FreeRTOS/Source/tasks.o
                0x0000000008004180                xTaskCreateStatic
 .text.xTaskCreate
                0x0000000008004238       0x8a ./Middlewares/Third_Party/FreeRTOS/Source/tasks.o
                0x0000000008004238                xTaskCreate
 .text.prvInitialiseNewTask
                0x00000000080042c2      0x10e ./Middlewares/Third_Party/FreeRTOS/Source/tasks.o
 .text.prvAddNewTaskToReadyList
                0x00000000080043d0       0xe0 ./Middlewares/Third_Party/FreeRTOS/Source/tasks.o
 .text.uxTaskPriorityGet
                0x00000000080044b0       0x34 ./Middlewares/Third_Party/FreeRTOS/Source/tasks.o
                0x00000000080044b0                uxTaskPriorityGet
 .text.vTaskPrioritySet
                0x00000000080044e4      0x144 ./Middlewares/Third_Party/FreeRTOS/Source/tasks.o
                0x00000000080044e4                vTaskPrioritySet
 .text.vTaskSuspend
                0x0000000008004628       0xec ./Middlewares/Third_Party/FreeRTOS/Source/tasks.o
                0x0000000008004628                vTaskSuspend
 .text.vTaskStartScheduler
                0x0000000008004714       0xcc ./Middlewares/Third_Party/FreeRTOS/Source/tasks.o
                0x0000000008004714                vTaskStartScheduler
 .text.vTaskSuspendAll
                0x00000000080047e0       0x1c ./Middlewares/Third_Party/FreeRTOS/Source/tasks.o
                0x00000000080047e0                vTaskSuspendAll
 .text.xTaskResumeAll
                0x00000000080047fc      0x13c ./Middlewares/Third_Party/FreeRTOS/Source/tasks.o
                0x00000000080047fc                xTaskResumeAll
 .text.xTaskGetTickCount
                0x0000000008004938       0x20 ./Middlewares/Third_Party/FreeRTOS/Source/tasks.o
                0x0000000008004938                xTaskGetTickCount
 .text.xTaskIncrementTick
                0x0000000008004958      0x17c ./Middlewares/Third_Party/FreeRTOS/Source/tasks.o
                0x0000000008004958                xTaskIncrementTick
 .text.vTaskSwitchContext
                0x0000000008004ad4       0xbc ./Middlewares/Third_Party/FreeRTOS/Source/tasks.o
                0x0000000008004ad4                vTaskSwitchContext
 .text.vTaskPlaceOnEventList
                0x0000000008004b90       0x48 ./Middlewares/Third_Party/FreeRTOS/Source/tasks.o
                0x0000000008004b90                vTaskPlaceOnEventList
 .text.vTaskPlaceOnEventListRestricted
                0x0000000008004bd8       0x58 ./Middlewares/Third_Party/FreeRTOS/Source/tasks.o
                0x0000000008004bd8                vTaskPlaceOnEventListRestricted
 .text.xTaskRemoveFromEventList
                0x0000000008004c30       0xc8 ./Middlewares/Third_Party/FreeRTOS/Source/tasks.o
                0x0000000008004c30                xTaskRemoveFromEventList
 .text.vTaskInternalSetTimeOutState
                0x0000000008004cf8       0x2c ./Middlewares/Third_Party/FreeRTOS/Source/tasks.o
                0x0000000008004cf8                vTaskInternalSetTimeOutState
 .text.xTaskCheckForTimeOut
                0x0000000008004d24       0xc4 ./Middlewares/Third_Party/FreeRTOS/Source/tasks.o
                0x0000000008004d24                xTaskCheckForTimeOut
 .text.vTaskMissedYield
                0x0000000008004de8       0x18 ./Middlewares/Third_Party/FreeRTOS/Source/tasks.o
                0x0000000008004de8                vTaskMissedYield
 .text.prvIdleTask
                0x0000000008004e00       0x30 ./Middlewares/Third_Party/FreeRTOS/Source/tasks.o
 .text.prvInitialiseTaskLists
                0x0000000008004e30       0x80 ./Middlewares/Third_Party/FreeRTOS/Source/tasks.o
 .text.prvCheckTasksWaitingTermination
                0x0000000008004eb0       0x5c ./Middlewares/Third_Party/FreeRTOS/Source/tasks.o
 .text.prvDeleteTCB
                0x0000000008004f0c       0x5e ./Middlewares/Third_Party/FreeRTOS/Source/tasks.o
 *fill*         0x0000000008004f6a        0x2 
 .text.prvResetNextTaskUnblockTime
                0x0000000008004f6c       0x4c ./Middlewares/Third_Party/FreeRTOS/Source/tasks.o
 .text.xTaskGetSchedulerState
                0x0000000008004fb8       0x3c ./Middlewares/Third_Party/FreeRTOS/Source/tasks.o
                0x0000000008004fb8                xTaskGetSchedulerState
 .text.xTaskPriorityDisinherit
                0x0000000008004ff4       0xdc ./Middlewares/Third_Party/FreeRTOS/Source/tasks.o
                0x0000000008004ff4                xTaskPriorityDisinherit
 .text.prvAddCurrentTaskToDelayedList
                0x00000000080050d0       0xa8 ./Middlewares/Third_Party/FreeRTOS/Source/tasks.o
 .text.xTimerCreateTimerTask
                0x0000000008005178       0x90 ./Middlewares/Third_Party/FreeRTOS/Source/timers.o
                0x0000000008005178                xTimerCreateTimerTask
 .text.xTimerGenericCommand
                0x0000000008005208       0x9c ./Middlewares/Third_Party/FreeRTOS/Source/timers.o
                0x0000000008005208                xTimerGenericCommand
 .text.prvProcessExpiredTimer
                0x00000000080052a4       0x80 ./Middlewares/Third_Party/FreeRTOS/Source/timers.o
 .text.prvTimerTask
                0x0000000008005324       0x24 ./Middlewares/Third_Party/FreeRTOS/Source/timers.o
 .text.prvProcessTimerOrBlockTask
                0x0000000008005348       0x9c ./Middlewares/Third_Party/FreeRTOS/Source/timers.o
 .text.prvGetNextExpireTime
                0x00000000080053e4       0x48 ./Middlewares/Third_Party/FreeRTOS/Source/timers.o
 .text.prvSampleTimeNow
                0x000000000800542c       0x40 ./Middlewares/Third_Party/FreeRTOS/Source/timers.o
 .text.prvInsertTimerInActiveList
                0x000000000800546c       0x84 ./Middlewares/Third_Party/FreeRTOS/Source/timers.o
 .text.prvProcessReceivedCommands
                0x00000000080054f0      0x168 ./Middlewares/Third_Party/FreeRTOS/Source/timers.o
 .text.prvSwitchTimerLists
                0x0000000008005658       0xc4 ./Middlewares/Third_Party/FreeRTOS/Source/timers.o
 .text.prvCheckForValidListAndQueue
                0x000000000800571c       0x80 ./Middlewares/Third_Party/FreeRTOS/Source/timers.o
 .text.pxPortInitialiseStack
                0x000000000800579c       0x68 ./Middlewares/Third_Party/FreeRTOS/Source/portable/GCC/ARM_CM4F/port.o
                0x000000000800579c                pxPortInitialiseStack
 .text.prvTaskExitError
                0x0000000008005804       0x58 ./Middlewares/Third_Party/FreeRTOS/Source/portable/GCC/ARM_CM4F/port.o
 *fill*         0x000000000800585c        0x4 
 .text.SVC_Handler
                0x0000000008005860       0x28 ./Middlewares/Third_Party/FreeRTOS/Source/portable/GCC/ARM_CM4F/port.o
                0x0000000008005860                SVC_Handler
 .text.prvPortStartFirstTask
                0x0000000008005888       0x28 ./Middlewares/Third_Party/FreeRTOS/Source/portable/GCC/ARM_CM4F/port.o
 .text.xPortStartScheduler
                0x00000000080058b0      0x144 ./Middlewares/Third_Party/FreeRTOS/Source/portable/GCC/ARM_CM4F/port.o
                0x00000000080058b0                xPortStartScheduler
 .text.vPortEnterCritical
                0x00000000080059f4       0x60 ./Middlewares/Third_Party/FreeRTOS/Source/portable/GCC/ARM_CM4F/port.o
                0x00000000080059f4                vPortEnterCritical
 .text.vPortExitCritical
                0x0000000008005a54       0x54 ./Middlewares/Third_Party/FreeRTOS/Source/portable/GCC/ARM_CM4F/port.o
                0x0000000008005a54                vPortExitCritical
 *fill*         0x0000000008005aa8        0x8 
 .text.PendSV_Handler
                0x0000000008005ab0       0x68 ./Middlewares/Third_Party/FreeRTOS/Source/portable/GCC/ARM_CM4F/port.o
                0x0000000008005ab0                PendSV_Handler
 .text.SysTick_Handler
                0x0000000008005b18       0x44 ./Middlewares/Third_Party/FreeRTOS/Source/portable/GCC/ARM_CM4F/port.o
                0x0000000008005b18                SysTick_Handler
 .text.vPortSetupTimerInterrupt
                0x0000000008005b5c       0x48 ./Middlewares/Third_Party/FreeRTOS/Source/portable/GCC/ARM_CM4F/port.o
                0x0000000008005b5c                vPortSetupTimerInterrupt
 .text.vPortEnableVFP
                0x0000000008005ba4       0x14 ./Middlewares/Third_Party/FreeRTOS/Source/portable/GCC/ARM_CM4F/port.o
 .text.vPortValidateInterruptPriority
                0x0000000008005bb8       0x80 ./Middlewares/Third_Party/FreeRTOS/Source/portable/GCC/ARM_CM4F/port.o
                0x0000000008005bb8                vPortValidateInterruptPriority
 .text.pvPortMalloc
                0x0000000008005c38      0x188 ./Middlewares/Third_Party/FreeRTOS/Source/portable/MemMang/heap_4.o
                0x0000000008005c38                pvPortMalloc
 .text.vPortFree
                0x0000000008005dc0       0xb4 ./Middlewares/Third_Party/FreeRTOS/Source/portable/MemMang/heap_4.o
                0x0000000008005dc0                vPortFree
 .text.prvHeapInit
                0x0000000008005e74       0xc4 ./Middlewares/Third_Party/FreeRTOS/Source/portable/MemMang/heap_4.o
 .text.prvInsertBlockIntoFreeList
                0x0000000008005f38       0xb4 ./Middlewares/Third_Party/FreeRTOS/Source/portable/MemMang/heap_4.o
 .text.__libc_init_array
                0x0000000008005fec       0x48 c:/st/stm32cubeide_1.9.0/stm32cubeide/plugins/com.st.stm32cube.ide.mcu.externaltools.gnu-tools-for-stm32.10.3-2021.10.win32_1.0.100.202210260954/tools/bin/../lib/gcc/arm-none-eabi/10.3.1/../../../../arm-none-eabi/lib/thumb/v7e-m+fp/hard\libc_nano.a(lib_a-init.o)
                0x0000000008005fec                __libc_init_array
 .text.memcpy   0x0000000008006034       0x1c c:/st/stm32cubeide_1.9.0/stm32cubeide/plugins/com.st.stm32cube.ide.mcu.externaltools.gnu-tools-for-stm32.10.3-2021.10.win32_1.0.100.202210260954/tools/bin/../lib/gcc/arm-none-eabi/10.3.1/../../../../arm-none-eabi/lib/thumb/v7e-m+fp/hard\libc_nano.a(lib_a-memcpy-stub.o)
                0x0000000008006034                memcpy
 .text.memset   0x0000000008006050       0x10 c:/st/stm32cubeide_1.9.0/stm32cubeide/plugins/com.st.stm32cube.ide.mcu.externaltools.gnu-tools-for-stm32.10.3-2021.10.win32_1.0.100.202210260954/tools/bin/../lib/gcc/arm-none-eabi/10.3.1/../../../../arm-none-eabi/lib/thumb/v7e-m+fp/hard\libc_nano.a(lib_a-memset.o)
                0x0000000008006050                memset
 *(.glue_7)
 .glue_7        0x0000000008006060        0x0 linker stubs
 *(.glue_7t)
 .glue_7t       0x0000000008006060        0x0 linker stubs
 *(.eh_frame)
 .eh_frame      0x0000000008006060        0x0 c:/st/stm32cubeide_1.9.0/stm32cubeide/plugins/com.st.stm32cube.ide.mcu.externaltools.gnu-tools-for-stm32.10.3-2021.10.win32_1.0.100.202210260954/tools/bin/../lib/gcc/arm-none-eabi/10.3.1/thumb/v7e-m+fp/hard/crtbegin.o
 *(.init)
 .init          0x0000000008006060        0x4 c:/st/stm32cubeide_1.9.0/stm32cubeide/plugins/com.st.stm32cube.ide.mcu.externaltools.gnu-tools-for-stm32.10.3-2021.10.win32_1.0.100.202210260954/tools/bin/../lib/gcc/arm-none-eabi/10.3.1/thumb/v7e-m+fp/hard/crti.o
                0x0000000008006060                _init
 .init          0x0000000008006064        0x8 c:/st/stm32cubeide_1.9.0/stm32cubeide/plugins/com.st.stm32cube.ide.mcu.externaltools.gnu-tools-for-stm32.10.3-2021.10.win32_1.0.100.202210260954/tools/bin/../lib/gcc/arm-none-eabi/10.3.1/thumb/v7e-m+fp/hard/crtn.o
 *(.fini)
 .fini          0x000000000800606c        0x4 c:/st/stm32cubeide_1.9.0/stm32cubeide/plugins/com.st.stm32cube.ide.mcu.externaltools.gnu-tools-for-stm32.10.3-2021.10.win32_1.0.100.202210260954/tools/bin/../lib/gcc/arm-none-eabi/10.3.1/thumb/v7e-m+fp/hard/crti.o
                0x000000000800606c                _fini
 .fini          0x0000000008006070        0x8 c:/st/stm32cubeide_1.9.0/stm32cubeide/plugins/com.st.stm32cube.ide.mcu.externaltools.gnu-tools-for-stm32.10.3-2021.10.win32_1.0.100.202210260954/tools/bin/../lib/gcc/arm-none-eabi/10.3.1/thumb/v7e-m+fp/hard/crtn.o
                0x0000000008006078                . = ALIGN (0x4)
                0x0000000008006078                _etext = .

.vfp11_veneer   0x0000000008006078        0x0
 .vfp11_veneer  0x0000000008006078        0x0 linker stubs

.v4_bx          0x0000000008006078        0x0
 .v4_bx         0x0000000008006078        0x0 linker stubs

.iplt           0x0000000008006078        0x0
 .iplt          0x0000000008006078        0x0 c:/st/stm32cubeide_1.9.0/stm32cubeide/plugins/com.st.stm32cube.ide.mcu.externaltools.gnu-tools-for-stm32.10.3-2021.10.win32_1.0.100.202210260954/tools/bin/../lib/gcc/arm-none-eabi/10.3.1/thumb/v7e-m+fp/hard/crtbegin.o

.rodata         0x0000000008006078       0x70
                0x0000000008006078                . = ALIGN (0x4)
 *(.rodata)
 .rodata        0x0000000008006078       0x1f ./Core/Src/main.o
 *fill*         0x0000000008006097        0x1 
 .rodata        0x0000000008006098        0x5 ./Middlewares/Third_Party/FreeRTOS/Source/tasks.o
 *fill*         0x000000000800609d        0x3 
 .rodata        0x00000000080060a0        0xd ./Middlewares/Third_Party/FreeRTOS/Source/timers.o
 *(.rodata*)
 *fill*         0x00000000080060ad        0x3 
 .rodata.AHBPrescTable
                0x00000000080060b0       0x10 ./Core/Src/system_stm32f3xx.o
                0x00000000080060b0                AHBPrescTable
 .rodata.APBPrescTable
                0x00000000080060c0        0x8 ./Core/Src/system_stm32f3xx.o
                0x00000000080060c0                APBPrescTable
 .rodata.aPLLMULFactorTable
                0x00000000080060c8       0x10 ./Drivers/STM32F3xx_HAL_Driver/Src/stm32f3xx_hal_rcc.o
 .rodata.aPredivFactorTable
                0x00000000080060d8       0x10 ./Drivers/STM32F3xx_HAL_Driver/Src/stm32f3xx_hal_rcc.o
                0x00000000080060e8                . = ALIGN (0x4)

.rel.dyn        0x00000000080060e8        0x0
 .rel.iplt      0x00000000080060e8        0x0 c:/st/stm32cubeide_1.9.0/stm32cubeide/plugins/com.st.stm32cube.ide.mcu.externaltools.gnu-tools-for-stm32.10.3-2021.10.win32_1.0.100.202210260954/tools/bin/../lib/gcc/arm-none-eabi/10.3.1/thumb/v7e-m+fp/hard/crtbegin.o

.ARM.extab      0x00000000080060e8        0x0
                0x00000000080060e8                . = ALIGN (0x4)
 *(.ARM.extab* .gnu.linkonce.armextab.*)
                0x00000000080060e8                . = ALIGN (0x4)

.ARM            0x00000000080060e8        0x0
                0x00000000080060e8                . = ALIGN (0x4)
                0x00000000080060e8                __exidx_start = .
 *(.ARM.exidx*)
                0x00000000080060e8                __exidx_end = .
                0x00000000080060e8                . = ALIGN (0x4)

.preinit_array  0x00000000080060e8        0x0
                0x00000000080060e8                . = ALIGN (0x4)
                0x00000000080060e8                PROVIDE (__preinit_array_start = .)
 *(.preinit_array*)
                0x00000000080060e8                PROVIDE (__preinit_array_end = .)
                0x00000000080060e8                . = ALIGN (0x4)

.init_array     0x00000000080060e8        0x4
                0x00000000080060e8                . = ALIGN (0x4)
                0x00000000080060e8                PROVIDE (__init_array_start = .)
 *(SORT_BY_NAME(.init_array.*))
 *(.init_array*)
 .init_array    0x00000000080060e8        0x4 c:/st/stm32cubeide_1.9.0/stm32cubeide/plugins/com.st.stm32cube.ide.mcu.externaltools.gnu-tools-for-stm32.10.3-2021.10.win32_1.0.100.202210260954/tools/bin/../lib/gcc/arm-none-eabi/10.3.1/thumb/v7e-m+fp/hard/crtbegin.o
                0x00000000080060ec                PROVIDE (__init_array_end = .)
                0x00000000080060ec                . = ALIGN (0x4)

.fini_array     0x00000000080060ec        0x4
                0x00000000080060ec                . = ALIGN (0x4)
                [!provide]                        PROVIDE (__fini_array_start = .)
 *(SORT_BY_NAME(.fini_array.*))
 *(.fini_array*)
 .fini_array    0x00000000080060ec        0x4 c:/st/stm32cubeide_1.9.0/stm32cubeide/plugins/com.st.stm32cube.ide.mcu.externaltools.gnu-tools-for-stm32.10.3-2021.10.win32_1.0.100.202210260954/tools/bin/../lib/gcc/arm-none-eabi/10.3.1/thumb/v7e-m+fp/hard/crtbegin.o
                [!provide]                        PROVIDE (__fini_array_end = .)
                0x00000000080060f0                . = ALIGN (0x4)
                0x00000000080060f0                _sidata = LOADADDR (.data)

.data           0x0000000020000000       0x10 load address 0x00000000080060f0
                0x0000000020000000                . = ALIGN (0x4)
                0x0000000020000000                _sdata = .
 *(.data)
 *(.data*)
 .data.SystemCoreClock
                0x0000000020000000        0x4 ./Core/Src/system_stm32f3xx.o
                0x0000000020000000                SystemCoreClock
 .data.uwTickPrio
                0x0000000020000004        0x4 ./Drivers/STM32F3xx_HAL_Driver/Src/stm32f3xx_hal.o
                0x0000000020000004                uwTickPrio
 .data.uwTickFreq
                0x0000000020000008        0x1 ./Drivers/STM32F3xx_HAL_Driver/Src/stm32f3xx_hal.o
                0x0000000020000008                uwTickFreq
 *fill*         0x0000000020000009        0x3 
 .data.uxCriticalNesting
                0x000000002000000c        0x4 ./Middlewares/Third_Party/FreeRTOS/Source/portable/GCC/ARM_CM4F/port.o
 *(.RamFunc)
 *(.RamFunc*)
                0x0000000020000010                . = ALIGN (0x4)
                0x0000000020000010                _edata = .
                0x0000000008006100                _siccmram = LOADADDR (.ccmram)

.igot.plt       0x0000000020000010        0x0 load address 0x0000000008006100
 .igot.plt      0x0000000020000010        0x0 c:/st/stm32cubeide_1.9.0/stm32cubeide/plugins/com.st.stm32cube.ide.mcu.externaltools.gnu-tools-for-stm32.10.3-2021.10.win32_1.0.100.202210260954/tools/bin/../lib/gcc/arm-none-eabi/10.3.1/thumb/v7e-m+fp/hard/crtbegin.o

.ccmram         0x0000000010000000        0x0 load address 0x0000000008006100
                0x0000000010000000                . = ALIGN (0x4)
                0x0000000010000000                _sccmram = .
 *(.ccmram)
 *(.ccmram*)
                0x0000000010000000                . = ALIGN (0x4)
                0x0000000010000000                _eccmram = .
                0x0000000010000000                . = ALIGN (0x4)

.bss            0x0000000020000010     0x1a6c
                0x0000000020000010                _sbss = .
                0x0000000020000010                __bss_start__ = _sbss
 *(.bss)
 .bss           0x0000000020000010       0x1c c:/st/stm32cubeide_1.9.0/stm32cubeide/plugins/com.st.stm32cube.ide.mcu.externaltools.gnu-tools-for-stm32.10.3-2021.10.win32_1.0.100.202210260954/tools/bin/../lib/gcc/arm-none-eabi/10.3.1/thumb/v7e-m+fp/hard/crtbegin.o
 *(.bss*)
 .bss.huart2    0x000000002000002c       0x88 ./Core/Src/main.o
                0x000000002000002c                huart2
 .bss.Task1Profiler
                0x00000000200000b4        0x4 ./Core/Src/main.o
                0x00000000200000b4                Task1Profiler
 .bss.Task2Profiler
                0x00000000200000b8        0x4 ./Core/Src/main.o
                0x00000000200000b8                Task2Profiler
 .bss.Task3Profiler
                0x00000000200000bc        0x4 ./Core/Src/main.o
                0x00000000200000bc                Task3Profiler
 .bss.Task4Profiler
                0x00000000200000c0        0x4 ./Core/Src/main.o
                0x00000000200000c0                Task4Profiler
 .bss.mainTaskProfiler
                0x00000000200000c4        0x4 ./Core/Src/main.o
                0x00000000200000c4                mainTaskProfiler
 .bss.Task1_handle
                0x00000000200000c8        0x4 ./Core/Src/main.o
                0x00000000200000c8                Task1_handle
 .bss.Task2_handle
                0x00000000200000cc        0x4 ./Core/Src/main.o
                0x00000000200000cc                Task2_handle
 .bss.Task3_handle
                0x00000000200000d0        0x4 ./Core/Src/main.o
                0x00000000200000d0                Task3_handle
 .bss.Task4_handle
                0x00000000200000d4        0x4 ./Core/Src/main.o
                0x00000000200000d4                Task4_handle
 .bss.Task1_priority
                0x00000000200000d8        0x4 ./Core/Src/main.o
                0x00000000200000d8                Task1_priority
 .bss.Task2_priority
                0x00000000200000dc        0x4 ./Core/Src/main.o
                0x00000000200000dc                Task2_priority
 .bss.Task3_priority
                0x00000000200000e0        0x4 ./Core/Src/main.o
                0x00000000200000e0                Task3_priority
 .bss.Task4_priority
                0x00000000200000e4        0x4 ./Core/Src/main.o
                0x00000000200000e4                Task4_priority
 .bss.htim1     0x00000000200000e8       0x4c ./Core/Src/stm32f3xx_hal_timebase_tim.o
                0x00000000200000e8                htim1
 .bss.uwTick    0x0000000020000134        0x4 ./Drivers/STM32F3xx_HAL_Driver/Src/stm32f3xx_hal.o
                0x0000000020000134                uwTick
 .bss.Idle_TCB  0x0000000020000138       0x5c ./Middlewares/Third_Party/FreeRTOS/Source/CMSIS_RTOS_V2/cmsis_os2.o
 .bss.Idle_Stack
                0x0000000020000194      0x200 ./Middlewares/Third_Party/FreeRTOS/Source/CMSIS_RTOS_V2/cmsis_os2.o
 .bss.Timer_TCB
                0x0000000020000394       0x5c ./Middlewares/Third_Party/FreeRTOS/Source/CMSIS_RTOS_V2/cmsis_os2.o
 .bss.Timer_Stack
                0x00000000200003f0      0x400 ./Middlewares/Third_Party/FreeRTOS/Source/CMSIS_RTOS_V2/cmsis_os2.o
 .bss.xQueueRegistry
                0x00000000200007f0       0x40 ./Middlewares/Third_Party/FreeRTOS/Source/queue.o
                0x00000000200007f0                xQueueRegistry
 .bss.pxCurrentTCB
                0x0000000020000830        0x4 ./Middlewares/Third_Party/FreeRTOS/Source/tasks.o
                0x0000000020000830                pxCurrentTCB
 .bss.pxReadyTasksLists
                0x0000000020000834      0x460 ./Middlewares/Third_Party/FreeRTOS/Source/tasks.o
 .bss.xDelayedTaskList1
                0x0000000020000c94       0x14 ./Middlewares/Third_Party/FreeRTOS/Source/tasks.o
 .bss.xDelayedTaskList2
                0x0000000020000ca8       0x14 ./Middlewares/Third_Party/FreeRTOS/Source/tasks.o
 .bss.pxDelayedTaskList
                0x0000000020000cbc        0x4 ./Middlewares/Third_Party/FreeRTOS/Source/tasks.o
 .bss.pxOverflowDelayedTaskList
                0x0000000020000cc0        0x4 ./Middlewares/Third_Party/FreeRTOS/Source/tasks.o
 .bss.xPendingReadyList
                0x0000000020000cc4       0x14 ./Middlewares/Third_Party/FreeRTOS/Source/tasks.o
 .bss.xTasksWaitingTermination
                0x0000000020000cd8       0x14 ./Middlewares/Third_Party/FreeRTOS/Source/tasks.o
 .bss.uxDeletedTasksWaitingCleanUp
                0x0000000020000cec        0x4 ./Middlewares/Third_Party/FreeRTOS/Source/tasks.o
 .bss.xSuspendedTaskList
                0x0000000020000cf0       0x14 ./Middlewares/Third_Party/FreeRTOS/Source/tasks.o
 .bss.uxCurrentNumberOfTasks
                0x0000000020000d04        0x4 ./Middlewares/Third_Party/FreeRTOS/Source/tasks.o
 .bss.xTickCount
                0x0000000020000d08        0x4 ./Middlewares/Third_Party/FreeRTOS/Source/tasks.o
 .bss.uxTopReadyPriority
                0x0000000020000d0c        0x4 ./Middlewares/Third_Party/FreeRTOS/Source/tasks.o
 .bss.xSchedulerRunning
                0x0000000020000d10        0x4 ./Middlewares/Third_Party/FreeRTOS/Source/tasks.o
 .bss.uxPendedTicks
                0x0000000020000d14        0x4 ./Middlewares/Third_Party/FreeRTOS/Source/tasks.o
 .bss.xYieldPending
                0x0000000020000d18        0x4 ./Middlewares/Third_Party/FreeRTOS/Source/tasks.o
 .bss.xNumOfOverflows
                0x0000000020000d1c        0x4 ./Middlewares/Third_Party/FreeRTOS/Source/tasks.o
 .bss.uxTaskNumber
                0x0000000020000d20        0x4 ./Middlewares/Third_Party/FreeRTOS/Source/tasks.o
 .bss.xNextTaskUnblockTime
                0x0000000020000d24        0x4 ./Middlewares/Third_Party/FreeRTOS/Source/tasks.o
 .bss.xIdleTaskHandle
                0x0000000020000d28        0x4 ./Middlewares/Third_Party/FreeRTOS/Source/tasks.o
 .bss.uxSchedulerSuspended
                0x0000000020000d2c        0x4 ./Middlewares/Third_Party/FreeRTOS/Source/tasks.o
 .bss.xActiveTimerList1
                0x0000000020000d30       0x14 ./Middlewares/Third_Party/FreeRTOS/Source/timers.o
 .bss.xActiveTimerList2
                0x0000000020000d44       0x14 ./Middlewares/Third_Party/FreeRTOS/Source/timers.o
 .bss.pxCurrentTimerList
                0x0000000020000d58        0x4 ./Middlewares/Third_Party/FreeRTOS/Source/timers.o
 .bss.pxOverflowTimerList
                0x0000000020000d5c        0x4 ./Middlewares/Third_Party/FreeRTOS/Source/timers.o
 .bss.xTimerQueue
                0x0000000020000d60        0x4 ./Middlewares/Third_Party/FreeRTOS/Source/timers.o
 .bss.xTimerTaskHandle
                0x0000000020000d64        0x4 ./Middlewares/Third_Party/FreeRTOS/Source/timers.o
 .bss.xLastTime.2
                0x0000000020000d68        0x4 ./Middlewares/Third_Party/FreeRTOS/Source/timers.o
 .bss.ucStaticTimerQueueStorage.1
                0x0000000020000d6c       0xa0 ./Middlewares/Third_Party/FreeRTOS/Source/timers.o
 .bss.xStaticTimerQueue.0
                0x0000000020000e0c       0x50 ./Middlewares/Third_Party/FreeRTOS/Source/timers.o
 .bss.ucMaxSysCallPriority
                0x0000000020000e5c        0x1 ./Middlewares/Third_Party/FreeRTOS/Source/portable/GCC/ARM_CM4F/port.o
 *fill*         0x0000000020000e5d        0x3 
 .bss.ulMaxPRIGROUPValue
                0x0000000020000e60        0x4 ./Middlewares/Third_Party/FreeRTOS/Source/portable/GCC/ARM_CM4F/port.o
 .bss.ucHeap    0x0000000020000e64      0xc00 ./Middlewares/Third_Party/FreeRTOS/Source/portable/MemMang/heap_4.o
 .bss.xStart    0x0000000020001a64        0x8 ./Middlewares/Third_Party/FreeRTOS/Source/portable/MemMang/heap_4.o
 .bss.pxEnd     0x0000000020001a6c        0x4 ./Middlewares/Third_Party/FreeRTOS/Source/portable/MemMang/heap_4.o
 .bss.xFreeBytesRemaining
                0x0000000020001a70        0x4 ./Middlewares/Third_Party/FreeRTOS/Source/portable/MemMang/heap_4.o
 .bss.xMinimumEverFreeBytesRemaining
                0x0000000020001a74        0x4 ./Middlewares/Third_Party/FreeRTOS/Source/portable/MemMang/heap_4.o
 .bss.xBlockAllocatedBit
                0x0000000020001a78        0x4 ./Middlewares/Third_Party/FreeRTOS/Source/portable/MemMang/heap_4.o
 *(COMMON)
                0x0000000020001a7c                . = ALIGN (0x4)
                0x0000000020001a7c                _ebss = .
                0x0000000020001a7c                __bss_end__ = _ebss

._user_heap_stack
                0x0000000020001a7c      0x604
                0x0000000020001a80                . = ALIGN (0x8)
 *fill*         0x0000000020001a7c        0x4 
                [!provide]                        PROVIDE (end = .)
                0x0000000020001a80                PROVIDE (_end = .)
                0x0000000020001c80                . = (. + _Min_Heap_Size)
 *fill*         0x0000000020001a80      0x200 
                0x0000000020002080                . = (. + _Min_Stack_Size)
 *fill*         0x0000000020001c80      0x400 
                0x0000000020002080                . = ALIGN (0x8)

/DISCARD/
 libc.a(*)
 libm.a(*)
 libgcc.a(*)

.ARM.attributes
                0x0000000000000000       0x30
 *(.ARM.attributes)
 .ARM.attributes
                0x0000000000000000       0x1e c:/st/stm32cubeide_1.9.0/stm32cubeide/plugins/com.st.stm32cube.ide.mcu.externaltools.gnu-tools-for-stm32.10.3-2021.10.win32_1.0.100.202210260954/tools/bin/../lib/gcc/arm-none-eabi/10.3.1/thumb/v7e-m+fp/hard/crti.o
 .ARM.attributes
                0x000000000000001e       0x34 c:/st/stm32cubeide_1.9.0/stm32cubeide/plugins/com.st.stm32cube.ide.mcu.externaltools.gnu-tools-for-stm32.10.3-2021.10.win32_1.0.100.202210260954/tools/bin/../lib/gcc/arm-none-eabi/10.3.1/thumb/v7e-m+fp/hard/crtbegin.o
 .ARM.attributes
                0x0000000000000052       0x34 ./Core/Src/main.o
 .ARM.attributes
                0x0000000000000086       0x34 ./Core/Src/stm32f3xx_hal_msp.o
 .ARM.attributes
                0x00000000000000ba       0x34 ./Core/Src/stm32f3xx_hal_timebase_tim.o
 .ARM.attributes
                0x00000000000000ee       0x34 ./Core/Src/stm32f3xx_it.o
 .ARM.attributes
                0x0000000000000122       0x34 ./Core/Src/system_stm32f3xx.o
 .ARM.attributes
                0x0000000000000156       0x21 ./Core/Startup/startup_stm32f303vctx.o
 .ARM.attributes
                0x0000000000000177       0x34 ./Drivers/STM32F3xx_HAL_Driver/Src/stm32f3xx_hal.o
 .ARM.attributes
                0x00000000000001ab       0x34 ./Drivers/STM32F3xx_HAL_Driver/Src/stm32f3xx_hal_cortex.o
 .ARM.attributes
                0x00000000000001df       0x34 ./Drivers/STM32F3xx_HAL_Driver/Src/stm32f3xx_hal_gpio.o
 .ARM.attributes
                0x0000000000000213       0x34 ./Drivers/STM32F3xx_HAL_Driver/Src/stm32f3xx_hal_rcc.o
 .ARM.attributes
                0x0000000000000247       0x34 ./Drivers/STM32F3xx_HAL_Driver/Src/stm32f3xx_hal_rcc_ex.o
 .ARM.attributes
                0x000000000000027b       0x34 ./Drivers/STM32F3xx_HAL_Driver/Src/stm32f3xx_hal_tim.o
 .ARM.attributes
                0x00000000000002af       0x34 ./Drivers/STM32F3xx_HAL_Driver/Src/stm32f3xx_hal_tim_ex.o
 .ARM.attributes
                0x00000000000002e3       0x34 ./Drivers/STM32F3xx_HAL_Driver/Src/stm32f3xx_hal_uart.o
 .ARM.attributes
                0x0000000000000317       0x34 ./Middlewares/Third_Party/FreeRTOS/Source/CMSIS_RTOS_V2/cmsis_os2.o
 .ARM.attributes
                0x000000000000034b       0x34 ./Middlewares/Third_Party/FreeRTOS/Source/list.o
 .ARM.attributes
                0x000000000000037f       0x34 ./Middlewares/Third_Party/FreeRTOS/Source/queue.o
 .ARM.attributes
                0x00000000000003b3       0x34 ./Middlewares/Third_Party/FreeRTOS/Source/tasks.o
 .ARM.attributes
                0x00000000000003e7       0x34 ./Middlewares/Third_Party/FreeRTOS/Source/timers.o
 .ARM.attributes
                0x000000000000041b       0x34 ./Middlewares/Third_Party/FreeRTOS/Source/portable/GCC/ARM_CM4F/port.o
 .ARM.attributes
                0x000000000000044f       0x34 ./Middlewares/Third_Party/FreeRTOS/Source/portable/MemMang/heap_4.o
 .ARM.attributes
                0x0000000000000483       0x34 c:/st/stm32cubeide_1.9.0/stm32cubeide/plugins/com.st.stm32cube.ide.mcu.externaltools.gnu-tools-for-stm32.10.3-2021.10.win32_1.0.100.202210260954/tools/bin/../lib/gcc/arm-none-eabi/10.3.1/../../../../arm-none-eabi/lib/thumb/v7e-m+fp/hard\libc_nano.a(lib_a-init.o)
 .ARM.attributes
                0x00000000000004b7       0x34 c:/st/stm32cubeide_1.9.0/stm32cubeide/plugins/com.st.stm32cube.ide.mcu.externaltools.gnu-tools-for-stm32.10.3-2021.10.win32_1.0.100.202210260954/tools/bin/../lib/gcc/arm-none-eabi/10.3.1/../../../../arm-none-eabi/lib/thumb/v7e-m+fp/hard\libc_nano.a(lib_a-memcpy-stub.o)
 .ARM.attributes
                0x00000000000004eb       0x34 c:/st/stm32cubeide_1.9.0/stm32cubeide/plugins/com.st.stm32cube.ide.mcu.externaltools.gnu-tools-for-stm32.10.3-2021.10.win32_1.0.100.202210260954/tools/bin/../lib/gcc/arm-none-eabi/10.3.1/../../../../arm-none-eabi/lib/thumb/v7e-m+fp/hard\libc_nano.a(lib_a-memset.o)
 .ARM.attributes
                0x000000000000051f       0x1e c:/st/stm32cubeide_1.9.0/stm32cubeide/plugins/com.st.stm32cube.ide.mcu.externaltools.gnu-tools-for-stm32.10.3-2021.10.win32_1.0.100.202210260954/tools/bin/../lib/gcc/arm-none-eabi/10.3.1/thumb/v7e-m+fp/hard/crtn.o
OUTPUT(Get_Task_Priority.elf elf32-littlearm)
LOAD linker stubs
LOAD c:/st/stm32cubeide_1.9.0/stm32cubeide/plugins/com.st.stm32cube.ide.mcu.externaltools.gnu-tools-for-stm32.10.3-2021.10.win32_1.0.100.202210260954/tools/bin/../lib/gcc/arm-none-eabi/10.3.1/../../../../arm-none-eabi/lib/thumb/v7e-m+fp/hard\libc.a
LOAD c:/st/stm32cubeide_1.9.0/stm32cubeide/plugins/com.st.stm32cube.ide.mcu.externaltools.gnu-tools-for-stm32.10.3-2021.10.win32_1.0.100.202210260954/tools/bin/../lib/gcc/arm-none-eabi/10.3.1/../../../../arm-none-eabi/lib/thumb/v7e-m+fp/hard\libm.a
LOAD c:/st/stm32cubeide_1.9.0/stm32cubeide/plugins/com.st.stm32cube.ide.mcu.externaltools.gnu-tools-for-stm32.10.3-2021.10.win32_1.0.100.202210260954/tools/bin/../lib/gcc/arm-none-eabi/10.3.1/thumb/v7e-m+fp/hard\libgcc.a

.debug_info     0x0000000000000000    0x186ae
 .debug_info    0x0000000000000000     0x1381 ./Core/Src/main.o
 .debug_info    0x0000000000001381      0xb50 ./Core/Src/stm32f3xx_hal_msp.o
 .debug_info    0x0000000000001ed1      0xaf0 ./Core/Src/stm32f3xx_hal_timebase_tim.o
 .debug_info    0x00000000000029c1      0x6f6 ./Core/Src/stm32f3xx_it.o
 .debug_info    0x00000000000030b7      0x416 ./Core/Src/system_stm32f3xx.o
 .debug_info    0x00000000000034cd       0x22 ./Core/Startup/startup_stm32f303vctx.o
 .debug_info    0x00000000000034ef      0x807 ./Drivers/STM32F3xx_HAL_Driver/Src/stm32f3xx_hal.o
 .debug_info    0x0000000000003cf6      0xd85 ./Drivers/STM32F3xx_HAL_Driver/Src/stm32f3xx_hal_cortex.o
 .debug_info    0x0000000000004a7b      0x68a ./Drivers/STM32F3xx_HAL_Driver/Src/stm32f3xx_hal_gpio.o
 .debug_info    0x0000000000005105     0x1585 ./Drivers/STM32F3xx_HAL_Driver/Src/stm32f3xx_hal_rcc.o
 .debug_info    0x000000000000668a      0x628 ./Drivers/STM32F3xx_HAL_Driver/Src/stm32f3xx_hal_rcc_ex.o
 .debug_info    0x0000000000006cb2     0x2cdb ./Drivers/STM32F3xx_HAL_Driver/Src/stm32f3xx_hal_tim.o
 .debug_info    0x000000000000998d     0x16a8 ./Drivers/STM32F3xx_HAL_Driver/Src/stm32f3xx_hal_tim_ex.o
 .debug_info    0x000000000000b035     0x3bf8 ./Drivers/STM32F3xx_HAL_Driver/Src/stm32f3xx_hal_uart.o
 .debug_info    0x000000000000ec2d     0x3bef ./Middlewares/Third_Party/FreeRTOS/Source/CMSIS_RTOS_V2/cmsis_os2.o
 .debug_info    0x000000000001281c      0x2cb ./Middlewares/Third_Party/FreeRTOS/Source/list.o
 .debug_info    0x0000000000012ae7     0x1bf9 ./Middlewares/Third_Party/FreeRTOS/Source/queue.o
 .debug_info    0x00000000000146e0     0x224a ./Middlewares/Third_Party/FreeRTOS/Source/tasks.o
 .debug_info    0x000000000001692a     0x1495 ./Middlewares/Third_Party/FreeRTOS/Source/timers.o
 .debug_info    0x0000000000017dbf      0x507 ./Middlewares/Third_Party/FreeRTOS/Source/portable/GCC/ARM_CM4F/port.o
 .debug_info    0x00000000000182c6      0x3e8 ./Middlewares/Third_Party/FreeRTOS/Source/portable/MemMang/heap_4.o

.debug_abbrev   0x0000000000000000     0x301c
 .debug_abbrev  0x0000000000000000      0x283 ./Core/Src/main.o
 .debug_abbrev  0x0000000000000283      0x1a4 ./Core/Src/stm32f3xx_hal_msp.o
 .debug_abbrev  0x0000000000000427      0x1e6 ./Core/Src/stm32f3xx_hal_timebase_tim.o
 .debug_abbrev  0x000000000000060d      0x171 ./Core/Src/stm32f3xx_it.o
 .debug_abbrev  0x000000000000077e      0x116 ./Core/Src/system_stm32f3xx.o
 .debug_abbrev  0x0000000000000894       0x12 ./Core/Startup/startup_stm32f303vctx.o
 .debug_abbrev  0x00000000000008a6      0x20e ./Drivers/STM32F3xx_HAL_Driver/Src/stm32f3xx_hal.o
 .debug_abbrev  0x0000000000000ab4      0x316 ./Drivers/STM32F3xx_HAL_Driver/Src/stm32f3xx_hal_cortex.o
 .debug_abbrev  0x0000000000000dca      0x1bb ./Drivers/STM32F3xx_HAL_Driver/Src/stm32f3xx_hal_gpio.o
 .debug_abbrev  0x0000000000000f85      0x2f9 ./Drivers/STM32F3xx_HAL_Driver/Src/stm32f3xx_hal_rcc.o
 .debug_abbrev  0x000000000000127e      0x240 ./Drivers/STM32F3xx_HAL_Driver/Src/stm32f3xx_hal_rcc_ex.o
 .debug_abbrev  0x00000000000014be      0x264 ./Drivers/STM32F3xx_HAL_Driver/Src/stm32f3xx_hal_tim.o
 .debug_abbrev  0x0000000000001722      0x26c ./Drivers/STM32F3xx_HAL_Driver/Src/stm32f3xx_hal_tim_ex.o
 .debug_abbrev  0x000000000000198e      0x2bc ./Drivers/STM32F3xx_HAL_Driver/Src/stm32f3xx_hal_uart.o
 .debug_abbrev  0x0000000000001c4a      0x414 ./Middlewares/Third_Party/FreeRTOS/Source/CMSIS_RTOS_V2/cmsis_os2.o
 .debug_abbrev  0x000000000000205e       0xf2 ./Middlewares/Third_Party/FreeRTOS/Source/list.o
 .debug_abbrev  0x0000000000002150      0x3ba ./Middlewares/Third_Party/FreeRTOS/Source/queue.o
 .debug_abbrev  0x000000000000250a      0x37d ./Middlewares/Third_Party/FreeRTOS/Source/tasks.o
 .debug_abbrev  0x0000000000002887      0x33d ./Middlewares/Third_Party/FreeRTOS/Source/timers.o
 .debug_abbrev  0x0000000000002bc4      0x259 ./Middlewares/Third_Party/FreeRTOS/Source/portable/GCC/ARM_CM4F/port.o
 .debug_abbrev  0x0000000000002e1d      0x1ff ./Middlewares/Third_Party/FreeRTOS/Source/portable/MemMang/heap_4.o

.debug_aranges  0x0000000000000000     0x1360
 .debug_aranges
                0x0000000000000000       0x68 ./Core/Src/main.o
 .debug_aranges
                0x0000000000000068       0x30 ./Core/Src/stm32f3xx_hal_msp.o
 .debug_aranges
                0x0000000000000098       0x30 ./Core/Src/stm32f3xx_hal_timebase_tim.o
 .debug_aranges
                0x00000000000000c8       0x50 ./Core/Src/stm32f3xx_it.o
 .debug_aranges
                0x0000000000000118       0x28 ./Core/Src/system_stm32f3xx.o
 .debug_aranges
                0x0000000000000140       0x28 ./Core/Startup/startup_stm32f303vctx.o
 .debug_aranges
                0x0000000000000168       0xe0 ./Drivers/STM32F3xx_HAL_Driver/Src/stm32f3xx_hal.o
 .debug_aranges
                0x0000000000000248      0x118 ./Drivers/STM32F3xx_HAL_Driver/Src/stm32f3xx_hal_cortex.o
 .debug_aranges
                0x0000000000000360       0x58 ./Drivers/STM32F3xx_HAL_Driver/Src/stm32f3xx_hal_gpio.o
 .debug_aranges
                0x00000000000003b8       0x88 ./Drivers/STM32F3xx_HAL_Driver/Src/stm32f3xx_hal_rcc.o
 .debug_aranges
                0x0000000000000440       0x38 ./Drivers/STM32F3xx_HAL_Driver/Src/stm32f3xx_hal_rcc_ex.o
 .debug_aranges
                0x0000000000000478      0x3e0 ./Drivers/STM32F3xx_HAL_Driver/Src/stm32f3xx_hal_tim.o
 .debug_aranges
                0x0000000000000858      0x178 ./Drivers/STM32F3xx_HAL_Driver/Src/stm32f3xx_hal_tim_ex.o
 .debug_aranges
                0x00000000000009d0      0x228 ./Drivers/STM32F3xx_HAL_Driver/Src/stm32f3xx_hal_uart.o
 .debug_aranges
                0x0000000000000bf8      0x228 ./Middlewares/Third_Party/FreeRTOS/Source/CMSIS_RTOS_V2/cmsis_os2.o
 .debug_aranges
                0x0000000000000e20       0x40 ./Middlewares/Third_Party/FreeRTOS/Source/list.o
 .debug_aranges
                0x0000000000000e60      0x158 ./Middlewares/Third_Party/FreeRTOS/Source/queue.o
 .debug_aranges
                0x0000000000000fb8      0x1f8 ./Middlewares/Third_Party/FreeRTOS/Source/tasks.o
 .debug_aranges
                0x00000000000011b0       0xe0 ./Middlewares/Third_Party/FreeRTOS/Source/timers.o
 .debug_aranges
                0x0000000000001290       0x80 ./Middlewares/Third_Party/FreeRTOS/Source/portable/GCC/ARM_CM4F/port.o
 .debug_aranges
                0x0000000000001310       0x50 ./Middlewares/Third_Party/FreeRTOS/Source/portable/MemMang/heap_4.o

.debug_ranges   0x0000000000000000     0x1248
 .debug_ranges  0x0000000000000000       0x58 ./Core/Src/main.o
 .debug_ranges  0x0000000000000058       0x20 ./Core/Src/stm32f3xx_hal_msp.o
 .debug_ranges  0x0000000000000078       0x20 ./Core/Src/stm32f3xx_hal_timebase_tim.o
 .debug_ranges  0x0000000000000098       0x40 ./Core/Src/stm32f3xx_it.o
 .debug_ranges  0x00000000000000d8       0x18 ./Core/Src/system_stm32f3xx.o
 .debug_ranges  0x00000000000000f0       0x20 ./Core/Startup/startup_stm32f303vctx.o
 .debug_ranges  0x0000000000000110       0xd0 ./Drivers/STM32F3xx_HAL_Driver/Src/stm32f3xx_hal.o
 .debug_ranges  0x00000000000001e0      0x108 ./Drivers/STM32F3xx_HAL_Driver/Src/stm32f3xx_hal_cortex.o
 .debug_ranges  0x00000000000002e8       0x48 ./Drivers/STM32F3xx_HAL_Driver/Src/stm32f3xx_hal_gpio.o
 .debug_ranges  0x0000000000000330       0x78 ./Drivers/STM32F3xx_HAL_Driver/Src/stm32f3xx_hal_rcc.o
 .debug_ranges  0x00000000000003a8       0x28 ./Drivers/STM32F3xx_HAL_Driver/Src/stm32f3xx_hal_rcc_ex.o
 .debug_ranges  0x00000000000003d0      0x3d0 ./Drivers/STM32F3xx_HAL_Driver/Src/stm32f3xx_hal_tim.o
 .debug_ranges  0x00000000000007a0      0x168 ./Drivers/STM32F3xx_HAL_Driver/Src/stm32f3xx_hal_tim_ex.o
 .debug_ranges  0x0000000000000908      0x248 ./Drivers/STM32F3xx_HAL_Driver/Src/stm32f3xx_hal_uart.o
 .debug_ranges  0x0000000000000b50      0x218 ./Middlewares/Third_Party/FreeRTOS/Source/CMSIS_RTOS_V2/cmsis_os2.o
 .debug_ranges  0x0000000000000d68       0x30 ./Middlewares/Third_Party/FreeRTOS/Source/list.o
 .debug_ranges  0x0000000000000d98      0x148 ./Middlewares/Third_Party/FreeRTOS/Source/queue.o
 .debug_ranges  0x0000000000000ee0      0x1e8 ./Middlewares/Third_Party/FreeRTOS/Source/tasks.o
 .debug_ranges  0x00000000000010c8       0xd0 ./Middlewares/Third_Party/FreeRTOS/Source/timers.o
 .debug_ranges  0x0000000000001198       0x70 ./Middlewares/Third_Party/FreeRTOS/Source/portable/GCC/ARM_CM4F/port.o
 .debug_ranges  0x0000000000001208       0x40 ./Middlewares/Third_Party/FreeRTOS/Source/portable/MemMang/heap_4.o

.debug_macro    0x0000000000000000     0x2c4e
 .debug_macro   0x0000000000000000      0x271 ./Core/Src/main.o
 .debug_macro   0x0000000000000271       0x5b ./Core/Src/main.o
 .debug_macro   0x00000000000002cc       0x74 ./Core/Src/main.o
 .debug_macro   0x0000000000000340      0x122 ./Core/Src/main.o
 .debug_macro   0x0000000000000462       0xdd ./Core/Src/main.o
 .debug_macro   0x000000000000053f      0x1e6 ./Core/Src/stm32f3xx_hal_msp.o
 .debug_macro   0x0000000000000725      0x1d7 ./Core/Src/stm32f3xx_hal_timebase_tim.o
 .debug_macro   0x00000000000008fc      0x1f0 ./Core/Src/stm32f3xx_it.o
 .debug_macro   0x0000000000000aec      0x1d7 ./Core/Src/system_stm32f3xx.o
 .debug_macro   0x0000000000000cc3      0x1fb ./Drivers/STM32F3xx_HAL_Driver/Src/stm32f3xx_hal.o
 .debug_macro   0x0000000000000ebe      0x1d7 ./Drivers/STM32F3xx_HAL_Driver/Src/stm32f3xx_hal_cortex.o
 .debug_macro   0x0000000000001095      0x1de ./Drivers/STM32F3xx_HAL_Driver/Src/stm32f3xx_hal_gpio.o
 .debug_macro   0x0000000000001273      0x1fb ./Drivers/STM32F3xx_HAL_Driver/Src/stm32f3xx_hal_rcc.o
 .debug_macro   0x000000000000146e      0x1d7 ./Drivers/STM32F3xx_HAL_Driver/Src/stm32f3xx_hal_rcc_ex.o
 .debug_macro   0x0000000000001645      0x1d8 ./Drivers/STM32F3xx_HAL_Driver/Src/stm32f3xx_hal_tim.o
 .debug_macro   0x000000000000181d      0x1d7 ./Drivers/STM32F3xx_HAL_Driver/Src/stm32f3xx_hal_tim_ex.o
 .debug_macro   0x00000000000019f4      0x1f4 ./Drivers/STM32F3xx_HAL_Driver/Src/stm32f3xx_hal_uart.o
 .debug_macro   0x0000000000001be8      0x247 ./Middlewares/Third_Party/FreeRTOS/Source/CMSIS_RTOS_V2/cmsis_os2.o
 .debug_macro   0x0000000000001e2f       0x10 ./Middlewares/Third_Party/FreeRTOS/Source/CMSIS_RTOS_V2/cmsis_os2.o
 .debug_macro   0x0000000000001e3f       0x20 ./Middlewares/Third_Party/FreeRTOS/Source/CMSIS_RTOS_V2/cmsis_os2.o
 .debug_macro   0x0000000000001e5f       0x10 ./Middlewares/Third_Party/FreeRTOS/Source/CMSIS_RTOS_V2/cmsis_os2.o
 .debug_macro   0x0000000000001e6f       0xd3 ./Middlewares/Third_Party/FreeRTOS/Source/CMSIS_RTOS_V2/cmsis_os2.o
 .debug_macro   0x0000000000001f42       0x91 ./Middlewares/Third_Party/FreeRTOS/Source/CMSIS_RTOS_V2/cmsis_os2.o
 .debug_macro   0x0000000000001fd3       0x8d ./Middlewares/Third_Party/FreeRTOS/Source/CMSIS_RTOS_V2/cmsis_os2.o
 .debug_macro   0x0000000000002060       0x9a ./Middlewares/Third_Party/FreeRTOS/Source/CMSIS_RTOS_V2/cmsis_os2.o
 .debug_macro   0x00000000000020fa      0x187 ./Middlewares/Third_Party/FreeRTOS/Source/list.o
 .debug_macro   0x0000000000002281      0x212 ./Middlewares/Third_Party/FreeRTOS/Source/queue.o
 .debug_macro   0x0000000000002493       0x16 ./Middlewares/Third_Party/FreeRTOS/Source/queue.o
 .debug_macro   0x00000000000024a9      0x287 ./Middlewares/Third_Party/FreeRTOS/Source/tasks.o
 .debug_macro   0x0000000000002730       0x10 ./Middlewares/Third_Party/FreeRTOS/Source/tasks.o
 .debug_macro   0x0000000000002740      0x1ca ./Middlewares/Third_Party/FreeRTOS/Source/timers.o
 .debug_macro   0x000000000000290a      0x196 ./Middlewares/Third_Party/FreeRTOS/Source/portable/GCC/ARM_CM4F/port.o
 .debug_macro   0x0000000000002aa0      0x1ae ./Middlewares/Third_Party/FreeRTOS/Source/portable/MemMang/heap_4.o

.debug_line     0x0000000000000000    0x16e47
 .debug_line    0x0000000000000000      0xa92 ./Core/Src/main.o
 .debug_line    0x0000000000000a92      0x738 ./Core/Src/stm32f3xx_hal_msp.o
 .debug_line    0x00000000000011ca      0x756 ./Core/Src/stm32f3xx_hal_timebase_tim.o
 .debug_line    0x0000000000001920      0x787 ./Core/Src/stm32f3xx_it.o
 .debug_line    0x00000000000020a7      0x761 ./Core/Src/system_stm32f3xx.o
 .debug_line    0x0000000000002808       0x88 ./Core/Startup/startup_stm32f303vctx.o
 .debug_line    0x0000000000002890      0x996 ./Drivers/STM32F3xx_HAL_Driver/Src/stm32f3xx_hal.o
 .debug_line    0x0000000000003226      0xc5b ./Drivers/STM32F3xx_HAL_Driver/Src/stm32f3xx_hal_cortex.o
 .debug_line    0x0000000000003e81      0xaf5 ./Drivers/STM32F3xx_HAL_Driver/Src/stm32f3xx_hal_gpio.o
 .debug_line    0x0000000000004976     0x1373 ./Drivers/STM32F3xx_HAL_Driver/Src/stm32f3xx_hal_rcc.o
 .debug_line    0x0000000000005ce9      0xcff ./Drivers/STM32F3xx_HAL_Driver/Src/stm32f3xx_hal_rcc_ex.o
 .debug_line    0x00000000000069e8     0x3cfa ./Drivers/STM32F3xx_HAL_Driver/Src/stm32f3xx_hal_tim.o
 .debug_line    0x000000000000a6e2     0x1a7d ./Drivers/STM32F3xx_HAL_Driver/Src/stm32f3xx_hal_tim_ex.o
 .debug_line    0x000000000000c15f     0x30b2 ./Drivers/STM32F3xx_HAL_Driver/Src/stm32f3xx_hal_uart.o
 .debug_line    0x000000000000f211     0x2452 ./Middlewares/Third_Party/FreeRTOS/Source/CMSIS_RTOS_V2/cmsis_os2.o
 .debug_line    0x0000000000011663      0x702 ./Middlewares/Third_Party/FreeRTOS/Source/list.o
 .debug_line    0x0000000000011d65     0x16c5 ./Middlewares/Third_Party/FreeRTOS/Source/queue.o
 .debug_line    0x000000000001342a     0x1d1c ./Middlewares/Third_Party/FreeRTOS/Source/tasks.o
 .debug_line    0x0000000000015146      0xc95 ./Middlewares/Third_Party/FreeRTOS/Source/timers.o
 .debug_line    0x0000000000015ddb      0x7a8 ./Middlewares/Third_Party/FreeRTOS/Source/portable/GCC/ARM_CM4F/port.o
 .debug_line    0x0000000000016583      0x8c4 ./Middlewares/Third_Party/FreeRTOS/Source/portable/MemMang/heap_4.o

.debug_str      0x0000000000000000    0xc0430
 .debug_str     0x0000000000000000    0xb4ca7 ./Core/Src/main.o
                                      0xb5457 (size before relaxing)
 .debug_str     0x00000000000b4ca7      0x3fc ./Core/Src/stm32f3xx_hal_msp.o
                                      0xb0c93 (size before relaxing)
 .debug_str     0x00000000000b50a3      0x10a ./Core/Src/stm32f3xx_hal_timebase_tim.o
                                      0xb08ef (size before relaxing)
 .debug_str     0x00000000000b51ad       0xa5 ./Core/Src/stm32f3xx_it.o
                                      0xb088c (size before relaxing)
 .debug_str     0x00000000000b5252       0xe9 ./Core/Src/system_stm32f3xx.o
                                      0xafefd (size before relaxing)
 .debug_str     0x00000000000b533b       0x36 ./Core/Startup/startup_stm32f303vctx.o
                                         0x89 (size before relaxing)
 .debug_str     0x00000000000b5371      0x353 ./Drivers/STM32F3xx_HAL_Driver/Src/stm32f3xx_hal.o
                                      0xb073b (size before relaxing)
 .debug_str     0x00000000000b56c4      0x349 ./Drivers/STM32F3xx_HAL_Driver/Src/stm32f3xx_hal_cortex.o
                                      0xb078d (size before relaxing)
 .debug_str     0x00000000000b5a0d      0x12b ./Drivers/STM32F3xx_HAL_Driver/Src/stm32f3xx_hal_gpio.o
                                      0xb006a (size before relaxing)
 .debug_str     0x00000000000b5b38      0x29b ./Drivers/STM32F3xx_HAL_Driver/Src/stm32f3xx_hal_rcc.o
                                      0xb039d (size before relaxing)
 .debug_str     0x00000000000b5dd3       0xbe ./Drivers/STM32F3xx_HAL_Driver/Src/stm32f3xx_hal_rcc_ex.o
                                      0xb0161 (size before relaxing)
 .debug_str     0x00000000000b5e91      0xea6 ./Drivers/STM32F3xx_HAL_Driver/Src/stm32f3xx_hal_tim.o
                                      0xb1324 (size before relaxing)
 .debug_str     0x00000000000b6d37      0x561 ./Drivers/STM32F3xx_HAL_Driver/Src/stm32f3xx_hal_tim_ex.o
                                      0xb0b7a (size before relaxing)
 .debug_str     0x00000000000b7298      0x88e ./Drivers/STM32F3xx_HAL_Driver/Src/stm32f3xx_hal_uart.o
                                      0xb0c20 (size before relaxing)
 .debug_str     0x00000000000b7b26     0x5f16 ./Middlewares/Third_Party/FreeRTOS/Source/CMSIS_RTOS_V2/cmsis_os2.o
                                       0xe397 (size before relaxing)
 .debug_str     0x00000000000bda3c      0x21b ./Middlewares/Third_Party/FreeRTOS/Source/list.o
                                       0xa288 (size before relaxing)
 .debug_str     0x00000000000bdc57      0x86c ./Middlewares/Third_Party/FreeRTOS/Source/queue.o
                                       0xbc82 (size before relaxing)
 .debug_str     0x00000000000be4c3     0x109b ./Middlewares/Third_Party/FreeRTOS/Source/tasks.o
                                       0xc7e6 (size before relaxing)
 .debug_str     0x00000000000bf55e      0x515 ./Middlewares/Third_Party/FreeRTOS/Source/timers.o
                                       0xc157 (size before relaxing)
 .debug_str     0x00000000000bfa73      0x783 ./Middlewares/Third_Party/FreeRTOS/Source/portable/GCC/ARM_CM4F/port.o
                                       0x8125 (size before relaxing)
 .debug_str     0x00000000000c01f6      0x23a ./Middlewares/Third_Party/FreeRTOS/Source/portable/MemMang/heap_4.o
                                       0xa9d5 (size before relaxing)

.comment        0x0000000000000000       0x50
 .comment       0x0000000000000000       0x50 ./Core/Src/main.o
                                         0x51 (size before relaxing)
 .comment       0x0000000000000050       0x51 ./Core/Src/stm32f3xx_hal_msp.o
 .comment       0x0000000000000050       0x51 ./Core/Src/stm32f3xx_hal_timebase_tim.o
 .comment       0x0000000000000050       0x51 ./Core/Src/stm32f3xx_it.o
 .comment       0x0000000000000050       0x51 ./Core/Src/system_stm32f3xx.o
 .comment       0x0000000000000050       0x51 ./Drivers/STM32F3xx_HAL_Driver/Src/stm32f3xx_hal.o
 .comment       0x0000000000000050       0x51 ./Drivers/STM32F3xx_HAL_Driver/Src/stm32f3xx_hal_cortex.o
 .comment       0x0000000000000050       0x51 ./Drivers/STM32F3xx_HAL_Driver/Src/stm32f3xx_hal_gpio.o
 .comment       0x0000000000000050       0x51 ./Drivers/STM32F3xx_HAL_Driver/Src/stm32f3xx_hal_rcc.o
 .comment       0x0000000000000050       0x51 ./Drivers/STM32F3xx_HAL_Driver/Src/stm32f3xx_hal_rcc_ex.o
 .comment       0x0000000000000050       0x51 ./Drivers/STM32F3xx_HAL_Driver/Src/stm32f3xx_hal_tim.o
 .comment       0x0000000000000050       0x51 ./Drivers/STM32F3xx_HAL_Driver/Src/stm32f3xx_hal_tim_ex.o
 .comment       0x0000000000000050       0x51 ./Drivers/STM32F3xx_HAL_Driver/Src/stm32f3xx_hal_uart.o
 .comment       0x0000000000000050       0x51 ./Middlewares/Third_Party/FreeRTOS/Source/CMSIS_RTOS_V2/cmsis_os2.o
 .comment       0x0000000000000050       0x51 ./Middlewares/Third_Party/FreeRTOS/Source/list.o
 .comment       0x0000000000000050       0x51 ./Middlewares/Third_Party/FreeRTOS/Source/queue.o
 .comment       0x0000000000000050       0x51 ./Middlewares/Third_Party/FreeRTOS/Source/tasks.o
 .comment       0x0000000000000050       0x51 ./Middlewares/Third_Party/FreeRTOS/Source/timers.o
 .comment       0x0000000000000050       0x51 ./Middlewares/Third_Party/FreeRTOS/Source/portable/GCC/ARM_CM4F/port.o
 .comment       0x0000000000000050       0x51 ./Middlewares/Third_Party/FreeRTOS/Source/portable/MemMang/heap_4.o

.debug_frame    0x0000000000000000     0x518c
 .debug_frame   0x0000000000000000      0x154 ./Core/Src/main.o
 .debug_frame   0x0000000000000154       0x7c ./Core/Src/stm32f3xx_hal_msp.o
 .debug_frame   0x00000000000001d0       0x74 ./Core/Src/stm32f3xx_hal_timebase_tim.o
 .debug_frame   0x0000000000000244       0xc4 ./Core/Src/stm32f3xx_it.o
 .debug_frame   0x0000000000000308       0x58 ./Core/Src/system_stm32f3xx.o
 .debug_frame   0x0000000000000360      0x334 ./Drivers/STM32F3xx_HAL_Driver/Src/stm32f3xx_hal.o
 .debug_frame   0x0000000000000694      0x498 ./Drivers/STM32F3xx_HAL_Driver/Src/stm32f3xx_hal_cortex.o
 .debug_frame   0x0000000000000b2c      0x14c ./Drivers/STM32F3xx_HAL_Driver/Src/stm32f3xx_hal_gpio.o
 .debug_frame   0x0000000000000c78      0x214 ./Drivers/STM32F3xx_HAL_Driver/Src/stm32f3xx_hal_rcc.o
 .debug_frame   0x0000000000000e8c       0xb0 ./Drivers/STM32F3xx_HAL_Driver/Src/stm32f3xx_hal_rcc_ex.o
 .debug_frame   0x0000000000000f3c     0x121c ./Drivers/STM32F3xx_HAL_Driver/Src/stm32f3xx_hal_tim.o
 .debug_frame   0x0000000000002158      0x688 ./Drivers/STM32F3xx_HAL_Driver/Src/stm32f3xx_hal_tim_ex.o
 .debug_frame   0x00000000000027e0      0x9e8 ./Drivers/STM32F3xx_HAL_Driver/Src/stm32f3xx_hal_uart.o
 .debug_frame   0x00000000000031c8      0x980 ./Middlewares/Third_Party/FreeRTOS/Source/CMSIS_RTOS_V2/cmsis_os2.o
 .debug_frame   0x0000000000003b48       0xd8 ./Middlewares/Third_Party/FreeRTOS/Source/list.o
 .debug_frame   0x0000000000003c20      0x5ec ./Middlewares/Third_Party/FreeRTOS/Source/queue.o
 .debug_frame   0x000000000000420c      0x8a8 ./Middlewares/Third_Party/FreeRTOS/Source/tasks.o
 .debug_frame   0x0000000000004ab4      0x3b4 ./Middlewares/Third_Party/FreeRTOS/Source/timers.o
 .debug_frame   0x0000000000004e68      0x1a8 ./Middlewares/Third_Party/FreeRTOS/Source/portable/GCC/ARM_CM4F/port.o
 .debug_frame   0x0000000000005010      0x108 ./Middlewares/Third_Party/FreeRTOS/Source/portable/MemMang/heap_4.o
 .debug_frame   0x0000000000005118       0x2c c:/st/stm32cubeide_1.9.0/stm32cubeide/plugins/com.st.stm32cube.ide.mcu.externaltools.gnu-tools-for-stm32.10.3-2021.10.win32_1.0.100.202210260954/tools/bin/../lib/gcc/arm-none-eabi/10.3.1/../../../../arm-none-eabi/lib/thumb/v7e-m+fp/hard\libc_nano.a(lib_a-init.o)
 .debug_frame   0x0000000000005144       0x28 c:/st/stm32cubeide_1.9.0/stm32cubeide/plugins/com.st.stm32cube.ide.mcu.externaltools.gnu-tools-for-stm32.10.3-2021.10.win32_1.0.100.202210260954/tools/bin/../lib/gcc/arm-none-eabi/10.3.1/../../../../arm-none-eabi/lib/thumb/v7e-m+fp/hard\libc_nano.a(lib_a-memcpy-stub.o)
 .debug_frame   0x000000000000516c       0x20 c:/st/stm32cubeide_1.9.0/stm32cubeide/plugins/com.st.stm32cube.ide.mcu.externaltools.gnu-tools-for-stm32.10.3-2021.10.win32_1.0.100.202210260954/tools/bin/../lib/gcc/arm-none-eabi/10.3.1/../../../../arm-none-eabi/lib/thumb/v7e-m+fp/hard\libc_nano.a(lib_a-memset.o)
