02:27:26 **** Incremental Build of configuration Debug for project RTOS_1 ****
make -j16 all 
arm-none-eabi-gcc "../Core/Src/main.c" -mcpu=cortex-m4 -std=gnu11 -g3 -DDEBUG -DUSE_HAL_DRIVER -DSTM32F411xE -c -I../Core/Inc -I../Drivers/STM32F4xx_HAL_Driver/Inc -I../Drivers/STM32F4xx_HAL_Driver/Inc/Legacy -I../Drivers/CMSIS/Device/ST/STM32F4xx/Include -I../Drivers/CMSIS/Include -I../Middlewares/Third_Party/FreeRTOS/Source/include -I../Middlewares/Third_Party/FreeRTOS/Source/CMSIS_RTOS -I../Middlewares/Third_Party/FreeRTOS/Source/portable/GCC/ARM_CM4F -O0 -ffunction-sections -fdata-sections -Wall -fstack-usage -MMD -MP -MF"Core/Src/main.d" -MT"Core/Src/main.o" --specs=nano.specs -mfpu=fpv4-sp-d16 -mfloat-abi=hard -mthumb -o "Core/Src/main.o"
../Core/Src/main.c: In function 'send_deftask':
../Core/Src/main.c:76:9: warning: pointer targets in passing argument 1 of 'printf' differ in signedness [-Wpointer-sign]
   76 |  printf(data);
      |         ^~~~
      |         |
      |         uint8_t * {aka unsigned char *}
In file included from ../Core/Src/main.c:25:
c:\st\stm32cubeide_1.9.0\stm32cubeide\plugins\com.st.stm32cube.ide.mcu.externaltools.gnu-tools-for-stm32.10.3-2021.10.win32_1.0.100.202210260954\tools\arm-none-eabi\include\stdio.h:200:13: note: expected 'const char * restrict' but argument is of type 'uint8_t *' {aka 'unsigned char *'}
  200 | int printf (const char *__restrict, ...)
      |             ^
../Core/Src/main.c: In function 'send_task2':
../Core/Src/main.c:83:9: warning: pointer targets in passing argument 1 of 'printf' differ in signedness [-Wpointer-sign]
   83 |  printf(data);
      |         ^~~~
      |         |
      |         uint8_t * {aka unsigned char *}
In file included from ../Core/Src/main.c:25:
c:\st\stm32cubeide_1.9.0\stm32cubeide\plugins\com.st.stm32cube.ide.mcu.externaltools.gnu-tools-for-stm32.10.3-2021.10.win32_1.0.100.202210260954\tools\arm-none-eabi\include\stdio.h:200:13: note: expected 'const char * restrict' but argument is of type 'uint8_t *' {aka 'unsigned char *'}
  200 | int printf (const char *__restrict, ...)
      |             ^
../Core/Src/main.c: In function 'send_task3':
../Core/Src/main.c:90:9: warning: pointer targets in passing argument 1 of 'printf' differ in signedness [-Wpointer-sign]
   90 |  printf(data);
      |         ^~~~
      |         |
      |         uint8_t * {aka unsigned char *}
In file included from ../Core/Src/main.c:25:
c:\st\stm32cubeide_1.9.0\stm32cubeide\plugins\com.st.stm32cube.ide.mcu.externaltools.gnu-tools-for-stm32.10.3-2021.10.win32_1.0.100.202210260954\tools\arm-none-eabi\include\stdio.h:200:13: note: expected 'const char * restrict' but argument is of type 'uint8_t *' {aka 'unsigned char *'}
  200 | int printf (const char *__restrict, ...)
      |             ^
arm-none-eabi-gcc -o "RTOS_1.elf" @"objects.list"   -mcpu=cortex-m4 -T"C:\Users\XPS\Documents\My_lessons\STM32_Lesson\STM_IDE\RTOS_1\STM32F411RETX_FLASH.ld" --specs=nosys.specs -Wl,-Map="RTOS_1.map" -Wl,--gc-sections -static --specs=nano.specs -mfpu=fpv4-sp-d16 -mfloat-abi=hard -mthumb -Wl,--start-group -lc -lm -Wl,--end-group
Finished building target: RTOS_1.elf
 
arm-none-eabi-size   RTOS_1.elf 
arm-none-eabi-objdump -h -S  RTOS_1.elf  > "RTOS_1.list"
   text	   data	    bss	    dec	    hex	filename
  19848	    124	  18132	  38104	   94d8	RTOS_1.elf
Finished building: default.size.stdout
 
Finished building: RTOS_1.list
 
02:28:02 **** Incremental Build of configuration Debug for project RTOS_1 ****
make -j16 all 
arm-none-eabi-size   RTOS_1.elf 
   text	   data	    bss	    dec	    hex	filename
  19848	    124	  18132	  38104	   94d8	RTOS_1.elf
Finished building: default.size.stdout
 
